10-21 15:21:07.292 19247 19247 D Snap-Debug: Calls to checkObjectForPII :55700
10-21 15:21:07.297 19247 19247 D Snap-Debug: Calls to checkObjectForPII :55800
10-21 15:21:07.300 19247 19247 D Snap-Debug: Calls to checkObjectForPII :55900
10-21 15:21:07.304 19247 19247 D Snap-Debug: Calls to checkObjectForPII :56000
10-21 15:21:07.308 19247 19247 D Snap-Debug: Calls to checkObjectForPII :56100
10-21 15:21:07.312 19247 19247 D Snap-Debug: Calls to checkObjectForPII :56200
10-21 15:21:07.317 19247 19247 D Snap-Debug: Calls to checkObjectForPII :56300
10-21 15:21:07.328 19247 19247 D Snap-Debug: Calls to checkObjectForPII :56400
10-21 15:21:08.002 19247 19271 D Snapshot: InstrumentationReport(invocation_java_signature='<com.facebook.internal.AttributionIdentifiers: com.facebook.internal.AttributionIdentifiers getAttributionIdentifiers(android.content.Context)>', invoke_id=4483363, enclosing_method_name='getSessionEventsState', enclosing_class_name='Lcom/facebook/appevents/AppEventCollection;', is_arg_register=False, is_return_register=True, invocation_argument_register_index=-1, is_before_invoke=False, invocation_argument_register_name='v2', invocation_argument_register_type='Lcom/facebook/internal/AttributionIdentifiers;', is_static=True);[<com.facebook.internal.AttributionIdentifiers .>, <java.lang.String androidAdvertiserId>];b91481e8-4bfc-47ce-82b6-728c3f6bff60
10-21 15:21:08.354 19247 19247 D Snapshot: InstrumentationReport(invocation_java_signature='<java.lang.Object: java.lang.String toString()>', invoke_id=4505647, enclosing_method_name='validateLogin', enclosing_class_name='Lcom/onxmaps/onxmaps/account/login/LoginFragment;', is_arg_register=False, is_return_register=True, invocation_argument_register_index=-1, is_before_invoke=False, invocation_argument_register_name='v0', invocation_argument_register_type='Ljava/lang/String;', is_static=False);[<java.lang.String .>];tester.sefm@gmail.com
10-21 15:21:08.355 19247 19247 D Snapshot: InstrumentationReport(invocation_java_signature='<java.lang.CharSequence: java.lang.CharSequence subSequence(int,int)>', invoke_id=4567080, enclosing_method_name='trim', enclosing_class_name='Lkotlin/text/StringsKt__StringsKt;', is_arg_register=False, is_return_register=True, invocation_argument_register_index=-1, is_before_invoke=False, invocation_argument_register_name='p0', invocation_argument_register_type='Ljava/lang/CharSequence;', is_static=False);[<java.lang.String .>];tester.sefm@gmail.com
10-21 15:21:08.355  1465  1465 I GoogleInputMethodServic: GoogleInputMethodService.onFinishInputView():2393 
10-21 15:21:08.355 19247 19247 D Snapshot: InstrumentationReport(invocation_java_signature='<kotlin.text.StringsKt: java.lang.CharSequence trim(java.lang.CharSequence)>', invoke_id=4505649, enclosing_method_name='validateLogin', enclosing_class_name='Lcom/onxmaps/onxmaps/account/login/LoginFragment;', is_arg_register=False, is_return_register=True, invocation_argument_register_index=-1, is_before_invoke=False, invocation_argument_register_name='v0', invocation_argument_register_type='Ljava/lang/CharSequence;', is_static=True);[<java.lang.String .>];tester.sefm@gmail.com
10-21 15:21:08.356 19247 19247 D Snapshot: InstrumentationReport(invocation_java_signature='<java.lang.Object: java.lang.String toString()>', invoke_id=4505650, enclosing_method_name='validateLogin', enclosing_class_name='Lcom/onxmaps/onxmaps/account/login/LoginFragment;', is_arg_register=False, is_return_register=True, invocation_argument_register_index=-1, is_before_invoke=False, invocation_argument_register_name='v0', invocation_argument_register_type='Ljava/lang/String;', is_static=False);[<java.lang.String .>];tester.sefm@gmail.com
10-21 15:21:08.376 19247 19247 D Snapshot: InstrumentationReport(invocation_java_signature='<java.util.regex.Pattern: java.util.regex.Matcher matcher(java.lang.CharSequence)>', invoke_id=4505642, enclosing_method_name='validEmail', enclosing_class_name='Lcom/onxmaps/onxmaps/account/login/LoginFragment;', is_arg_register=False, is_return_register=True, invocation_argument_register_index=-1, is_before_invoke=False, invocation_argument_register_name='v0', invocation_argument_register_type='Ljava/util/regex/Matcher;', is_static=False);[<java.util.regex.Matcher .>, <java.lang.String input>];tester.sefm@gmail.com
10-21 15:21:08.377 19247 19247 D Snap-Debug: Calls to checkObjectForPII :56500
10-21 15:21:08.379 19247 19247 D Snapshot: InstrumentationReport(invocation_java_signature='<java.lang.Object: java.lang.String toString()>', invoke_id=4505423, enclosing_method_name='onClick', enclosing_class_name='Lcom/onxmaps/onxmaps/account/login/LoginFragment$onActivityCreated$1;', is_arg_register=False, is_return_register=True, invocation_argument_register_index=-1, is_before_invoke=False, invocation_argument_register_name='v0', invocation_argument_register_type='Ljava/lang/String;', is_static=False);[<java.lang.String .>];tester.sefm@gmail.com
10-21 15:21:08.380 19247 19247 D Snapshot: InstrumentationReport(invocation_java_signature='<java.lang.CharSequence: java.lang.CharSequence subSequence(int,int)>', invoke_id=4567080, enclosing_method_name='trim', enclosing_class_name='Lkotlin/text/StringsKt__StringsKt;', is_arg_register=False, is_return_register=True, invocation_argument_register_index=-1, is_before_invoke=False, invocation_argument_register_name='p0', invocation_argument_register_type='Ljava/lang/CharSequence;', is_static=False);[<java.lang.String .>];tester.sefm@gmail.com
10-21 15:21:08.380 19247 19247 D Snapshot: InstrumentationReport(invocation_java_signature='<kotlin.text.StringsKt: java.lang.CharSequence trim(java.lang.CharSequence)>', invoke_id=4505425, enclosing_method_name='onClick', enclosing_class_name='Lcom/onxmaps/onxmaps/account/login/LoginFragment$onActivityCreated$1;', is_arg_register=False, is_return_register=True, invocation_argument_register_index=-1, is_before_invoke=False, invocation_argument_register_name='v0', invocation_argument_register_type='Ljava/lang/CharSequence;', is_static=True);[<java.lang.String .>];tester.sefm@gmail.com
10-21 15:21:08.380 19247 19247 D Snapshot: InstrumentationReport(invocation_java_signature='<java.lang.Object: java.lang.String toString()>', invoke_id=4505426, enclosing_method_name='onClick', enclosing_class_name='Lcom/onxmaps/onxmaps/account/login/LoginFragment$onActivityCreated$1;', is_arg_register=False, is_return_register=True, invocation_argument_register_index=-1, is_before_invoke=False, invocation_argument_register_name='v0', invocation_argument_register_type='Ljava/lang/String;', is_static=False);[<java.lang.String .>];tester.sefm@gmail.com
10-21 15:21:08.383 19247 19247 D Snapshot: InstrumentationReport(invocation_java_signature='<com.google.gson.JsonObject: com.google.gson.JsonElement createJsonElement(java.lang.Object)>', invoke_id=4472374, enclosing_method_name='addProperty', enclosing_class_name='Lcom/google/gson/JsonObject;', is_arg_register=False, is_return_register=True, invocation_argument_register_index=-1, is_before_invoke=False, invocation_argument_register_name='p2', invocation_argument_register_type='Lcom/google/gson/JsonElement;', is_static=False);[<com.google.gson.JsonPrimitive .>, <java.lang.String value>];tester.sefm@gmail.com
10-21 15:21:08.386 19247 19247 D Snapshot: InstrumentationReport(invocation_java_signature='<java.util.Map$Entry: java.lang.Object getValue()>', invoke_id=4474395, enclosing_method_name='write', enclosing_class_name='Lcom/google/gson/internal/bind/TypeAdapters$29;', is_arg_register=False, is_return_register=True, invocation_argument_register_index=-1, is_before_invoke=False, invocation_argument_register_name='v0', invocation_argument_register_type='Ljava/lang/Object;', is_static=False);[<com.google.gson.JsonPrimitive .>, <java.lang.String value>];tester.sefm@gmail.com
10-21 15:21:08.387 19247 19247 D Snapshot: InstrumentationReport(invocation_java_signature='<com.google.gson.JsonElement: com.google.gson.JsonPrimitive getAsJsonPrimitive()>', invoke_id=4474369, enclosing_method_name='write', enclosing_class_name='Lcom/google/gson/internal/bind/TypeAdapters$29;', is_arg_register=False, is_return_register=True, invocation_argument_register_index=-1, is_before_invoke=False, invocation_argument_register_name='p2', invocation_argument_register_type='Lcom/google/gson/JsonPrimitive;', is_static=False);[<com.google.gson.JsonPrimitive .>, <java.lang.String value>];tester.sefm@gmail.com
10-21 15:21:08.387 19247 19247 D Snapshot: InstrumentationReport(invocation_java_signature='<com.google.gson.JsonPrimitive: java.lang.String getAsString()>', invoke_id=4474376, enclosing_method_name='write', enclosing_class_name='Lcom/google/gson/internal/bind/TypeAdapters$29;', is_arg_register=False, is_return_register=True, invocation_argument_register_index=-1, is_before_invoke=False, invocation_argument_register_name='p2', invocation_argument_register_type='Ljava/lang/String;', is_static=False);[<java.lang.String .>];tester.sefm@gmail.com
10-21 15:21:08.389 19247 19247 D Snapshot: InstrumentationReport(invocation_java_signature='<java.io.StringWriter: java.lang.String toString()>', invoke_id=4472464, enclosing_method_name='toString', enclosing_class_name='Lcom/google/gson/JsonElement;', is_arg_register=False, is_return_register=True, invocation_argument_register_index=-1, is_before_invoke=False, invocation_argument_register_name='v0', invocation_argument_register_type='Ljava/lang/String;', is_static=False);[<java.lang.String .>];{"email":"tester.sefm@gmail.com","password":"asdf"}
10-21 15:21:08.389 19247 19247 D Snapshot: InstrumentationReport(invocation_java_signature='<com.google.gson.JsonObject: java.lang.String toString()>', invoke_id=4498821, enclosing_method_name='getStandardCredentials', enclosing_class_name='Lcom/onxmaps/onxmaps/utils/FragmentExtensionsKt;', is_arg_register=False, is_return_register=True, invocation_argument_register_index=-1, is_before_invoke=False, invocation_argument_register_name='p0', invocation_argument_register_type='Ljava/lang/String;', is_static=False);[<java.lang.String .>];{"email":"tester.sefm@gmail.com","password":"asdf"}
10-21 15:21:08.389 19247 19247 D Snapshot: InstrumentationReport(invocation_java_signature='<com.onxmaps.onxmaps.utils.FragmentExtensionsKt: java.lang.String getStandardCredentials(android.support.v4.app.Fragment,java.lang.String,java.lang.String)>', invoke_id=4505434, enclosing_method_name='onClick', enclosing_class_name='Lcom/onxmaps/onxmaps/account/login/LoginFragment$onActivityCreated$1;', is_arg_register=False, is_return_register=True, invocation_argument_register_index=-1, is_before_invoke=False, invocation_argument_register_name='p1', invocation_argument_register_type='Ljava/lang/String;', is_static=True);[<java.lang.String .>];{"email":"tester.sefm@gmail.com","password":"asdf"}
10-21 15:21:08.404 19247 19247 D Snap-Debug: Calls to checkObjectForPII :56600
10-21 15:21:08.410 19247 19247 D Snap-Debug: Calls to checkObjectForPII :56700
10-21 15:21:08.420 19247 19247 D Snap-Debug: Calls to checkObjectForPII :56800
10-21 15:21:08.438 19247 19247 D Snap-Debug: Calls to checkObjectForPII :56900
10-21 15:21:08.445 19247 19495 E Snap-Debug: Creating entry in thread map, Thread ID is 1159
10-21 15:21:08.450 19247 19247 D Snap-Debug: Calls to checkObjectForPII :57000
10-21 15:21:08.458 19247 19247 D Snap-Debug: Calls to checkObjectForPII :57100
10-21 15:21:08.464 19247 19247 D Snap-Debug: Calls to checkObjectForPII :57200
10-21 15:21:08.466 19247 19247 D Snap-Debug: Calls to checkObjectForPII :57300
10-21 15:21:08.468  1465  1465 I AndroidIME: AbstractIme.onDeactivate():202 PasswordIme.onDeactivate()
10-21 15:21:08.475 19247 19247 D Snap-Debug: Calls to checkObjectForPII :57400
10-21 15:21:08.478 19247 19247 D Snap-Debug: Calls to checkObjectForPII :57500
10-21 15:21:08.479 19247 19247 D Snap-Debug: Calls to checkObjectForPII :57600
10-21 15:21:08.482 19247 19495 D Snap-Debug: Calls to checkObjectForPII :57700
10-21 15:21:08.485 19247 19247 D Snap-Debug: Calls to checkObjectForPII :57800
10-21 15:21:08.488 19247 19247 D Snap-Debug: Calls to checkObjectForPII :57900
10-21 15:21:08.489  1465  1465 W InputMethodService: Window size has been changed. This may cause jankiness of resizing window: -1 -> -2
10-21 15:21:08.493 19247 19247 D Snap-Debug: Calls to checkObjectForPII :58000
10-21 15:21:08.501 19247 19247 D Snap-Debug: Calls to checkObjectForPII :58100
10-21 15:21:08.514 19247 19247 D Snap-Debug: Calls to checkObjectForPII :58200
10-21 15:21:08.527 19247 19495 D Snap-Debug: Calls to checkObjectForPII :58300
10-21 15:21:08.532 19247 19257 I art     : Background partial concurrent mark sweep GC freed 370534(10MB) AllocSpace objects, 10(29MB) LOS objects, 24% free, 48MB/64MB, paused 2.489ms total 101.713ms
10-21 15:21:08.550 19247 19247 D Snap-Debug: Calls to checkObjectForPII :58400
10-21 15:21:08.555 19247 19247 D Snap-Debug: Calls to checkObjectForPII :58500
10-21 15:21:08.557 19247 19247 D Snap-Debug: Calls to checkObjectForPII :58600
10-21 15:21:08.560 19247 19247 D Snap-Debug: Calls to checkObjectForPII :58700
10-21 15:21:08.563 19247 19247 D Snap-Debug: Calls to checkObjectForPII :58800
10-21 15:21:08.566 19247 19247 D Snap-Debug: Calls to checkObjectForPII :58900
10-21 15:21:08.568 19247 19247 D Snap-Debug: Calls to checkObjectForPII :59000
10-21 15:21:08.570 19247 19247 D Snap-Debug: Calls to checkObjectForPII :59100
10-21 15:21:08.572 19247 19495 D Snap-Debug: Calls to checkObjectForPII :59200
10-21 15:21:08.574 19247 19495 D Snap-Debug: Calls to checkObjectForPII :59300
10-21 15:21:08.577 19247 19495 D Snap-Debug: Calls to checkObjectForPII :59400
10-21 15:21:08.577 19247 19497 E Snap-Debug: Creating entry in thread map, Thread ID is 1160
10-21 15:21:08.579 19247 19498 E Snap-Debug: Creating entry in thread map, Thread ID is 1161
10-21 15:21:08.579 19247 19247 D Snap-Debug: Calls to checkObjectForPII :59500
10-21 15:21:08.582 19247 19247 D Snap-Debug: Calls to checkObjectForPII :59600
10-21 15:21:08.585 19247 19247 D Snap-Debug: Calls to checkObjectForPII :59700
10-21 15:21:08.589 19247 19247 D Snap-Debug: Calls to checkObjectForPII :59800
10-21 15:21:08.593 19247 19247 D Snap-Debug: Calls to checkObjectForPII :59900
10-21 15:21:08.599 19247 19495 D Snap-Debug: Calls to checkObjectForPII :60000
10-21 15:21:08.604 19247 19495 D Snap-Debug: Calls to checkObjectForPII :60100
10-21 15:21:08.611 19247 19495 D Snap-Debug: Calls to checkObjectForPII :60200
10-21 15:21:08.618 19247 19495 D Snap-Debug: Calls to checkObjectForPII :60300
10-21 15:21:08.620 19247 19495 D Snap-Debug: Calls to checkObjectForPII :60400
10-21 15:21:08.624 19247 19247 D Snap-Debug: Calls to checkObjectForPII :60500
10-21 15:21:08.625 19247 19247 D Snap-Debug: Calls to checkObjectForPII :60600
10-21 15:21:08.628 19247 19247 D Snap-Debug: Calls to checkObjectForPII :60700
10-21 15:21:08.629 19247 19247 D Snap-Debug: Calls to checkObjectForPII :60800
10-21 15:21:08.631 19247 19247 D Snap-Debug: Calls to checkObjectForPII :60900
10-21 15:21:08.634 19247 19247 D Snap-Debug: Calls to checkObjectForPII :61000
10-21 15:21:08.639 19247 19247 D Snap-Debug: Calls to checkObjectForPII :61100
10-21 15:21:08.643 19247 19247 D Snap-Debug: Calls to checkObjectForPII :61200
10-21 15:21:08.651 19247 19247 D Snap-Debug: Calls to checkObjectForPII :61300
10-21 15:21:08.656 19247 19247 D Snap-Debug: Calls to checkObjectForPII :61400
10-21 15:21:08.659 19247 19247 D Snap-Debug: Calls to checkObjectForPII :61500
10-21 15:21:08.662 19247 19247 D Snap-Debug: Calls to checkObjectForPII :61600
10-21 15:21:08.664 19247 19247 D Snap-Debug: Calls to checkObjectForPII :61700
10-21 15:21:08.667 19247 19247 D Snap-Debug: Calls to checkObjectForPII :61800
10-21 15:21:08.669 19247 19247 D Snap-Debug: Calls to checkObjectForPII :61900
10-21 15:21:08.672 19247 19247 D Snap-Debug: Calls to checkObjectForPII :62000
10-21 15:21:08.676 19247 19247 D Snap-Debug: Calls to checkObjectForPII :62100
10-21 15:21:08.679 19247 19247 D Snap-Debug: Calls to checkObjectForPII :62200
10-21 15:21:08.682 19247 19247 D Snap-Debug: Calls to checkObjectForPII :62300
10-21 15:21:08.686 19247 19247 D Snap-Debug: Calls to checkObjectForPII :62400
10-21 15:21:08.691 19247 19247 D Snap-Debug: Calls to checkObjectForPII :62500
10-21 15:21:08.698 19247 19247 D Snap-Debug: Calls to checkObjectForPII :62600
10-21 15:21:09.145 19247 19497 D Snap-Debug: Calls to checkObjectForPII :62700
10-21 15:21:09.154 19247 19340 D Snap-Debug: Calls to checkObjectForPII :62800
10-21 15:21:09.170 19247 19495 D Snap-Debug: Calls to checkObjectForPII :62900
10-21 15:21:09.188 19247 19495 D Snap-Debug: Calls to checkObjectForPII :63000
10-21 15:21:09.210 19247 19247 D Snap-Debug: Calls to checkObjectForPII :63100
10-21 15:21:09.233 19247 19247 D Snap-Debug: Calls to checkObjectForPII :63200
10-21 15:21:09.243 19247 19247 D Snap-Debug: Calls to checkObjectForPII :63300
10-21 15:21:09.247 19247 19247 D Snap-Debug: Calls to checkObjectForPII :63400
10-21 15:21:09.251 19247 19247 D Snap-Debug: Calls to checkObjectForPII :63500
10-21 15:21:09.255 19247 19247 D Snap-Debug: Calls to checkObjectForPII :63600
10-21 15:21:09.260 19247 19247 D Snap-Debug: Calls to checkObjectForPII :63700
10-21 15:21:09.265 19247 19247 D Snap-Debug: Calls to checkObjectForPII :63800
10-21 15:21:09.269 19247 19247 D Snap-Debug: Calls to checkObjectForPII :63900
10-21 15:21:09.278 19247 19247 D Snap-Debug: Calls to checkObjectForPII :64000
10-21 15:21:09.285 19247 19247 D Snap-Debug: Calls to checkObjectForPII :64100
10-21 15:21:09.297 19247 19247 D Snap-Debug: Calls to checkObjectForPII :64200
10-21 15:21:09.303 19247 19247 D Snap-Debug: Calls to checkObjectForPII :64300
10-21 15:21:09.306 19247 19247 D Snap-Debug: Calls to checkObjectForPII :64400
10-21 15:21:09.309 19247 19247 D Snap-Debug: Calls to checkObjectForPII :64500
10-21 15:21:09.313 19247 19247 D Snap-Debug: Calls to checkObjectForPII :64600
10-21 15:21:09.316 19247 19247 D Snap-Debug: Calls to checkObjectForPII :64700
10-21 15:21:09.318 19247 19247 D Snap-Debug: Calls to checkObjectForPII :64800
10-21 15:21:09.321 19247 19247 D Snap-Debug: Calls to checkObjectForPII :64900
10-21 15:21:09.324 19247 19247 D Snap-Debug: Calls to checkObjectForPII :65000
10-21 15:21:09.328 19247 19247 D Snap-Debug: Calls to checkObjectForPII :65100
10-21 15:21:09.332 19247 19247 D Snap-Debug: Calls to checkObjectForPII :65200
10-21 15:21:09.335 19247 19247 D Snap-Debug: Calls to checkObjectForPII :65300
10-21 15:21:09.339 19247 19247 D Snap-Debug: Calls to checkObjectForPII :65400
10-21 15:21:09.345 19247 19247 D Snap-Debug: Calls to checkObjectForPII :65500
10-21 15:21:09.432 19247 19493 E Snap-Debug: Creating entry in thread map, Thread ID is 1157
10-21 15:21:09.433 19247 19493 D Snap-Debug: Calls to checkObjectForPII :65600
10-21 15:21:09.650 19343 19398 W chromium: [WARNING:ev_root_ca_metadata.cc(119)] Not implemented
10-21 15:21:11.159   956   966 I ActivityManager: START u0 {flg=0x10804000 cmp=com.android.systemui/.recents.RecentsActivity} from uid 10038 on display 0
10-21 15:21:11.173 19247 19264 D Snap-Debug: Calls to checkObjectForPII :65700
10-21 15:21:11.176 19247 19287 D Snapshot: InstrumentationReport(invocation_java_signature='<org.json.JSONObject: java.lang.String toString()>', invoke_id=4418299, enclosing_method_name='toBytes', enclosing_class_name='Lcom/crashlytics/android/answers/SessionEventTransform;', is_arg_register=False, is_return_register=True, invocation_argument_register_index=-1, is_before_invoke=False, invocation_argument_register_name='p1', invocation_argument_register_type='Ljava/lang/String;', is_static=False);[<java.lang.String .>];{"appBundleId":"onxmaps.hunt","executionId":"322a6797-40f2-4484-b769-fab9e59e3afb","installationId":"f37c5973486d4ab6baafbe9fbba4e5c0","androidId":"3a15cc3d742be836","advertisingId":"b91481e8-4bfc-47ce-82b6-728c3f6bff60","limitAdTrackingEnabled":false,"buildId":"131e3344-040b-4ae7-8a7a-f88eeb94ee20","osVersion":"7.1.1\/4299435","deviceModel":"motorola\/Nexus 6","appVersionCode":"177","appVersionName":"4.18.1","timestamp":1729542071173,"type":"PAUSE","details":{"activity":"com.onxmaps.onxmaps.account.AccountActivity"}}
10-21 15:21:11.190 19247 19264 D Snap-Debug: Calls to checkObjectForPII :65800
10-21 15:21:11.233 19247 19247 D Snap-Debug: Calls to checkObjectForPII :65900
10-21 15:21:11.236 19247 19247 D Snapshot: InstrumentationReport(invocation_java_signature='<java.lang.Object: java.lang.String toString()>', invoke_id=4505768, enclosing_method_name='onSaveInstanceState', enclosing_class_name='Lcom/onxmaps/onxmaps/account/login/LoginFragment;', is_arg_register=False, is_return_register=True, invocation_argument_register_index=-1, is_before_invoke=False, invocation_argument_register_name='v1', invocation_argument_register_type='Ljava/lang/String;', is_static=False);[<java.lang.String .>];tester.sefm@gmail.com
10-21 15:21:11.299   956   965 I art     : Background partial concurrent mark sweep GC freed 6646(300KB) AllocSpace objects, 1(15MB) LOS objects, 33% free, 24MB/36MB, paused 1.663ms total 139.960ms
10-21 15:21:11.299  1465  1465 I GoogleInputMethodServic: GoogleInputMethodService.onFinishInput():3157 
10-21 15:21:11.301  1465  1465 I GoogleInputMethodServic: GoogleInputMethodService.updateDeviceLockedStatus():2248 repeatCheckTimes = 0, locked = false
10-21 15:21:11.301  1465  1465 I GoogleInputMethodServic: GoogleInputMethodService.onStartInput():1986 onStartInput(EditorInfo{EditorInfo{packageName=com.android.systemui, inputType=0, inputTypeString=NULL, enableLearning=false, autoCorrection=false, autoComplete=false, imeOptions=0, privateImeOptions=null, actionName=UNSPECIFIED, actionLabel=null, initialSelStart=-1, initialSelEnd=-1, initialCapsMode=0, label=null, fieldId=-1, fieldName=null, extras=null, hintText=null, hintLocales=[]}}, false)
10-21 15:21:11.301  1465  1465 I GoogleInputMethodServic: GoogleInputMethodService.updateDeviceLockedStatus():2248 repeatCheckTimes = 1, locked = false
10-21 15:21:11.302  1465  1465 I AndroidIME: InputBundleManager.loadActiveInputBundleId():450 loadActiveInputBundleId: und-Latn-x-password, password
10-21 15:21:11.302  1465  1465 I HardKeyTracker: HardKeyTracker.registerKeySequence():139 Register key sequence lnk{labelResId=2132019800, callback=gnd@761413f, lastModifier=0, keyCodes=[57, 57], actions=[1, 0]}
10-21 15:21:11.303  1465  1465 I HardKeyTracker: HardKeyTracker.registerKeySequence():139 Register key sequence lnk{labelResId=0, callback=gnd@6748d6a, lastModifier=0, keyCodes=[58, 58], actions=[1, 0]}
10-21 15:21:11.325 19247 19287 D Snapshot: InstrumentationReport(invocation_java_signature='<org.json.JSONObject: java.lang.String toString()>', invoke_id=4418299, enclosing_method_name='toBytes', enclosing_class_name='Lcom/crashlytics/android/answers/SessionEventTransform;', is_arg_register=False, is_return_register=True, invocation_argument_register_index=-1, is_before_invoke=False, invocation_argument_register_name='p1', invocation_argument_register_type='Ljava/lang/String;', is_static=False);[<java.lang.String .>];{"appBundleId":"onxmaps.hunt","executionId":"322a6797-40f2-4484-b769-fab9e59e3afb","installationId":"f37c5973486d4ab6baafbe9fbba4e5c0","androidId":"3a15cc3d742be836","advertisingId":"b91481e8-4bfc-47ce-82b6-728c3f6bff60","limitAdTrackingEnabled":false,"buildId":"131e3344-040b-4ae7-8a7a-f88eeb94ee20","osVersion":"7.1.1\/4299435","deviceModel":"motorola\/Nexus 6","appVersionCode":"177","appVersionName":"4.18.1","timestamp":1729542071324,"type":"STOP","details":{"activity":"com.onxmaps.onxmaps.account.AccountActivity"}}
10-21 15:21:11.341 19247 19247 I [INFO][Leanplum]: [com.leanplum.LocationManagerImplementation::updateGeofencing::166]: You have to set the application meta data and location permission to use location services.
10-21 15:21:11.341 19247 19247 D Snap-Debug: Calls to checkObjectForPII :66000
10-21 15:21:11.391 19247 19264 D Snap-Debug: Calls to checkObjectForPII :66100
10-21 15:21:11.392 19247 19503 E Snap-Debug: Creating entry in thread map, Thread ID is 1162
10-21 15:21:11.427 19247 19247 W IInputConnectionWrapper: reportFullscreenMode on inexistent InputConnection
10-21 15:21:11.447 19247 19247 D Snap-Debug: Calls to checkObjectForPII :66200
10-21 15:21:11.471 19247 19264 D Snap-Debug: Calls to checkObjectForPII :66300
10-21 15:21:11.491 19247 19314 D Snap-Debug: Calls to checkObjectForPII :66400
10-21 15:21:11.508 19247 19314 D Snap-Debug: Calls to checkObjectForPII :66500
10-21 15:21:11.522 19247 19314 D Snap-Debug: Calls to checkObjectForPII :66600
10-21 15:21:11.530 19247 19264 D Snap-Debug: Calls to checkObjectForPII :66700
10-21 15:21:11.552 19247 19314 D Snap-Debug: Calls to checkObjectForPII :66800
10-21 15:21:11.569 19247 19314 D Snap-Debug: Calls to checkObjectForPII :66900
10-21 15:21:11.590  2149 19381 D AdvertisingIdClient: AdvertisingIdClient already created.
10-21 15:21:11.598  2149 19381 I AdvertisingIdClient: shouldSendLog -1
10-21 15:21:11.598  2149 19381 I AdvertisingIdClient: GetInfoInternal elapse 5ms
10-21 15:21:11.612  2149  2149 I AdvertisingIdClient: getting error as 17: API: ClientTelemetry.API is not available on this device. Connection failed with: ConnectionResult{statusCode=API_DISABLED, resolution=null, message=null}
10-21 15:21:11.646  1612 19132 W NetworkScheduler: Error inserting service_kind=0 source=16 tag=Measurement.PackageMeasurementTaskService.UPLOAD_TASK_TAG target_package=com.google.android.gms requires_charging=0 source_version=244134000 required_network_type=0 flex_time=3595000 persistence_level=1 target_class=com.google.android.gms.measurement.PackageMeasurementTaskService runtime=1729542071634 retry_strategy={"maximum_backoff_seconds":{"3600":0},"initial_backoff_seconds":{"30":0},"retry_policy":{"0":0}} preferred_network_type=1 required_idleness_state=0 preferred_charging_state=1 period=7191000 last_runtime=0 task_type=0 job_id=-1 user_id=0 [CONTEXT service_id=218 ]
10-21 15:21:11.646  1612 19132 W NetworkScheduler: android.database.sqlite.SQLiteConstraintException: UNIQUE constraint failed: pending_ops.tag, pending_ops.target_class, pending_ops.target_package, pending_ops.user_id (code 2067)
10-21 15:21:11.646  1612 19132 W NetworkScheduler: 	at android.database.sqlite.SQLiteConnection.nativeExecuteForLastInsertedRowId(Native Method)
10-21 15:21:11.646  1612 19132 W NetworkScheduler: 	at android.database.sqlite.SQLiteConnection.executeForLastInsertedRowId(SQLiteConnection.java:782)
10-21 15:21:11.646  1612 19132 W NetworkScheduler: 	at android.database.sqlite.SQLiteSession.executeForLastInsertedRowId(SQLiteSession.java:788)
10-21 15:21:11.646  1612 19132 W NetworkScheduler: 	at android.database.sqlite.SQLiteStatement.executeInsert(SQLiteStatement.java:86)
10-21 15:21:11.646  1612 19132 W NetworkScheduler: 	at android.database.sqlite.SQLiteDatabase.insertWithOnConflict(SQLiteDatabase.java:1474)
10-21 15:21:11.646  1612 19132 W NetworkScheduler: 	at android.database.sqlite.SQLiteDatabase.insertOrThrow(SQLiteDatabase.java:1369)
10-21 15:21:11.646  1612 19132 W NetworkScheduler: 	at covu.d(:com.google.android.gms@244134000@24.41.34 (040300-685836814):729)
10-21 15:21:11.646  1612 19132 W NetworkScheduler: 	at cotg.n(:com.google.android.gms@244134000@24.41.34 (040300-685836814):29)
10-21 15:21:11.646  1612 19132 W NetworkScheduler: 	at cotg.u(:com.google.android.gms@244134000@24.41.34 (040300-685836814):360)
10-21 15:21:11.646  1612 19132 W NetworkScheduler: 	at cotg.h(:com.google.android.gms@244134000@24.41.34 (040300-685836814):51)
10-21 15:21:11.646  1612 19132 W NetworkScheduler: 	at conw.run(:com.google.android.gms@244134000@24.41.34 (040300-685836814):72)
10-21 15:21:11.646  1612 19132 W NetworkScheduler: 	at anzg.c(:com.google.android.gms@244134000@24.41.34 (040300-685836814):50)
10-21 15:21:11.646  1612 19132 W NetworkScheduler: 	at anzg.run(:com.google.android.gms@244134000@24.41.34 (040300-685836814):76)
10-21 15:21:11.646  1612 19132 W NetworkScheduler: 	at java.util.concurrent.ThreadPoolExecutor.runWorker(ThreadPoolExecutor.java:1133)
10-21 15:21:11.646  1612 19132 W NetworkScheduler: 	at java.util.concurrent.ThreadPoolExecutor$Worker.run(ThreadPoolExecutor.java:607)
10-21 15:21:11.646  1612 19132 W NetworkScheduler: 	at aoep.run(:com.google.android.gms@244134000@24.41.34 (040300-685836814):8)
10-21 15:21:11.646  1612 19132 W NetworkScheduler: 	at java.lang.Thread.run(Thread.java:761)
10-21 15:21:11.664 19247 19314 D Snap-Debug: Calls to checkObjectForPII :67000
10-21 15:21:11.698 19247 19505 E Snap-Debug: Creating entry in thread map, Thread ID is 1163
10-21 15:21:12.349 19343 19398 W chromium: [WARNING:ev_root_ca_metadata.cc(119)] Not implemented
10-21 15:21:12.521   956  1754 I ActivityManager: Killing 15919:com.google.android.apps.docs/u0a59 (adj 906): empty #17
10-21 15:21:12.524   956  1754 I ActivityManager: Killing 19247:onxmaps.hunt/u0a183 (adj 900): remove task
10-21 15:21:12.525   956   967 I ActivityManager: START u0 {act=android.intent.action.MAIN cat=[android.intent.category.HOME] flg=0x10200000 cmp=com.google.android.googlequicksearchbox/com.google.android.launcher.GEL} from uid 10038 on display 0
10-21 15:21:12.569  2118  2118 D PrimesStartupMeasure: Error handling StartupMeasure's onActivityResume
10-21 15:21:12.569  2118  2118 D PrimesStartupMeasure: java.lang.NullPointerException: Attempt to invoke virtual method 'android.view.ViewTreeObserver android.view.View.getViewTreeObserver()' on a null object reference
10-21 15:21:12.569  2118  2118 D PrimesStartupMeasure: 	at com.google.android.libraries.performance.primes.metrics.h.m.onActivityResumed(PG:3)
10-21 15:21:12.569  2118  2118 D PrimesStartupMeasure: 	at android.app.Application.dispatchActivityResumed(Application.java:216)
10-21 15:21:12.569  2118  2118 D PrimesStartupMeasure: 	at android.app.Activity.onResume(Activity.java:1251)
10-21 15:21:12.569  2118  2118 D PrimesStartupMeasure: 	at com.android.launcher3.Launcher.onResume(PG:1)
10-21 15:21:12.569  2118  2118 D PrimesStartupMeasure: 	at android.app.Instrumentation.callActivityOnResume(Instrumentation.java:1269)
10-21 15:21:12.569  2118  2118 D PrimesStartupMeasure: 	at android.app.Activity.performResume(Activity.java:6783)
10-21 15:21:12.569  2118  2118 D PrimesStartupMeasure: 	at android.app.ActivityThread.performResumeActivity(ActivityThread.java:3406)
10-21 15:21:12.569  2118  2118 D PrimesStartupMeasure: 	at android.app.ActivityThread.handleResumeActivity(ActivityThread.java:3469)
10-21 15:21:12.569  2118  2118 D PrimesStartupMeasure: 	at android.app.ActivityThread$H.handleMessage(ActivityThread.java:1527)
10-21 15:21:12.569  2118  2118 D PrimesStartupMeasure: 	at android.os.Handler.dispatchMessage(Handler.java:102)
10-21 15:21:12.569  2118  2118 D PrimesStartupMeasure: 	at android.os.Looper.loop(Looper.java:154)
10-21 15:21:12.569  2118  2118 D PrimesStartupMeasure: 	at android.app.ActivityThread.main(ActivityThread.java:6119)
10-21 15:21:12.569  2118  2118 D PrimesStartupMeasure: 	at java.lang.reflect.Method.invoke(Native Method)
10-21 15:21:12.569  2118  2118 D PrimesStartupMeasure: 	at com.android.internal.os.ZygoteInit$MethodAndArgsCaller.run(ZygoteInit.java:886)
10-21 15:21:12.569  2118  2118 D PrimesStartupMeasure: 	at com.android.internal.os.ZygoteInit.main(ZygoteInit.java:776)
10-21 15:21:12.628   956  2145 D ConnectivityService: ConnectivityService NetworkRequestInfo binderDied(NetworkRequest [ TRACK_DEFAULT id=146, [ Capabilities: INTERNET&NOT_RESTRICTED&TRUSTED&NOT_VPN] ], android.os.BinderProxy@2c06488)
10-21 15:21:12.628   956  2454 D ConnectivityService: ConnectivityService NetworkRequestInfo binderDied(NetworkRequest [ TRACK_DEFAULT id=147, [ Capabilities: INTERNET&NOT_RESTRICTED&TRUSTED&NOT_VPN] ], android.os.BinderProxy@3bc6e21)
10-21 15:21:12.629   956  1438 D ConnectivityService: releasing NetworkRequest [ TRACK_DEFAULT id=146, [ Capabilities: INTERNET&NOT_RESTRICTED&TRUSTED&NOT_VPN] ]
10-21 15:21:12.630   956  1438 E ConnectivityService: RemoteException caught trying to send a callback msg for NetworkRequest [ TRACK_DEFAULT id=146, [ Capabilities: INTERNET&NOT_RESTRICTED&TRUSTED&NOT_VPN] ]
10-21 15:21:12.630   956  1438 D ConnectivityService: releasing NetworkRequest [ TRACK_DEFAULT id=147, [ Capabilities: INTERNET&NOT_RESTRICTED&TRUSTED&NOT_VPN] ]
10-21 15:21:12.631   956  1438 E ConnectivityService: RemoteException caught trying to send a callback msg for NetworkRequest [ TRACK_DEFAULT id=147, [ Capabilities: INTERNET&NOT_RESTRICTED&TRUSTED&NOT_VPN] ]
10-21 15:21:12.631   956  2145 D ActivityManager: cleanUpApplicationRecord -- 15919
10-21 15:21:12.635  1465  1465 I GoogleInputMethodServic: GoogleInputMethodService.onFinishInput():3157 
10-21 15:21:12.636  1465  1465 I GoogleInputMethodServic: GoogleInputMethodService.updateDeviceLockedStatus():2248 repeatCheckTimes = 0, locked = false
10-21 15:21:12.636  1465  1465 I GoogleInputMethodServic: GoogleInputMethodService.onStartInput():1986 onStartInput(EditorInfo{EditorInfo{packageName=com.google.android.googlequicksearchbox, inputType=0, inputTypeString=NULL, enableLearning=false, autoCorrection=false, autoComplete=false, imeOptions=0, privateImeOptions=null, actionName=UNSPECIFIED, actionLabel=null, initialSelStart=-1, initialSelEnd=-1, initialCapsMode=0, label=null, fieldId=-1, fieldName=null, extras=null, hintText=null, hintLocales=[]}}, false)
10-21 15:21:12.637  1465  1465 I GoogleInputMethodServic: GoogleInputMethodService.updateDeviceLockedStatus():2248 repeatCheckTimes = 1, locked = false
10-21 15:21:12.637  1465  1465 I AndroidIME: InputBundleManager.loadActiveInputBundleId():450 loadActiveInputBundleId: und-Latn-x-password, password
10-21 15:21:12.680   956  2133 I WindowManager: WIN DEATH: Window{f210af u0 onxmaps.hunt/com.onxmaps.onxmaps.account.AccountActivity}
10-21 15:21:12.680   956   966 D GraphicsStats: Buffer count: 5
10-21 15:21:12.681   956  2454 D ActivityManager: cleanUpApplicationRecord -- 19247
10-21 15:21:12.683  2149  2149 D BoundBrokerSvc: onUnbind: Intent { act=com.google.android.gms.measurement.START pkg=com.google.android.gms }
10-21 15:21:13.147  2118  2352 W OpenGLRenderer: Incorrectly called buildLayer on View: ShortcutAndWidgetContainer, destroying layer...
10-21 15:21:13.147  2118  2352 W OpenGLRenderer: Incorrectly called buildLayer on View: ShortcutAndWidgetContainer, destroying layer...
10-21 15:21:14.026  1612  1612 D BoundBrokerSvc: onUnbind: Intent { act=com.google.android.gms.gmscompliance.service.START dat=chimera-action: cmp=com.google.android.gms/.chimera.PersistentBoundBrokerService }
10-21 15:21:14.029  2149  2149 D BoundBrokerSvc: onUnbind: Intent { act=com.google.android.gms.safetynet.service.START pkg=com.google.android.gms }
10-21 15:21:14.219  2149  2149 D BoundBrokerSvc: onUnbind: Intent { act=com.google.android.gms.credential.manager.service.firstparty.START dat=chimera-action: cmp=com.google.android.gms/.chimera.GmsApiService }
10-21 15:21:14.263  2149  2149 D BoundBrokerSvc: onUnbind: Intent { act=com.google.android.gms.auth.key.retrieval.service.START dat=chimera-action: cmp=com.google.android.gms/.chimera.GmsApiService }
10-21 15:21:14.285   364   653 D audio_hw_primary: disable_audio_route: usecase(1) reset and update mixer path: low-latency-playback speaker
10-21 15:21:14.286   364   653 D audio_hw_primary: disable_snd_device: snd_device(2: speaker)
10-21 15:21:15.229 19507 19507 D AndroidRuntime: >>>>>> START com.android.internal.os.RuntimeInit uid 2000 <<<<<<
10-21 15:21:15.234 19507 19507 D AndroidRuntime: CheckJNI is OFF
10-21 15:21:15.871 19507 19507 D ICU     : No timezone override file found: /data/misc/zoneinfo/current/icu/icu_tzdata.dat
10-21 15:21:15.919 19507 19507 I Radio-JNI: register_android_hardware_Radio DONE
10-21 15:21:15.938 19507 19507 D AndroidRuntime: Calling main entry com.android.commands.am.Am
10-21 15:21:15.946   956  2145 I ActivityManager: Force stopping onxmaps.hunt appid=10183 user=0: from pid 19507
10-21 15:21:15.951 19507 19507 D AndroidRuntime: Shutting down VM
10-21 15:21:15.967  1630  1630 D CarrierSvcBindHelper: No carrier app for: 0
10-21 15:21:15.983  2104  2104 D RegisteredNfcFServicesCache: Service unchanged, not updating
