--------- beginning of main
10-21 15:20:27.827   364   653 D audio_hw_primary: enable_snd_device: snd_device(2: speaker)
10-21 15:20:27.830   364   653 D audio_hw_primary: enable_audio_route: usecase(1) apply and update mixer path: low-latency-playback speaker
--------- beginning of system
10-21 15:20:27.905   956  2132 I ActivityManager: START u0 {flg=0x10804000 cmp=com.android.systemui/.recents.RecentsActivity} from uid 10038 on display 0
10-21 15:20:27.987  1465  1465 I chatty  : uid=10080(com.google.android.inputmethod.latin) expire 15 lines
10-21 15:20:29.581  1484  1484 V DeadZone: consuming errant click: (794.0,24.0)
10-21 15:20:29.999   956  1494 I ActivityManager: START u0 {act=android.intent.action.MAIN cat=[android.intent.category.HOME] flg=0x10200000 cmp=com.google.android.googlequicksearchbox/com.google.android.launcher.GEL} from uid 10038 on display 0
10-21 15:20:30.036  2118  2118 D PrimesStartupMeasure: Error handling StartupMeasure's onActivityResume
10-21 15:20:30.036  2118  2118 D PrimesStartupMeasure: java.lang.NullPointerException: Attempt to invoke virtual method 'android.view.ViewTreeObserver android.view.View.getViewTreeObserver()' on a null object reference
10-21 15:20:30.036  2118  2118 D PrimesStartupMeasure: 	at com.google.android.libraries.performance.primes.metrics.h.m.onActivityResumed(PG:3)
10-21 15:20:30.036  2118  2118 D PrimesStartupMeasure: 	at android.app.Application.dispatchActivityResumed(Application.java:216)
10-21 15:20:30.036  2118  2118 D PrimesStartupMeasure: 	at android.app.Activity.onResume(Activity.java:1251)
10-21 15:20:30.036  2118  2118 D PrimesStartupMeasure: 	at com.android.launcher3.Launcher.onResume(PG:1)
10-21 15:20:30.036  2118  2118 D PrimesStartupMeasure: 	at android.app.Instrumentation.callActivityOnResume(Instrumentation.java:1269)
10-21 15:20:30.036  2118  2118 D PrimesStartupMeasure: 	at android.app.Activity.performResume(Activity.java:6783)
10-21 15:20:30.036  2118  2118 D PrimesStartupMeasure: 	at android.app.ActivityThread.performResumeActivity(ActivityThread.java:3406)
10-21 15:20:30.036  2118  2118 D PrimesStartupMeasure: 	at android.app.ActivityThread.handleResumeActivity(ActivityThread.java:3469)
10-21 15:20:30.036  2118  2118 D PrimesStartupMeasure: 	at android.app.ActivityThread$H.handleMessage(ActivityThread.java:1527)
10-21 15:20:30.036  2118  2118 D PrimesStartupMeasure: 	at android.os.Handler.dispatchMessage(Handler.java:102)
10-21 15:20:30.036  2118  2118 D PrimesStartupMeasure: 	at android.os.Looper.loop(Looper.java:154)
10-21 15:20:30.036  2118  2118 D PrimesStartupMeasure: 	at android.app.ActivityThread.main(ActivityThread.java:6119)
10-21 15:20:30.036  2118  2118 D PrimesStartupMeasure: 	at java.lang.reflect.Method.invoke(Native Method)
10-21 15:20:30.036  2118  2118 D PrimesStartupMeasure: 	at com.android.internal.os.ZygoteInit$MethodAndArgsCaller.run(ZygoteInit.java:886)
10-21 15:20:30.036  2118  2118 D PrimesStartupMeasure: 	at com.android.internal.os.ZygoteInit.main(ZygoteInit.java:776)
10-21 15:20:30.591  2118  2352 W OpenGLRenderer: Incorrectly called buildLayer on View: ShortcutAndWidgetContainer, destroying layer...
10-21 15:20:30.591  2118  2352 W OpenGLRenderer: Incorrectly called buildLayer on View: ShortcutAndWidgetContainer, destroying layer...
10-21 15:20:34.413   364   653 D audio_hw_primary: disable_audio_route: usecase(1) reset and update mixer path: low-latency-playback speaker
10-21 15:20:34.414   364   653 D audio_hw_primary: disable_snd_device: snd_device(2: speaker)
10-21 15:20:40.428   956   956 I ActivityManager: Start proc 19186:com.google.android.talk/u0a77 for service com.google.android.talk/androidx.work.impl.background.systemjob.SystemJobService
10-21 15:20:40.545 19186 19186 I art     : Starting a blocking GC AddRemoveAppImageSpace
10-21 15:20:41.042 19186 19214 E SQLiteLog: (1) no such table: mmsconfig
10-21 15:20:41.046 19186 19214 E gjy     : Babel_SMS: canonicalizeMccMnc: invalid mccmnc nullnull
10-21 15:20:41.145 19186 19229 E gjy     : Babel_ConcService: No valid Tag name
10-21 15:20:46.313   364   653 D audio_hw_primary: enable_snd_device: snd_device(2: speaker)
10-21 15:20:46.315   364   653 D audio_hw_primary: enable_audio_route: usecase(1) apply and update mixer path: low-latency-playback speaker
10-21 15:20:46.316   956  1754 I ActivityManager: START u0 {act=android.intent.action.MAIN cat=[android.intent.category.LAUNCHER] flg=0x10200000 cmp=onxmaps.hunt/onxmaps.xgps.XgpsActivity (has extras)} from uid 10043 on display 0
10-21 15:20:46.379   956   969 W BroadcastQueue: Permission Denial: receiving Intent { act=com.android.launcher3.action.LAUNCH flg=0x10 pkg=com.google.android.gms (has extras) } to com.google.android.gms/.chimera.GmsIntentOperationService$GmsExternalReceiver requires com.android.launcher3.permission.RECEIVE_LAUNCH_BROADCASTS due to sender com.google.android.googlequicksearchbox (uid 10043)
10-21 15:20:46.403   956  2058 I ActivityManager: Start proc 19247:onxmaps.hunt/u0a183 for activity onxmaps.hunt/onxmaps.xgps.XgpsActivity
10-21 15:20:46.562 19247 19247 I chatty  : uid=10183(onxmaps.hunt) expire 105 lines
10-21 15:20:46.934 19247 19264 I chatty  : uid=10183(onxmaps.hunt) expire 6 lines
10-21 15:20:46.972 19247 19265 I chatty  : uid=10183(onxmaps.hunt) expire 3 lines
10-21 15:20:46.975 19247 19267 I chatty  : uid=10183(onxmaps.hunt) expire 5 lines
10-21 15:20:46.979 19247 19268 I chatty  : uid=10183(onxmaps.hunt) expire 19 lines
10-21 15:20:47.009 19247 19270 I chatty  : uid=10183(onxmaps.hunt) expire 1 line
10-21 15:20:47.019 19247 19271 I chatty  : uid=10183(onxmaps.hunt) expire 20 lines
10-21 15:20:47.299  2149  2149 D BoundBrokerSvc: onBind: Intent { act=com.google.android.gms.measurement.START pkg=com.google.android.gms }
10-21 15:20:47.299  2149  2149 D BoundBrokerSvc: Loading bound service for intent: Intent { act=com.google.android.gms.measurement.START pkg=com.google.android.gms }
10-21 15:20:48.259  2149  2149 D BoundBrokerSvc: onUnbind: Intent { act=com.google.android.gms.common.BIND_SHARED_PREFS pkg=com.google.android.gms }
10-21 15:20:48.472  1612  1625 I art     : Background partial concurrent mark sweep GC freed 118442(6MB) AllocSpace objects, 10(180KB) LOS objects, 39% free, 19MB/33MB, paused 945us total 142.438ms
10-21 15:20:48.664   956   965 I art     : Background partial concurrent mark sweep GC freed 3875(186KB) AllocSpace objects, 0(0B) LOS objects, 28% free, 40MB/56MB, paused 1.799ms total 164.344ms
10-21 15:20:49.153 19247 19279 I chatty  : uid=10183(onxmaps.hunt) expire 2 lines
10-21 15:20:49.271 19247 19280 I chatty  : uid=10183(onxmaps.hunt) expire 25 lines
10-21 15:20:49.292 19247 19281 I chatty  : uid=10183(onxmaps.hunt) expire 2 lines
10-21 15:20:49.321 19247 19287 I chatty  : uid=10183(onxmaps.hunt) expire 15 lines
10-21 15:20:49.322 19247 19282 I chatty  : uid=10183(onxmaps.hunt) expire 1 line
10-21 15:20:49.323 19247 19283 I chatty  : uid=10183(onxmaps.hunt) expire 1 line
10-21 15:20:49.325 19247 19284 I chatty  : uid=10183(onxmaps.hunt) expire 1 line
10-21 15:20:49.402 19247 19289 I chatty  : uid=10183(onxmaps.hunt) expire 3 lines
10-21 15:20:49.586   364   653 D audio_hw_primary: disable_audio_route: usecase(1) reset and update mixer path: low-latency-playback speaker
10-21 15:20:49.588   364   653 D audio_hw_primary: disable_snd_device: snd_device(2: speaker)
10-21 15:20:50.081 19247 19295 I chatty  : uid=10183(onxmaps.hunt) expire 14 lines
10-21 15:20:50.345 19247 19300 I chatty  : uid=10183(onxmaps.hunt) expire 9 lines
10-21 15:20:50.650 19247 19257 I chatty  : uid=10183(onxmaps.hunt) expire 1 line
10-21 15:20:50.686 19247 19314 I chatty  : uid=10183(onxmaps.hunt) expire 8 lines
10-21 15:20:50.757 19247 19320 I chatty  : uid=10183(onxmaps.hunt) expire 13 lines
10-21 15:20:50.765 19247 19321 I chatty  : uid=10183(onxmaps.hunt) expire 1 line
10-21 15:20:50.815 19247 19323 I chatty  : uid=10183(onxmaps.hunt) expire 3 lines
10-21 15:20:50.900 19247 19324 I chatty  : uid=10183(onxmaps.hunt) expire 1 line
10-21 15:20:50.907 19247 19325 I chatty  : uid=10183(onxmaps.hunt) expire 1 line
10-21 15:20:50.964   956  1494 I ActivityManager: START u0 {cmp=onxmaps.hunt/com.onxmaps.onxmaps.account.AccountActivity (has extras)} from uid 10183 on display 0
10-21 15:20:51.316   956   956 W ResourceType: ResTable_typeSpec entry count inconsistent: given 94, previously 97
10-21 15:20:51.318   956   956 W ResourceType: ResTable_typeSpec entry count inconsistent: given 3058, previously 3078
10-21 15:20:51.319   956   956 W ResourceType: ResTable_typeSpec entry count inconsistent: given 501, previously 4769
10-21 15:20:51.328   956   956 W ResourceType: ResTable_typeSpec entry count inconsistent: given 124, previously 128
10-21 15:20:51.328   956   956 W ResourceType: ResTable_typeSpec entry count inconsistent: given 4419, previously 4456
10-21 15:20:51.328   956   956 W ResourceType: ResTable_typeSpec entry count inconsistent: given 5538, previously 5568
10-21 15:20:51.328   956   956 W ResourceType: ResTable_typeSpec entry count inconsistent: given 4302, previously 4322
10-21 15:20:51.329   956   956 W ResourceType: ResTable_typeSpec entry count inconsistent: given 4321, previously 4322
10-21 15:20:51.329   956   956 W ResourceType: ResTable_typeSpec entry count inconsistent: given 501, previously 3943
10-21 15:20:51.334   956   976 W ResourceType: ResTable_typeSpec entry count inconsistent: given 1393, previously 1473
10-21 15:20:51.334   956   976 W ResourceType: ResTable_typeSpec entry count inconsistent: given 327, previously 343
10-21 15:20:51.334   956   976 W ResourceType: ResTable_typeSpec entry count inconsistent: given 347, previously 3196
10-21 15:20:51.341   956  1423 I InputReader: Reconfiguring input devices.  changes=0x00000010
10-21 15:20:51.355   956   968 W ResourceType: ResTable_typeSpec entry count inconsistent: given 66, previously 86
10-21 15:20:51.355   956   968 W ResourceType: ResTable_typeSpec entry count inconsistent: given 897, previously 2475
10-21 15:20:51.355   956   968 W ResourceType: ResTable_typeSpec entry count inconsistent: given 1850, previously 1856
10-21 15:20:51.356   956   968 W ResourceType: ResTable_typeSpec entry count inconsistent: given 372, previously 2785
10-21 15:20:51.365   956  1423 I InputReader: Reconfiguring input devices.  changes=0x00000010
10-21 15:20:51.368 16398 16431 I Bugle   : BroadcastReceiverAsyncWorkTracker: Acknowledging broadcast of asjo@75ce339
10-21 15:20:51.379   956   956 W ResourceType: ResTable_typeSpec entry count inconsistent: given 26, previously 35
10-21 15:20:51.379   956   956 W ResourceType: ResTable_typeSpec entry count inconsistent: given 1313, previously 1351
10-21 15:20:51.379   956   956 W ResourceType: ResTable_typeSpec entry count inconsistent: given 359, previously 2819
10-21 15:20:51.383  2104  2104 D RegisteredNfcFServicesCache: Service unchanged, not updating
10-21 15:20:51.386   956   956 W ResourceType: ResTable_typeSpec entry count inconsistent: given 23, previously 36
10-21 15:20:51.387   956   956 W ResourceType: ResTable_typeSpec entry count inconsistent: given 936, previously 2276
10-21 15:20:51.387   956   956 W ResourceType: ResTable_typeSpec entry count inconsistent: given 1594, previously 1597
10-21 15:20:51.387   956   956 W ResourceType: ResTable_typeSpec entry count inconsistent: given 369, previously 3045
10-21 15:20:51.392  2104  2104 D RegisteredNfcFServicesCache: Service unchanged, not updating
10-21 15:20:51.396   956   968 W ResourceType: ResTable_typeSpec entry count inconsistent: given 67, previously 69
10-21 15:20:51.396   956   956 W ResourceType: ResTable_typeSpec entry count inconsistent: given 67, previously 69
10-21 15:20:51.396   956   968 W ResourceType: ResTable_typeSpec entry count inconsistent: given 875, previously 2421
10-21 15:20:51.396   956   968 W ResourceType: ResTable_typeSpec entry count inconsistent: given 1875, previously 1903
10-21 15:20:51.396   956   968 W ResourceType: ResTable_typeSpec entry count inconsistent: given 371, previously 2785
10-21 15:20:51.396   956   956 W ResourceType: ResTable_typeSpec entry count inconsistent: given 875, previously 2421
10-21 15:20:51.396   956   956 W ResourceType: ResTable_typeSpec entry count inconsistent: given 1875, previously 1903
10-21 15:20:51.397   956   956 W ResourceType: ResTable_typeSpec entry count inconsistent: given 371, previously 2785
10-21 15:20:51.401  1630  1630 D CarrierSvcBindHelper: No carrier app for: 0
10-21 15:20:51.403   956   956 W ResourceType: ResTable_typeSpec entry count inconsistent: given 896, previously 2428
10-21 15:20:51.403   956   956 W ResourceType: ResTable_typeSpec entry count inconsistent: given 2194, previously 2205
10-21 15:20:51.403   956   956 W ResourceType: ResTable_typeSpec entry count inconsistent: given 371, previously 2764
10-21 15:20:51.411   956   956 W ResourceType: ResTable_typeSpec entry count inconsistent: given 1262, previously 1328
10-21 15:20:51.411   956   956 W ResourceType: ResTable_typeSpec entry count inconsistent: given 364, previously 2735
10-21 15:20:51.411   956   968 W ResourceType: ResTable_typeSpec entry count inconsistent: given 896, previously 2428
10-21 15:20:51.411   956   968 W ResourceType: ResTable_typeSpec entry count inconsistent: given 2194, previously 2205
10-21 15:20:51.411   956   968 W ResourceType: ResTable_typeSpec entry count inconsistent: given 371, previously 2764
10-21 15:20:51.420   956   956 W ResourceType: ResTable_typeSpec entry count inconsistent: given 2129, previously 2249
10-21 15:20:51.420   956   956 W ResourceType: ResTable_typeSpec entry count inconsistent: given 1163, previously 1222
10-21 15:20:51.420   956   956 W ResourceType: ResTable_typeSpec entry count inconsistent: given 375, previously 2643
10-21 15:20:51.420   956   968 W ResourceType: ResTable_typeSpec entry count inconsistent: given 2129, previously 2249
10-21 15:20:51.420   956   968 W ResourceType: ResTable_typeSpec entry count inconsistent: given 1163, previously 1222
10-21 15:20:51.420   956   968 W ResourceType: ResTable_typeSpec entry count inconsistent: given 375, previously 2643
10-21 15:20:51.428  1630  1630 D CarrierSvcBindHelper: No carrier app for: 0
10-21 15:20:51.436   956   956 W ResourceType: ResTable_typeSpec entry count inconsistent: given 18, previously 20
10-21 15:20:51.437   956   956 W ResourceType: ResTable_typeSpec entry count inconsistent: given 1078, previously 1090
10-21 15:20:51.437   956   968 W ResourceType: ResTable_typeSpec entry count inconsistent: given 94, previously 97
10-21 15:20:51.437   956   956 W ResourceType: ResTable_typeSpec entry count inconsistent: given 363, previously 2337
10-21 15:20:51.437   956   968 W ResourceType: ResTable_typeSpec entry count inconsistent: given 3058, previously 3078
10-21 15:20:51.437   956   968 W ResourceType: ResTable_typeSpec entry count inconsistent: given 501, previously 4769
10-21 15:20:51.444   956   968 W ResourceType: ResTable_typeSpec entry count inconsistent: given 3017, previously 3020
10-21 15:20:51.445   956   968 W ResourceType: ResTable_typeSpec entry count inconsistent: given 3143, previously 3147
10-21 15:20:51.445   956   968 W ResourceType: ResTable_typeSpec entry count inconsistent: given 352, previously 2283
10-21 15:20:51.471   956   969 W ActivityManager: Activity pause timeout for ActivityRecord{e46a161 u0 onxmaps.hunt/onxmaps.xgps.XgpsActivity t2564}
10-21 15:20:51.516   956   968 W ResourceType: No known package when getting value for resource number 0x7f0806f7
10-21 15:20:51.516   956   968 W ResourceType: No known package when getting value for resource number 0x7f1404a7
10-21 15:20:51.517   956   968 W ResourceType: No known package when getting value for resource number 0x7f0806f9
10-21 15:20:51.517   956   968 W ResourceType: No known package when getting value for resource number 0x7f140c6f
10-21 15:20:51.517   956   968 W ResourceType: No known package when getting value for resource number 0x7f0806f5
10-21 15:20:51.517   956   968 W ResourceType: No known package when getting value for resource number 0x7f140089
10-21 15:20:53.003 19247 19330 I chatty  : uid=10183(onxmaps.hunt) expire 1 line
10-21 15:20:53.016 19247 19331 I chatty  : uid=10183(onxmaps.hunt) expire 1 line
10-21 15:20:53.028 19247 19314 I chatty  : uid=10183(onxmaps.hunt) expire 3 lines
10-21 15:20:53.029 19247 19267 I chatty  : uid=10183(onxmaps.hunt) expire 3 lines
10-21 15:20:53.030 19247 19271 I chatty  : uid=10183(onxmaps.hunt) expire 1 line
10-21 15:20:53.032 19247 19267 I chatty  : uid=10183(onxmaps.hunt) expire 3 lines
10-21 15:20:53.042 19247 19314 I chatty  : uid=10183(onxmaps.hunt) expire 1 line
10-21 15:20:53.044 19247 19267 I chatty  : uid=10183(onxmaps.hunt) expire 2 lines
10-21 15:20:53.045 19247 19267 D Snapshot: InstrumentationReport(invocation_java_signature='<com.facebook.internal.AttributionIdentifiers: com.facebook.internal.AttributionIdentifiers getAttributionIdentifiers(android.content.Context)>', invoke_id=4491783, enclosing_method_name='publishInstallAndWaitForResponse', enclosing_class_name='Lcom/facebook/FacebookSdk;', is_arg_register=False, is_return_register=True, invocation_argument_register_index=-1, is_before_invoke=False, invocation_argument_register_name='v0', invocation_argument_register_type='Lcom/facebook/internal/AttributionIdentifiers;', is_static=True);[<com.facebook.internal.AttributionIdentifiers .>, <java.lang.String androidAdvertiserId>];b91481e8-4bfc-47ce-82b6-728c3f6bff60
10-21 15:20:53.046 19247 19267 D Snapshot: InstrumentationReport(invocation_java_signature='<com.facebook.internal.AttributionIdentifiers: java.lang.String getAndroidAdvertiserId()>', invoke_id=4491023, enclosing_method_name='setAppEventAttributionParameters', enclosing_class_name='Lcom/facebook/internal/Utility;', is_arg_register=False, is_return_register=True, invocation_argument_register_index=-1, is_before_invoke=False, invocation_argument_register_name='v0', invocation_argument_register_type='Ljava/lang/String;', is_static=False);[<java.lang.String .>];b91481e8-4bfc-47ce-82b6-728c3f6bff60
10-21 15:20:53.046 19247 19267 D Snapshot: InstrumentationReport(invocation_java_signature='<com.facebook.internal.AttributionIdentifiers: java.lang.String getAndroidAdvertiserId()>', invoke_id=4491024, enclosing_method_name='setAppEventAttributionParameters', enclosing_class_name='Lcom/facebook/internal/Utility;', is_arg_register=False, is_return_register=True, invocation_argument_register_index=-1, is_before_invoke=False, invocation_argument_register_name='v1', invocation_argument_register_type='Ljava/lang/String;', is_static=False);[<java.lang.String .>];b91481e8-4bfc-47ce-82b6-728c3f6bff60
10-21 15:20:53.056 19247 19268 D GraphRequest: Warning: Request without access token missing application ID or client token.
10-21 15:20:53.059 19247 19314 D Snap-Debug: Calls to checkObjectForPII :14800
10-21 15:20:53.076 19247 19271 D Snap-Debug: Calls to checkObjectForPII :14900
10-21 15:20:53.088 19247 19271 D Snap-Debug: Calls to checkObjectForPII :15000
10-21 15:20:53.088 19247 19267 D GraphRequest: Warning: Request without access token missing application ID or client token.
10-21 15:20:53.101 19247 19331 D Snap-Debug: Calls to checkObjectForPII :15100
10-21 15:20:53.107 19247 19247 D Snap-Debug: Calls to checkObjectForPII :15200
10-21 15:20:53.110 19247 19271 D Snapshot: InstrumentationReport(invocation_java_signature='<org.json.JSONObject: java.lang.Object opt(java.lang.String)>', invoke_id=4482957, enclosing_method_name='processGraphObject', enclosing_class_name='Lcom/facebook/GraphRequest;', is_arg_register=False, is_return_register=True, invocation_argument_register_index=-1, is_before_invoke=False, invocation_argument_register_name='v4', invocation_argument_register_type='Ljava/lang/Object;', is_static=False);[<java.lang.String .>];b91481e8-4bfc-47ce-82b6-728c3f6bff60
10-21 15:20:53.110 19247 19271 D Snapshot: InstrumentationReport(invocation_java_signature='<java.lang.Object: java.lang.String toString()>', invoke_id=4482990, enclosing_method_name='processGraphObjectProperty', enclosing_class_name='Lcom/facebook/GraphRequest;', is_arg_register=False, is_return_register=True, invocation_argument_register_index=-1, is_before_invoke=False, invocation_argument_register_name='p1', invocation_argument_register_type='Ljava/lang/String;', is_static=False);[<java.lang.String .>];b91481e8-4bfc-47ce-82b6-728c3f6bff60
10-21 15:20:53.111 19247 19271 D Snapshot: InstrumentationReport(invocation_java_signature='<java.lang.String: java.lang.String format(java.lang.String,Ljava/lang/Object;[])>', invoke_id=4482265, enclosing_method_name='write', enclosing_class_name='Lcom/facebook/GraphRequest$Serializer;', is_arg_register=False, is_return_register=True, invocation_argument_register_index=-1, is_before_invoke=False, invocation_argument_register_name='p1', invocation_argument_register_type='Ljava/lang/String;', is_static=True);[<java.lang.String .>];b91481e8-4bfc-47ce-82b6-728c3f6bff60
10-21 15:20:53.112 19247 19247 D Snap-Debug: Calls to checkObjectForPII :15300
10-21 15:20:53.113 19247 19314 W ResourceType: ResTable_typeSpec entry count inconsistent: given 94, previously 97
10-21 15:20:53.113 19247 19314 W ResourceType: ResTable_typeSpec entry count inconsistent: given 3058, previously 3078
10-21 15:20:53.113 19247 19314 W ResourceType: ResTable_typeSpec entry count inconsistent: given 501, previously 4769
10-21 15:20:53.124 19247 19287 W ResourceType: ResTable_typeSpec entry count inconsistent: given 94, previously 97
10-21 15:20:53.125 19247 19287 W ResourceType: ResTable_typeSpec entry count inconsistent: given 3058, previously 3078
10-21 15:20:53.125 19247 19287 W ResourceType: ResTable_typeSpec entry count inconsistent: given 501, previously 4769
10-21 15:20:53.126 19247 19271 D Snap-Debug: Calls to checkObjectForPII :15400
10-21 15:20:53.139 19247 19271 D Snap-Debug: Calls to checkObjectForPII :15500
10-21 15:20:53.151 19247 19268 D Snapshot: InstrumentationReport(invocation_java_signature='<org.json.JSONObject: java.lang.Object opt(java.lang.String)>', invoke_id=4482957, enclosing_method_name='processGraphObject', enclosing_class_name='Lcom/facebook/GraphRequest;', is_arg_register=False, is_return_register=True, invocation_argument_register_index=-1, is_before_invoke=False, invocation_argument_register_name='v4', invocation_argument_register_type='Ljava/lang/Object;', is_static=False);[<java.lang.String .>];b91481e8-4bfc-47ce-82b6-728c3f6bff60
10-21 15:20:53.152 19247 19268 D Snapshot: InstrumentationReport(invocation_java_signature='<java.lang.Object: java.lang.String toString()>', invoke_id=4482990, enclosing_method_name='processGraphObjectProperty', enclosing_class_name='Lcom/facebook/GraphRequest;', is_arg_register=False, is_return_register=True, invocation_argument_register_index=-1, is_before_invoke=False, invocation_argument_register_name='p1', invocation_argument_register_type='Ljava/lang/String;', is_static=False);[<java.lang.String .>];b91481e8-4bfc-47ce-82b6-728c3f6bff60
10-21 15:20:53.152 19247 19267 D Snap-Debug: Calls to checkObjectForPII :15600
10-21 15:20:53.152 19247 19268 D Snapshot: InstrumentationReport(invocation_java_signature='<java.lang.String: java.lang.String format(java.util.Locale,java.lang.String,Ljava/lang/Object;[])>', invoke_id=4482268, enclosing_method_name='write', enclosing_class_name='Lcom/facebook/GraphRequest$Serializer;', is_arg_register=False, is_return_register=True, invocation_argument_register_index=-1, is_before_invoke=False, invocation_argument_register_name='p1', invocation_argument_register_type='Ljava/lang/String;', is_static=True);[<java.lang.String .>];b91481e8-4bfc-47ce-82b6-728c3f6bff60
10-21 15:20:53.152 19247 19268 D Snapshot: InstrumentationReport(invocation_java_signature='<java.net.URLEncoder: java.lang.String encode(java.lang.String,java.lang.String)>', invoke_id=4482269, enclosing_method_name='write', enclosing_class_name='Lcom/facebook/GraphRequest$Serializer;', is_arg_register=False, is_return_register=True, invocation_argument_register_index=-1, is_before_invoke=False, invocation_argument_register_name='p1', invocation_argument_register_type='Ljava/lang/String;', is_static=True);[<java.lang.String .>];b91481e8-4bfc-47ce-82b6-728c3f6bff60
10-21 15:20:53.160 19247 19267 D Snapshot: InstrumentationReport(invocation_java_signature='<org.json.JSONObject: java.lang.Object opt(java.lang.String)>', invoke_id=4482957, enclosing_method_name='processGraphObject', enclosing_class_name='Lcom/facebook/GraphRequest;', is_arg_register=False, is_return_register=True, invocation_argument_register_index=-1, is_before_invoke=False, invocation_argument_register_name='v4', invocation_argument_register_type='Ljava/lang/Object;', is_static=False);[<java.lang.String .>];b91481e8-4bfc-47ce-82b6-728c3f6bff60
10-21 15:20:53.161 19247 19267 D Snapshot: InstrumentationReport(invocation_java_signature='<java.lang.Object: java.lang.String toString()>', invoke_id=4482990, enclosing_method_name='processGraphObjectProperty', enclosing_class_name='Lcom/facebook/GraphRequest;', is_arg_register=False, is_return_register=True, invocation_argument_register_index=-1, is_before_invoke=False, invocation_argument_register_name='p1', invocation_argument_register_type='Ljava/lang/String;', is_static=False);[<java.lang.String .>];b91481e8-4bfc-47ce-82b6-728c3f6bff60
10-21 15:20:53.161 19247 19267 D Snapshot: InstrumentationReport(invocation_java_signature='<java.lang.String: java.lang.String format(java.util.Locale,java.lang.String,Ljava/lang/Object;[])>', invoke_id=4482268, enclosing_method_name='write', enclosing_class_name='Lcom/facebook/GraphRequest$Serializer;', is_arg_register=False, is_return_register=True, invocation_argument_register_index=-1, is_before_invoke=False, invocation_argument_register_name='p1', invocation_argument_register_type='Ljava/lang/String;', is_static=True);[<java.lang.String .>];b91481e8-4bfc-47ce-82b6-728c3f6bff60
10-21 15:20:53.161 19247 19267 D Snapshot: InstrumentationReport(invocation_java_signature='<java.net.URLEncoder: java.lang.String encode(java.lang.String,java.lang.String)>', invoke_id=4482269, enclosing_method_name='write', enclosing_class_name='Lcom/facebook/GraphRequest$Serializer;', is_arg_register=False, is_return_register=True, invocation_argument_register_index=-1, is_before_invoke=False, invocation_argument_register_name='p1', invocation_argument_register_type='Ljava/lang/String;', is_static=True);[<java.lang.String .>];b91481e8-4bfc-47ce-82b6-728c3f6bff60
10-21 15:20:53.163 19247 19257 I art     : Background partial concurrent mark sweep GC freed 61757(2MB) AllocSpace objects, 11(220KB) LOS objects, 34% free, 29MB/45MB, paused 4.216ms total 151.997ms
10-21 15:20:53.168 19247 19295 D Snapshot: InstrumentationReport(invocation_java_signature='<com.amplitude.api.DeviceInfo: com.amplitude.api.DeviceInfo$CachedInfo getCachedInfo()>', invoke_id=4480031, enclosing_method_name='getVersionName', enclosing_class_name='Lcom/amplitude/api/DeviceInfo;', is_arg_register=False, is_return_register=True, invocation_argument_register_index=-1, is_before_invoke=False, invocation_argument_register_name='v0', invocation_argument_register_type='Lcom/amplitude/api/DeviceInfo$CachedInfo;', is_static=False);[<com.amplitude.api.DeviceInfo$CachedInfo .>, <java.lang.String advertisingId>];b91481e8-4bfc-47ce-82b6-728c3f6bff60
10-21 15:20:53.214 19247 19255 E Snap-Debug: Creating entry in thread map, Thread ID is 1071
10-21 15:20:53.417 19247 19267 D Snap-Debug: Calls to checkObjectForPII :15700
10-21 15:20:53.420 19247 19295 D Snapshot: InstrumentationReport(invocation_java_signature='<com.amplitude.api.DeviceInfo: com.amplitude.api.DeviceInfo$CachedInfo getCachedInfo()>', invoke_id=4480027, enclosing_method_name='getOsName', enclosing_class_name='Lcom/amplitude/api/DeviceInfo;', is_arg_register=False, is_return_register=True, invocation_argument_register_index=-1, is_before_invoke=False, invocation_argument_register_name='v0', invocation_argument_register_type='Lcom/amplitude/api/DeviceInfo$CachedInfo;', is_static=False);[<com.amplitude.api.DeviceInfo$CachedInfo .>, <java.lang.String advertisingId>];b91481e8-4bfc-47ce-82b6-728c3f6bff60
10-21 15:20:53.421 19247 19295 D Snapshot: InstrumentationReport(invocation_java_signature='<com.amplitude.api.DeviceInfo: com.amplitude.api.DeviceInfo$CachedInfo getCachedInfo()>', invoke_id=4480029, enclosing_method_name='getOsVersion', enclosing_class_name='Lcom/amplitude/api/DeviceInfo;', is_arg_register=False, is_return_register=True, invocation_argument_register_index=-1, is_before_invoke=False, invocation_argument_register_name='v0', invocation_argument_register_type='Lcom/amplitude/api/DeviceInfo$CachedInfo;', is_static=False);[<com.amplitude.api.DeviceInfo$CachedInfo .>, <java.lang.String advertisingId>];b91481e8-4bfc-47ce-82b6-728c3f6bff60
10-21 15:20:53.422 19247 19295 D Snapshot: InstrumentationReport(invocation_java_signature='<com.amplitude.api.DeviceInfo: com.amplitude.api.DeviceInfo$CachedInfo getCachedInfo()>', invoke_id=4480000, enclosing_method_name='getBrand', enclosing_class_name='Lcom/amplitude/api/DeviceInfo;', is_arg_register=False, is_return_register=True, invocation_argument_register_index=-1, is_before_invoke=False, invocation_argument_register_name='v0', invocation_argument_register_type='Lcom/amplitude/api/DeviceInfo$CachedInfo;', is_static=False);[<com.amplitude.api.DeviceInfo$CachedInfo .>, <java.lang.String advertisingId>];b91481e8-4bfc-47ce-82b6-728c3f6bff60
10-21 15:20:53.423 19247 19295 D Snapshot: InstrumentationReport(invocation_java_signature='<com.amplitude.api.DeviceInfo: com.amplitude.api.DeviceInfo$CachedInfo getCachedInfo()>', invoke_id=4480009, enclosing_method_name='getManufacturer', enclosing_class_name='Lcom/amplitude/api/DeviceInfo;', is_arg_register=False, is_return_register=True, invocation_argument_register_index=-1, is_before_invoke=False, invocation_argument_register_name='v0', invocation_argument_register_type='Lcom/amplitude/api/DeviceInfo$CachedInfo;', is_static=False);[<com.amplitude.api.DeviceInfo$CachedInfo .>, <java.lang.String advertisingId>];b91481e8-4bfc-47ce-82b6-728c3f6bff60
10-21 15:20:53.424 19247 19295 D Snapshot: InstrumentationReport(invocation_java_signature='<com.amplitude.api.DeviceInfo: com.amplitude.api.DeviceInfo$CachedInfo getCachedInfo()>', invoke_id=4480011, enclosing_method_name='getModel', enclosing_class_name='Lcom/amplitude/api/DeviceInfo;', is_arg_register=False, is_return_register=True, invocation_argument_register_index=-1, is_before_invoke=False, invocation_argument_register_name='v0', invocation_argument_register_type='Lcom/amplitude/api/DeviceInfo$CachedInfo;', is_static=False);[<com.amplitude.api.DeviceInfo$CachedInfo .>, <java.lang.String advertisingId>];b91481e8-4bfc-47ce-82b6-728c3f6bff60
10-21 15:20:53.425 19247 19295 D Snapshot: InstrumentationReport(invocation_java_signature='<com.amplitude.api.DeviceInfo: com.amplitude.api.DeviceInfo$CachedInfo getCachedInfo()>', invoke_id=4480002, enclosing_method_name='getCarrier', enclosing_class_name='Lcom/amplitude/api/DeviceInfo;', is_arg_register=False, is_return_register=True, invocation_argument_register_index=-1, is_before_invoke=False, invocation_argument_register_name='v0', invocation_argument_register_type='Lcom/amplitude/api/DeviceInfo$CachedInfo;', is_static=False);[<com.amplitude.api.DeviceInfo$CachedInfo .>, <java.lang.String advertisingId>];b91481e8-4bfc-47ce-82b6-728c3f6bff60
10-21 15:20:53.426 19247 19295 D Snapshot: InstrumentationReport(invocation_java_signature='<com.amplitude.api.DeviceInfo: com.amplitude.api.DeviceInfo$CachedInfo getCachedInfo()>', invoke_id=4480004, enclosing_method_name='getCountry', enclosing_class_name='Lcom/amplitude/api/DeviceInfo;', is_arg_register=False, is_return_register=True, invocation_argument_register_index=-1, is_before_invoke=False, invocation_argument_register_name='v0', invocation_argument_register_type='Lcom/amplitude/api/DeviceInfo$CachedInfo;', is_static=False);[<com.amplitude.api.DeviceInfo$CachedInfo .>, <java.lang.String advertisingId>];b91481e8-4bfc-47ce-82b6-728c3f6bff60
10-21 15:20:53.427 19247 19295 D Snapshot: InstrumentationReport(invocation_java_signature='<com.amplitude.api.DeviceInfo: com.amplitude.api.DeviceInfo$CachedInfo getCachedInfo()>', invoke_id=4480007, enclosing_method_name='getLanguage', enclosing_class_name='Lcom/amplitude/api/DeviceInfo;', is_arg_register=False, is_return_register=True, invocation_argument_register_index=-1, is_before_invoke=False, invocation_argument_register_name='v0', invocation_argument_register_type='Lcom/amplitude/api/DeviceInfo$CachedInfo;', is_static=False);[<com.amplitude.api.DeviceInfo$CachedInfo .>, <java.lang.String advertisingId>];b91481e8-4bfc-47ce-82b6-728c3f6bff60
10-21 15:20:53.451 19247 19295 D Snapshot: InstrumentationReport(invocation_java_signature='<com.amplitude.api.DeviceInfo: com.amplitude.api.DeviceInfo$CachedInfo getCachedInfo()>', invoke_id=4479998, enclosing_method_name='getAdvertisingId', enclosing_class_name='Lcom/amplitude/api/DeviceInfo;', is_arg_register=False, is_return_register=True, invocation_argument_register_index=-1, is_before_invoke=False, invocation_argument_register_name='v0', invocation_argument_register_type='Lcom/amplitude/api/DeviceInfo$CachedInfo;', is_static=False);[<com.amplitude.api.DeviceInfo$CachedInfo .>, <java.lang.String advertisingId>];b91481e8-4bfc-47ce-82b6-728c3f6bff60
10-21 15:20:53.452 19247 19295 D Snapshot: InstrumentationReport(invocation_java_signature='<com.amplitude.api.DeviceInfo$CachedInfo: java.lang.String access$1100(com.amplitude.api.DeviceInfo$CachedInfo)>', invoke_id=4479999, enclosing_method_name='getAdvertisingId', enclosing_class_name='Lcom/amplitude/api/DeviceInfo;', is_arg_register=False, is_return_register=True, invocation_argument_register_index=-1, is_before_invoke=False, invocation_argument_register_name='v0', invocation_argument_register_type='Ljava/lang/String;', is_static=True);[<java.lang.String .>];b91481e8-4bfc-47ce-82b6-728c3f6bff60
10-21 15:20:53.452 19247 19295 D Snapshot: InstrumentationReport(invocation_java_signature='<com.amplitude.api.DeviceInfo: com.amplitude.api.DeviceInfo$CachedInfo getCachedInfo()>', invoke_id=4479998, enclosing_method_name='getAdvertisingId', enclosing_class_name='Lcom/amplitude/api/DeviceInfo;', is_arg_register=False, is_return_register=True, invocation_argument_register_index=-1, is_before_invoke=False, invocation_argument_register_name='v0', invocation_argument_register_type='Lcom/amplitude/api/DeviceInfo$CachedInfo;', is_static=False);[<com.amplitude.api.DeviceInfo$CachedInfo .>, <java.lang.String advertisingId>];b91481e8-4bfc-47ce-82b6-728c3f6bff60
10-21 15:20:53.453 19247 19295 D Snapshot: InstrumentationReport(invocation_java_signature='<com.amplitude.api.DeviceInfo$CachedInfo: java.lang.String access$1100(com.amplitude.api.DeviceInfo$CachedInfo)>', invoke_id=4479999, enclosing_method_name='getAdvertisingId', enclosing_class_name='Lcom/amplitude/api/DeviceInfo;', is_arg_register=False, is_return_register=True, invocation_argument_register_index=-1, is_before_invoke=False, invocation_argument_register_name='v0', invocation_argument_register_type='Ljava/lang/String;', is_static=True);[<java.lang.String .>];b91481e8-4bfc-47ce-82b6-728c3f6bff60
10-21 15:20:53.453 19247 19295 D Snapshot: InstrumentationReport(invocation_java_signature='<com.amplitude.api.DeviceInfo: com.amplitude.api.DeviceInfo$CachedInfo getCachedInfo()>', invoke_id=4480035, enclosing_method_name='isLimitAdTrackingEnabled', enclosing_class_name='Lcom/amplitude/api/DeviceInfo;', is_arg_register=False, is_return_register=True, invocation_argument_register_index=-1, is_before_invoke=False, invocation_argument_register_name='v0', invocation_argument_register_type='Lcom/amplitude/api/DeviceInfo$CachedInfo;', is_static=False);[<com.amplitude.api.DeviceInfo$CachedInfo .>, <java.lang.String advertisingId>];b91481e8-4bfc-47ce-82b6-728c3f6bff60
10-21 15:20:53.454 19247 19295 D Snapshot: InstrumentationReport(invocation_java_signature='<com.amplitude.api.DeviceInfo: com.amplitude.api.DeviceInfo$CachedInfo getCachedInfo()>', invoke_id=4480033, enclosing_method_name='isGooglePlayServicesEnabled', enclosing_class_name='Lcom/amplitude/api/DeviceInfo;', is_arg_register=False, is_return_register=True, invocation_argument_register_index=-1, is_before_invoke=False, invocation_argument_register_name='v0', invocation_argument_register_type='Lcom/amplitude/api/DeviceInfo$CachedInfo;', is_static=False);[<com.amplitude.api.DeviceInfo$CachedInfo .>, <java.lang.String advertisingId>];b91481e8-4bfc-47ce-82b6-728c3f6bff60
10-21 15:20:53.455 19247 19295 D Snapshot: InstrumentationReport(invocation_java_signature='<org.json.JSONObject: java.lang.String toString()>', invoke_id=4480324, enclosing_method_name='saveEvent', enclosing_class_name='Lcom/amplitude/api/AmplitudeClient;', is_arg_register=False, is_return_register=True, invocation_argument_register_index=-1, is_before_invoke=False, invocation_argument_register_name='p2', invocation_argument_register_type='Ljava/lang/String;', is_static=False);[<java.lang.String .>];{"event_type":"first_launched_app","timestamp":1729542050914,"user_id":null,"device_id":"14a8ff39-b540-4776-ac89-8070ccabc838R","session_id":1729542050914,"version_name":"4.18.1","os_name":"android","os_version":"7.1.1","device_brand":"google","device_manufacturer":"motorola","device_model":"Nexus 6","carrier":"Mint","country":"US","language":"en","platform":"Android","uuid":"37e04b51-aadd-4d4d-a52c-e457db2011b6","sequence_number":1,"library":{"name":"amplitude-android","version":"2.13.4"},"api_properties":{"androidADID":"b91481e8-4bfc-47ce-82b6-728c3f6bff60","limit_ad_tracking":false,"gps_enabled":true},"event_properties":{},"user_properties":{},"groups":{}}
10-21 15:20:53.461 19247 19287 D Snap-Debug: Calls to checkObjectForPII :15800
10-21 15:20:53.475 19247 19295 D Snap-Debug: Calls to checkObjectForPII :15900
10-21 15:20:53.488 19247 19247 D Snap-Debug: Calls to checkObjectForPII :16000
10-21 15:20:53.514 19247 19295 D Snapshot: InstrumentationReport(invocation_java_signature='<org.json.JSONArray: java.lang.String toString()>', invoke_id=4480419, enclosing_method_name='updateServer', enclosing_class_name='Lcom/amplitude/api/AmplitudeClient;', is_arg_register=False, is_return_register=True, invocation_argument_register_index=-1, is_before_invoke=False, invocation_argument_register_name='v5', invocation_argument_register_type='Ljava/lang/String;', is_static=False);[<java.lang.String .>];[{"event_type":"first_launched_app","timestamp":1729542050914,"user_id":null,"device_id":"14a8ff39-b540-4776-ac89-8070ccabc838R","session_id":1729542050914,"version_name":"4.18.1","os_name":"android","os_version":"7.1.1","device_brand":"google","device_manufacturer":"motorola","device_model":"Nexus 6","carrier":"Mint","country":"US","language":"en","platform":"Android","uuid":"37e04b51-aadd-4d4d-a52c-e457db2011b6","sequence_number":1,"library":{"name":"amplitude-android","version":"2.13.4"},"api_properties":{"androidADID":"b91481e8-4bfc-47ce-82b6-728c3f6bff60","limit_ad_tracking":false,"gps_enabled":true},"event_properties":{},"user_properties":{},"groups":{},"event_id":1}]
10-21 15:20:53.515 19247 19296 E Snap-Debug: Creating entry in thread map, Thread ID is 1112
10-21 15:20:53.515 19247 19296 D Snapshot: InstrumentationReport(invocation_java_signature='<java.lang.StringBuilder: java.lang.String toString()>', invoke_id=4480261, enclosing_method_name='makeEventUploadPostRequest', enclosing_class_name='Lcom/amplitude/api/AmplitudeClient;', is_arg_register=False, is_return_register=True, invocation_argument_register_index=-1, is_before_invoke=False, invocation_argument_register_name='v3', invocation_argument_register_type='Ljava/lang/String;', is_static=False);[<java.lang.String .>];25864f7fd3b921aafb257ca1277687247[{"event_type":"first_launched_app","timestamp":1729542050914,"user_id":null,"device_id":"14a8ff39-b540-4776-ac89-8070ccabc838R","session_id":1729542050914,"version_name":"4.18.1","os_name":"android","os_version":"7.1.1","device_brand":"google","device_manufacturer":"motorola","device_model":"Nexus 6","carrier":"Mint","country":"US","language":"en","platform":"Android","uuid":"37e04b51-aadd-4d4d-a52c-e457db2011b6","sequence_number":1,"library":{"name":"amplitude-android","version":"2.13.4"},"api_properties":{"androidADID":"b91481e8-4bfc-47ce-82b6-728c3f6bff60","limit_ad_tracking":false,"gps_enabled":true},"event_properties":{},"user_properties":{},"groups":{},"event_id":1}]1729542053514
10-21 15:20:53.517 19247 19296 D Snap-Debug: Calls to checkObjectForPII :16100
10-21 15:20:53.522 19247 19296 D Snap-Debug: Calls to checkObjectForPII :16200
10-21 15:20:53.525 19247 19296 D Snap-Debug: Calls to checkObjectForPII :16300
10-21 15:20:53.529 19247 19296 D Snap-Debug: Calls to checkObjectForPII :16400
10-21 15:20:53.532 19247 19296 D Snap-Debug: Calls to checkObjectForPII :16500
10-21 15:20:53.535 19247 19296 D Snap-Debug: Calls to checkObjectForPII :16600
10-21 15:20:53.545 19247 19296 D Snap-Debug: Calls to checkObjectForPII :16700
10-21 15:20:53.549 19247 19296 D Snap-Debug: Calls to checkObjectForPII :16800
10-21 15:20:53.555 19247 19296 D Snap-Debug: Calls to checkObjectForPII :16900
10-21 15:20:53.558 19247 19296 D Snap-Debug: Calls to checkObjectForPII :17000
10-21 15:20:53.562 19247 19252 I art     : Do partial code cache collection, code=26KB, data=30KB
10-21 15:20:53.565 19247 19296 D Snap-Debug: Calls to checkObjectForPII :17100
10-21 15:20:53.569 19247 19296 D Snap-Debug: Calls to checkObjectForPII :17200
10-21 15:20:53.572 19247 19296 D Snap-Debug: Calls to checkObjectForPII :17300
10-21 15:20:53.575 19247 19252 I art     : After code cache collection, code=24KB, data=30KB
10-21 15:20:53.575 19247 19252 I art     : Increasing code cache capacity to 128KB
10-21 15:20:53.579 19247 19296 D Snap-Debug: Calls to checkObjectForPII :17400
10-21 15:20:53.583 19247 19296 D Snap-Debug: Calls to checkObjectForPII :17500
10-21 15:20:53.586 19247 19296 D Snap-Debug: Calls to checkObjectForPII :17600
10-21 15:20:53.589 19247 19296 D Snapshot: InstrumentationReport(invocation_java_signature='<okio.Buffer: java.lang.String readString(long,java.nio.charset.Charset)>', invoke_id=4611773, enclosing_method_name='readUtf8', enclosing_class_name='Lokio/Buffer;', is_arg_register=False, is_return_register=True, invocation_argument_register_index=-1, is_before_invoke=False, invocation_argument_register_name='v0', invocation_argument_register_type='Ljava/lang/String;', is_static=False);[<java.lang.String .>];%5B%7B%22event_type%22%3A%22first_launched_app%22%2C%22timestamp%22%3A1729542050914%2C%22user_id%22%3Anull%2C%22device_id%22%3A%2214a8ff39-b540-4776-ac89-8070ccabc838R%22%2C%22session_id%22%3A1729542050914%2C%22version_name%22%3A%224.18.1%22%2C%22os_name%22%3A%22android%22%2C%22os_version%22%3A%227.1.1%22%2C%22device_brand%22%3A%22google%22%2C%22device_manufacturer%22%3A%22motorola%22%2C%22device_model%22%3A%22Nexus%206%22%2C%22carrier%22%3A%22Mint%22%2C%22country%22%3A%22US%22%2C%22language%22%3A%22en%22%2C%22platform%22%3A%22Android%22%2C%22uuid%22%3A%2237e04b51-aadd-4d4d-a52c-e457db2011b6%22%2C%22sequence_number%22%3A1%2C%22library%22%3A%7B%22name%22%3A%22amplitude-android%22%2C%22version%22%3A%222.13.4%22%7D%2C%22api_properties%22%3A%7B%22androidADID%22%3A%22b91481e8-4bfc-47ce-82b6-728c3f6bff60%22%2C%22limit_ad_tracking%22%3Afalse%2C%22gps_enabled%22%3Atrue%7D%2C%22event_properties%22%3A%7B%7D%2C%22user_properties%22%3A%7B%7D%2C%22groups%22%3A%7B%7D%2C%22event_id%22%3A1%7D%5D
10-21 15:20:53.840 19247 19296 D Snapshot: InstrumentationReport(invocation_java_signature='<okhttp3.HttpUrl: java.lang.String canonicalize(java.lang.String,int,int,java.lang.String,boolean,boolean,boolean,boolean)>', invoke_id=4569528, enclosing_method_name='canonicalize', enclosing_class_name='Lokhttp3/HttpUrl;', is_arg_register=False, is_return_register=True, invocation_argument_register_index=-1, is_before_invoke=False, invocation_argument_register_name='p0', invocation_argument_register_type='Ljava/lang/String;', is_static=True);[<java.lang.String .>];%5B%7B%22event_type%22%3A%22first_launched_app%22%2C%22timestamp%22%3A1729542050914%2C%22user_id%22%3Anull%2C%22device_id%22%3A%2214a8ff39-b540-4776-ac89-8070ccabc838R%22%2C%22session_id%22%3A1729542050914%2C%22version_name%22%3A%224.18.1%22%2C%22os_name%22%3A%22android%22%2C%22os_version%22%3A%227.1.1%22%2C%22device_brand%22%3A%22google%22%2C%22device_manufacturer%22%3A%22motorola%22%2C%22device_model%22%3A%22Nexus%206%22%2C%22carrier%22%3A%22Mint%22%2C%22country%22%3A%22US%22%2C%22language%22%3A%22en%22%2C%22platform%22%3A%22Android%22%2C%22uuid%22%3A%2237e04b51-aadd-4d4d-a52c-e457db2011b6%22%2C%22sequence_number%22%3A1%2C%22library%22%3A%7B%22name%22%3A%22amplitude-android%22%2C%22version%22%3A%222.13.4%22%7D%2C%22api_properties%22%3A%7B%22androidADID%22%3A%22b91481e8-4bfc-47ce-82b6-728c3f6bff60%22%2C%22limit_ad_tracking%22%3Afalse%2C%22gps_enabled%22%3Atrue%7D%2C%22event_properties%22%3A%7B%7D%2C%22user_properties%22%3A%7B%7D%2C%22groups%22%3A%7B%7D%2C%22event_id%22%3A1%7D%5D
10-21 15:20:53.842 19247 19296 D Snapshot: InstrumentationReport(invocation_java_signature='<okhttp3.HttpUrl: java.lang.String canonicalize(java.lang.String,java.lang.String,boolean,boolean,boolean,boolean)>', invoke_id=4568759, enclosing_method_name='add', enclosing_class_name='Lokhttp3/FormBody$Builder;', is_arg_register=False, is_return_register=True, invocation_argument_register_index=-1, is_before_invoke=False, invocation_argument_register_name='p2', invocation_argument_register_type='Ljava/lang/String;', is_static=True);[<java.lang.String .>];%5B%7B%22event_type%22%3A%22first_launched_app%22%2C%22timestamp%22%3A1729542050914%2C%22user_id%22%3Anull%2C%22device_id%22%3A%2214a8ff39-b540-4776-ac89-8070ccabc838R%22%2C%22session_id%22%3A1729542050914%2C%22version_name%22%3A%224.18.1%22%2C%22os_name%22%3A%22android%22%2C%22os_version%22%3A%227.1.1%22%2C%22device_brand%22%3A%22google%22%2C%22device_manufacturer%22%3A%22motorola%22%2C%22device_model%22%3A%22Nexus%206%22%2C%22carrier%22%3A%22Mint%22%2C%22country%22%3A%22US%22%2C%22language%22%3A%22en%22%2C%22platform%22%3A%22Android%22%2C%22uuid%22%3A%2237e04b51-aadd-4d4d-a52c-e457db2011b6%22%2C%22sequence_number%22%3A1%2C%22library%22%3A%7B%22name%22%3A%22amplitude-android%22%2C%22version%22%3A%222.13.4%22%7D%2C%22api_properties%22%3A%7B%22androidADID%22%3A%22b91481e8-4bfc-47ce-82b6-728c3f6bff60%22%2C%22limit_ad_tracking%22%3Afalse%2C%22gps_enabled%22%3Atrue%7D%2C%22event_properties%22%3A%7B%7D%2C%22user_properties%22%3A%7B%7D%2C%22groups%22%3A%7B%7D%2C%22event_id%22%3A1%7D%5D
10-21 15:20:53.856 19247 19296 D Snap-Debug: Calls to checkObjectForPII :17700
10-21 15:20:53.872 19247 19247 D Snap-Debug: Calls to checkObjectForPII :17800
10-21 15:20:53.884 19247 19296 D Snap-Debug: Calls to checkObjectForPII :17900
10-21 15:20:53.885 19247 19296 D Snapshot: InstrumentationReport(invocation_java_signature='<java.util.List: java.lang.Object get(int)>', invoke_id=4569456, enclosing_method_name='writeOrCountBytes', enclosing_class_name='Lokhttp3/FormBody;', is_arg_register=False, is_return_register=True, invocation_argument_register_index=-1, is_before_invoke=False, invocation_argument_register_name='v2', invocation_argument_register_type='Ljava/lang/Object;', is_static=False);[<java.lang.String .>];%5B%7B%22event_type%22%3A%22first_launched_app%22%2C%22timestamp%22%3A1729542050914%2C%22user_id%22%3Anull%2C%22device_id%22%3A%2214a8ff39-b540-4776-ac89-8070ccabc838R%22%2C%22session_id%22%3A1729542050914%2C%22version_name%22%3A%224.18.1%22%2C%22os_name%22%3A%22android%22%2C%22os_version%22%3A%227.1.1%22%2C%22device_brand%22%3A%22google%22%2C%22device_manufacturer%22%3A%22motorola%22%2C%22device_model%22%3A%22Nexus%206%22%2C%22carrier%22%3A%22Mint%22%2C%22country%22%3A%22US%22%2C%22language%22%3A%22en%22%2C%22platform%22%3A%22Android%22%2C%22uuid%22%3A%2237e04b51-aadd-4d4d-a52c-e457db2011b6%22%2C%22sequence_number%22%3A1%2C%22library%22%3A%7B%22name%22%3A%22amplitude-android%22%2C%22version%22%3A%222.13.4%22%7D%2C%22api_properties%22%3A%7B%22androidADID%22%3A%22b91481e8-4bfc-47ce-82b6-728c3f6bff60%22%2C%22limit_ad_tracking%22%3Afalse%2C%22gps_enabled%22%3Atrue%7D%2C%22event_properties%22%3A%7B%7D%2C%22user_properties%22%3A%7B%7D%2C%22groups%22%3A%7B%7D%2C%22event_id%22%3A1%7D%5D
10-21 15:20:53.896 19247 19296 D Snap-Debug: Calls to checkObjectForPII :18000
10-21 15:20:53.934 19247 19247 D Snap-Debug: Calls to checkObjectForPII :18100
10-21 15:20:54.044 19247 19247 D Snap-Debug: Calls to checkObjectForPII :18200
10-21 15:20:54.156 19247 19296 D Snap-Debug: Calls to checkObjectForPII :18300
10-21 15:20:54.176 19247 19296 D Snap-Debug: Calls to checkObjectForPII :18400
10-21 15:20:54.240 19247 19296 D Snap-Debug: Calls to checkObjectForPII :18500
10-21 15:20:54.255 19247 19296 D Snap-Debug: Calls to checkObjectForPII :18600
10-21 15:20:54.270 19247 19296 D Snap-Debug: Calls to checkObjectForPII :18700
10-21 15:20:54.284 19247 19296 D Snap-Debug: Calls to checkObjectForPII :18800
10-21 15:20:54.296 19247 19296 D Snap-Debug: Calls to checkObjectForPII :18900
10-21 15:20:54.307 19247 19296 D Snap-Debug: Calls to checkObjectForPII :19000
10-21 15:20:54.318 19247 19296 D Snap-Debug: Calls to checkObjectForPII :19100
10-21 15:20:54.330 19247 19296 D Snap-Debug: Calls to checkObjectForPII :19200
10-21 15:20:54.351 19247 19296 D Snap-Debug: Calls to checkObjectForPII :19300
10-21 15:20:54.365 19247 19247 D Snap-Debug: Calls to checkObjectForPII :19400
10-21 15:20:54.374 19247 19247 D Snap-Debug: Calls to checkObjectForPII :19500
10-21 15:20:54.381 19247 19296 D Snap-Debug: Calls to checkObjectForPII :19600
