10-21 15:20:54.382 19247 19337 E Snap-Debug: Creating entry in thread map, Thread ID is 1145
10-21 15:20:54.395 19247 19340 E Snap-Debug: Creating entry in thread map, Thread ID is 1148
10-21 15:20:54.395 19247 19339 E Snap-Debug: Creating entry in thread map, Thread ID is 1147
10-21 15:20:54.395 19247 19247 I ViewConfigCompat: Could not find method getScaledScrollFactor() on ViewConfiguration
10-21 15:20:54.398 19247 19339 D Snap-Debug: Calls to checkObjectForPII :19700
10-21 15:20:54.407 19247 19338 E Snap-Debug: Creating entry in thread map, Thread ID is 1146
10-21 15:20:54.455 19247 19247 D Snap-Debug: Calls to checkObjectForPII :19800
10-21 15:20:54.468 19247 19247 D Snap-Debug: Calls to checkObjectForPII :19900
10-21 15:20:54.482 19247 19296 D Snap-Debug: Calls to checkObjectForPII :20000
10-21 15:20:54.489 19247 19247 D Snap-Debug: Calls to checkObjectForPII :20100
10-21 15:20:54.495 19247 19264 D Snap-Debug: Calls to checkObjectForPII :20200
10-21 15:20:54.503 19247 19264 D Snap-Debug: Calls to checkObjectForPII :20300
10-21 15:20:54.519 19247 19264 D Snap-Debug: Calls to checkObjectForPII :20400
10-21 15:20:54.539 19247 19296 D Snap-Debug: Calls to checkObjectForPII :20500
10-21 15:20:54.546 19247 19296 D Snap-Debug: Calls to checkObjectForPII :20600
10-21 15:20:54.550 19247 19296 D Snap-Debug: Calls to checkObjectForPII :20700
10-21 15:20:54.553 19247 19296 D Snapshot: InstrumentationReport(invocation_java_signature='<java.util.List: java.lang.Object get(int)>', invoke_id=4569456, enclosing_method_name='writeOrCountBytes', enclosing_class_name='Lokhttp3/FormBody;', is_arg_register=False, is_return_register=True, invocation_argument_register_index=-1, is_before_invoke=False, invocation_argument_register_name='v2', invocation_argument_register_type='Ljava/lang/Object;', is_static=False);[<java.lang.String .>];%5B%7B%22event_type%22%3A%22first_launched_app%22%2C%22timestamp%22%3A1729542050914%2C%22user_id%22%3Anull%2C%22device_id%22%3A%2214a8ff39-b540-4776-ac89-8070ccabc838R%22%2C%22session_id%22%3A1729542050914%2C%22version_name%22%3A%224.18.1%22%2C%22os_name%22%3A%22android%22%2C%22os_version%22%3A%227.1.1%22%2C%22device_brand%22%3A%22google%22%2C%22device_manufacturer%22%3A%22motorola%22%2C%22device_model%22%3A%22Nexus%206%22%2C%22carrier%22%3A%22Mint%22%2C%22country%22%3A%22US%22%2C%22language%22%3A%22en%22%2C%22platform%22%3A%22Android%22%2C%22uuid%22%3A%2237e04b51-aadd-4d4d-a52c-e457db2011b6%22%2C%22sequence_number%22%3A1%2C%22library%22%3A%7B%22name%22%3A%22amplitude-android%22%2C%22version%22%3A%222.13.4%22%7D%2C%22api_properties%22%3A%7B%22androidADID%22%3A%22b91481e8-4bfc-47ce-82b6-728c3f6bff60%22%2C%22limit_ad_tracking%22%3Afalse%2C%22gps_enabled%22%3Atrue%7D%2C%22event_properties%22%3A%7B%7D%2C%22user_properties%22%3A%7B%7D%2C%22groups%22%3A%7B%7D%2C%22event_id%22%3A1%7D%5D
10-21 15:20:54.555 19247 19296 D Snap-Debug: Calls to checkObjectForPII :20800
10-21 15:20:54.556 19247 19296 D Snapshot: InstrumentationReport(invocation_java_signature='<java.util.List: java.lang.Object get(int)>', invoke_id=4569456, enclosing_method_name='writeOrCountBytes', enclosing_class_name='Lokhttp3/FormBody;', is_arg_register=False, is_return_register=True, invocation_argument_register_index=-1, is_before_invoke=False, invocation_argument_register_name='v2', invocation_argument_register_type='Ljava/lang/Object;', is_static=False);[<java.lang.String .>];%5B%7B%22event_type%22%3A%22first_launched_app%22%2C%22timestamp%22%3A1729542050914%2C%22user_id%22%3Anull%2C%22device_id%22%3A%2214a8ff39-b540-4776-ac89-8070ccabc838R%22%2C%22session_id%22%3A1729542050914%2C%22version_name%22%3A%224.18.1%22%2C%22os_name%22%3A%22android%22%2C%22os_version%22%3A%227.1.1%22%2C%22device_brand%22%3A%22google%22%2C%22device_manufacturer%22%3A%22motorola%22%2C%22device_model%22%3A%22Nexus%206%22%2C%22carrier%22%3A%22Mint%22%2C%22country%22%3A%22US%22%2C%22language%22%3A%22en%22%2C%22platform%22%3A%22Android%22%2C%22uuid%22%3A%2237e04b51-aadd-4d4d-a52c-e457db2011b6%22%2C%22sequence_number%22%3A1%2C%22library%22%3A%7B%22name%22%3A%22amplitude-android%22%2C%22version%22%3A%222.13.4%22%7D%2C%22api_properties%22%3A%7B%22androidADID%22%3A%22b91481e8-4bfc-47ce-82b6-728c3f6bff60%22%2C%22limit_ad_tracking%22%3Afalse%2C%22gps_enabled%22%3Atrue%7D%2C%22event_properties%22%3A%7B%7D%2C%22user_properties%22%3A%7B%7D%2C%22groups%22%3A%7B%7D%2C%22event_id%22%3A1%7D%5D
10-21 15:20:54.652 19247 19337 D Snap-Debug: Calls to checkObjectForPII :20900
10-21 15:20:54.671 19247 19247 D Snap-Debug: Calls to checkObjectForPII :21000
10-21 15:20:54.701 19247 19296 D Snap-Debug: Calls to checkObjectForPII :21100
10-21 15:20:54.734 19247 19341 E Snap-Debug: Creating entry in thread map, Thread ID is 1149
10-21 15:20:54.737 19247 19247 W ResourceType: No package identifier when getting value for resource number 0x00000000
10-21 15:20:54.737 19247 19247 D Snapshot: InstrumentationReport(invocation_java_signature='<java.lang.StringBuilder: java.lang.String toString()>', invoke_id=4602994, enclosing_method_name='buildStrongMatchUrl', enclosing_class_name='Lio/branch/referral/BranchStrongMatchHelper;', is_arg_register=False, is_return_register=True, invocation_argument_register_index=-1, is_before_invoke=False, invocation_argument_register_name='p1', invocation_argument_register_type='Ljava/lang/String;', is_static=False);[<java.lang.String .>];https://app.link/_strong_match?os=Android&hardware_id=3a15cc3d742be836&hardware_id_type=vendor_id&google_advertising_id=b91481e8-4bfc-47ce-82b6-728c3f6bff60
10-21 15:20:54.738 19247 19247 D Snapshot: InstrumentationReport(invocation_java_signature='<java.lang.StringBuilder: java.lang.String toString()>', invoke_id=4603016, enclosing_method_name='buildStrongMatchUrl', enclosing_class_name='Lio/branch/referral/BranchStrongMatchHelper;', is_arg_register=False, is_return_register=True, invocation_argument_register_index=-1, is_before_invoke=False, invocation_argument_register_name='p1', invocation_argument_register_type='Ljava/lang/String;', is_static=False);[<java.lang.String .>];https://app.link/_strong_match?os=Android&hardware_id=3a15cc3d742be836&hardware_id_type=vendor_id&google_advertising_id=b91481e8-4bfc-47ce-82b6-728c3f6bff60&app_version=4.18.1
10-21 15:20:54.738 19247 19247 D Snapshot: InstrumentationReport(invocation_java_signature='<java.lang.StringBuilder: java.lang.String toString()>', invoke_id=4603027, enclosing_method_name='buildStrongMatchUrl', enclosing_class_name='Lio/branch/referral/BranchStrongMatchHelper;', is_arg_register=False, is_return_register=True, invocation_argument_register_index=-1, is_before_invoke=False, invocation_argument_register_name='p1', invocation_argument_register_type='Ljava/lang/String;', is_static=False);[<java.lang.String .>];https://app.link/_strong_match?os=Android&hardware_id=3a15cc3d742be836&hardware_id_type=vendor_id&google_advertising_id=b91481e8-4bfc-47ce-82b6-728c3f6bff60&app_version=4.18.1&branch_key=key_live_hoAqVYxOa4EUzgnII9UsfbodDsmCqdf0
10-21 15:20:54.739 19247 19247 D Snapshot: InstrumentationReport(invocation_java_signature='<java.lang.StringBuilder: java.lang.String toString()>', invoke_id=4603031, enclosing_method_name='buildStrongMatchUrl', enclosing_class_name='Lio/branch/referral/BranchStrongMatchHelper;', is_arg_register=False, is_return_register=True, invocation_argument_register_index=-1, is_before_invoke=False, invocation_argument_register_name='p1', invocation_argument_register_type='Ljava/lang/String;', is_static=False);[<java.lang.String .>];https://app.link/_strong_match?os=Android&hardware_id=3a15cc3d742be836&hardware_id_type=vendor_id&google_advertising_id=b91481e8-4bfc-47ce-82b6-728c3f6bff60&app_version=4.18.1&branch_key=key_live_hoAqVYxOa4EUzgnII9UsfbodDsmCqdf0&sdk=android2.12.2
10-21 15:20:54.739 19247 19247 D Snapshot: InstrumentationReport(invocation_java_signature='<android.net.Uri: android.net.Uri parse(java.lang.String)>', invoke_id=4603032, enclosing_method_name='buildStrongMatchUrl', enclosing_class_name='Lio/branch/referral/BranchStrongMatchHelper;', is_arg_register=False, is_return_register=True, invocation_argument_register_index=-1, is_before_invoke=False, invocation_argument_register_name='p1', invocation_argument_register_type='Landroid/net/Uri;', is_static=True);[<android.net.Uri$StringUri .>, <java.lang.String uriString>];https://app.link/_strong_match?os=Android&hardware_id=3a15cc3d742be836&hardware_id_type=vendor_id&google_advertising_id=b91481e8-4bfc-47ce-82b6-728c3f6bff60&app_version=4.18.1&branch_key=key_live_hoAqVYxOa4EUzgnII9UsfbodDsmCqdf0&sdk=android2.12.2
10-21 15:20:54.764   956  9234 I ActivityManager: Start proc 19343:com.android.chrome/u0a54 for service com.android.chrome/org.chromium.chrome.browser.customtabs.CustomTabsConnectionService
10-21 15:20:54.765 19247 19247 D Snap-Debug: Calls to checkObjectForPII :21200
10-21 15:20:54.793 19247 19314 D Snapshot: InstrumentationReport(invocation_java_signature='<android.os.Parcel: java.lang.String readString()>', invoke_id=4465918, enclosing_method_name='getId', enclosing_class_name='Lcom/google/android/gms/internal/zzfj;', is_arg_register=False, is_return_register=True, invocation_argument_register_index=-1, is_before_invoke=False, invocation_argument_register_name='v1', invocation_argument_register_type='Ljava/lang/String;', is_static=False);[<java.lang.String .>];b91481e8-4bfc-47ce-82b6-728c3f6bff60
10-21 15:20:54.794 19247 19314 D Snapshot: InstrumentationReport(invocation_java_signature='<com.google.android.gms.internal.zzfh: java.lang.String getId()>', invoke_id=4434965, enclosing_method_name='getInfo', enclosing_class_name='Lcom/google/android/gms/ads/identifier/AdvertisingIdClient;', is_arg_register=False, is_return_register=True, invocation_argument_register_index=-1, is_before_invoke=False, invocation_argument_register_name='v1', invocation_argument_register_type='Ljava/lang/String;', is_static=False);[<java.lang.String .>];b91481e8-4bfc-47ce-82b6-728c3f6bff60
10-21 15:20:54.803 19247 19247 D Snap-Debug: Calls to checkObjectForPII :21300
10-21 15:20:54.804 19247 19314 D Snapshot: InstrumentationReport(invocation_java_signature='<com.google.android.gms.ads.identifier.AdvertisingIdClient: com.google.android.gms.ads.identifier.AdvertisingIdClient$Info getInfo()>', invoke_id=4434907, enclosing_method_name='getAdvertisingIdInfo', enclosing_class_name='Lcom/google/android/gms/ads/identifier/AdvertisingIdClient;', is_arg_register=False, is_return_register=True, invocation_argument_register_index=-1, is_before_invoke=False, invocation_argument_register_name='v2', invocation_argument_register_type='Lcom/google/android/gms/ads/identifier/AdvertisingIdClient$Info;', is_static=False);[<com.google.android.gms.ads.identifier.AdvertisingIdClient$Info .>, <java.lang.String zzamh>];b91481e8-4bfc-47ce-82b6-728c3f6bff60
10-21 15:20:54.805 19247 19287 D Snapshot: InstrumentationReport(invocation_java_signature='<android.os.Parcel: java.lang.String readString()>', invoke_id=4465918, enclosing_method_name='getId', enclosing_class_name='Lcom/google/android/gms/internal/zzfj;', is_arg_register=False, is_return_register=True, invocation_argument_register_index=-1, is_before_invoke=False, invocation_argument_register_name='v1', invocation_argument_register_type='Ljava/lang/String;', is_static=False);[<java.lang.String .>];b91481e8-4bfc-47ce-82b6-728c3f6bff60
10-21 15:20:54.805 19247 19287 D Snapshot: InstrumentationReport(invocation_java_signature='<com.google.android.gms.internal.zzfh: java.lang.String getId()>', invoke_id=4434965, enclosing_method_name='getInfo', enclosing_class_name='Lcom/google/android/gms/ads/identifier/AdvertisingIdClient;', is_arg_register=False, is_return_register=True, invocation_argument_register_index=-1, is_before_invoke=False, invocation_argument_register_name='v1', invocation_argument_register_type='Ljava/lang/String;', is_static=False);[<java.lang.String .>];b91481e8-4bfc-47ce-82b6-728c3f6bff60
10-21 15:20:54.806 19247 19314 D Snapshot: InstrumentationReport(invocation_java_signature='<com.google.android.gms.ads.identifier.AdvertisingIdClient: com.google.android.gms.ads.identifier.AdvertisingIdClient$Info getAdvertisingIdInfo(android.content.Context)>', invoke_id=4479109, enclosing_method_name='a', enclosing_class_name='Lcom/kochava/base/e$11;', is_arg_register=False, is_return_register=True, invocation_argument_register_index=-1, is_before_invoke=False, invocation_argument_register_name='p1', invocation_argument_register_type='Lcom/google/android/gms/ads/identifier/AdvertisingIdClient$Info;', is_static=True);[<com.google.android.gms.ads.identifier.AdvertisingIdClient$Info .>, <java.lang.String zzamh>];b91481e8-4bfc-47ce-82b6-728c3f6bff60
10-21 15:20:54.807 19247 19287 D Snapshot: InstrumentationReport(invocation_java_signature='<com.google.android.gms.ads.identifier.AdvertisingIdClient: com.google.android.gms.ads.identifier.AdvertisingIdClient$Info getInfo()>', invoke_id=4434907, enclosing_method_name='getAdvertisingIdInfo', enclosing_class_name='Lcom/google/android/gms/ads/identifier/AdvertisingIdClient;', is_arg_register=False, is_return_register=True, invocation_argument_register_index=-1, is_before_invoke=False, invocation_argument_register_name='v2', invocation_argument_register_type='Lcom/google/android/gms/ads/identifier/AdvertisingIdClient$Info;', is_static=False);[<com.google.android.gms.ads.identifier.AdvertisingIdClient$Info .>, <java.lang.String zzamh>];b91481e8-4bfc-47ce-82b6-728c3f6bff60
10-21 15:20:54.809 19247 19287 D Snapshot: InstrumentationReport(invocation_java_signature='<java.lang.reflect.Method: java.lang.Object invoke(java.lang.Object,Ljava/lang/Object;[])>', invoke_id=4608013, enclosing_method_name='getInfo', enclosing_class_name='Lio/fabric/sdk/android/services/common/AdvertisingInfoReflectionStrategy;', is_arg_register=False, is_return_register=True, invocation_argument_register_index=-1, is_before_invoke=False, invocation_argument_register_name='v1', invocation_argument_register_type='Ljava/lang/Object;', is_static=False);[<com.google.android.gms.ads.identifier.AdvertisingIdClient$Info .>, <java.lang.String zzamh>];b91481e8-4bfc-47ce-82b6-728c3f6bff60
10-21 15:20:54.810 19247 19287 D Snapshot: InstrumentationReport(invocation_java_signature='<io.fabric.sdk.android.services.common.AdvertisingInfoReflectionStrategy: java.lang.Object getInfo()>', invoke_id=4608018, enclosing_method_name='isLimitAdTrackingEnabled', enclosing_class_name='Lio/fabric/sdk/android/services/common/AdvertisingInfoReflectionStrategy;', is_arg_register=False, is_return_register=True, invocation_argument_register_index=-1, is_before_invoke=False, invocation_argument_register_name='v2', invocation_argument_register_type='Ljava/lang/Object;', is_static=False);[<com.google.android.gms.ads.identifier.AdvertisingIdClient$Info .>, <java.lang.String zzamh>];b91481e8-4bfc-47ce-82b6-728c3f6bff60
10-21 15:20:54.812 19247 19287 D Snapshot: InstrumentationReport(invocation_java_signature='<io.fabric.sdk.android.services.common.AdvertisingInfoStrategy: io.fabric.sdk.android.services.common.AdvertisingInfo getAdvertisingInfo()>', invoke_id=4607925, enclosing_method_name='getAdvertisingInfoFromStrategies', enclosing_class_name='Lio/fabric/sdk/android/services/common/AdvertisingInfoProvider;', is_arg_register=False, is_return_register=True, invocation_argument_register_index=-1, is_before_invoke=False, invocation_argument_register_name='v0', invocation_argument_register_type='Lio/fabric/sdk/android/services/common/AdvertisingInfo;', is_static=False);[<io.fabric.sdk.android.services.common.AdvertisingInfo .>, <java.lang.String advertisingId>];b91481e8-4bfc-47ce-82b6-728c3f6bff60
10-21 15:20:54.812 19247 19287 D Snapshot: InstrumentationReport(invocation_java_signature='<io.fabric.sdk.android.services.common.AdvertisingInfoProvider: io.fabric.sdk.android.services.common.AdvertisingInfo getAdvertisingInfoFromStrategies()>', invoke_id=4607954, enclosing_method_name='getAdvertisingInfo', enclosing_class_name='Lio/fabric/sdk/android/services/common/AdvertisingInfoProvider;', is_arg_register=False, is_return_register=True, invocation_argument_register_index=-1, is_before_invoke=False, invocation_argument_register_name='v0', invocation_argument_register_type='Lio/fabric/sdk/android/services/common/AdvertisingInfo;', is_static=False);[<io.fabric.sdk.android.services.common.AdvertisingInfo .>, <java.lang.String advertisingId>];b91481e8-4bfc-47ce-82b6-728c3f6bff60
10-21 15:20:54.813 19247 19287 D Snapshot: InstrumentationReport(invocation_java_signature='<io.fabric.sdk.android.services.common.AdvertisingInfoProvider: io.fabric.sdk.android.services.common.AdvertisingInfo getAdvertisingInfo()>', invoke_id=4607615, enclosing_method_name='getAdvertisingInfo', enclosing_class_name='Lio/fabric/sdk/android/services/common/IdManager;', is_arg_register=False, is_return_register=True, invocation_argument_register_index=-1, is_before_invoke=False, invocation_argument_register_name='v0', invocation_argument_register_type='Lio/fabric/sdk/android/services/common/AdvertisingInfo;', is_static=False);[<io.fabric.sdk.android.services.common.AdvertisingInfo .>, <java.lang.String advertisingId>];b91481e8-4bfc-47ce-82b6-728c3f6bff60
10-21 15:20:54.813 19247 19287 D Snapshot: InstrumentationReport(invocation_java_signature='<io.fabric.sdk.android.services.common.IdManager: io.fabric.sdk.android.services.common.AdvertisingInfo getAdvertisingInfo()>', invoke_id=4607614, enclosing_method_name='getAdvertisingId', enclosing_class_name='Lio/fabric/sdk/android/services/common/IdManager;', is_arg_register=False, is_return_register=True, invocation_argument_register_index=-1, is_before_invoke=False, invocation_argument_register_name='v0', invocation_argument_register_type='Lio/fabric/sdk/android/services/common/AdvertisingInfo;', is_static=False);[<io.fabric.sdk.android.services.common.AdvertisingInfo .>, <java.lang.String advertisingId>];b91481e8-4bfc-47ce-82b6-728c3f6bff60
10-21 15:20:54.813 19247 19287 D Snapshot: InstrumentationReport(invocation_java_signature='<io.fabric.sdk.android.services.common.IdManager: java.lang.String getAdvertisingId()>', invoke_id=4607637, enclosing_method_name='getDeviceIdentifiers', enclosing_class_name='Lio/fabric/sdk/android/services/common/IdManager;', is_arg_register=False, is_return_register=True, invocation_argument_register_index=-1, is_before_invoke=False, invocation_argument_register_name='v2', invocation_argument_register_type='Ljava/lang/String;', is_static=False);[<java.lang.String .>];b91481e8-4bfc-47ce-82b6-728c3f6bff60
10-21 15:20:54.814 19247 19247 D Snap-Debug: Calls to checkObjectForPII :21400
10-21 15:20:54.822 19247 19314 D Snap-Debug: Calls to checkObjectForPII :21500
10-21 15:20:54.824 19247 19281 D Snapshot: InstrumentationReport(invocation_java_signature='<io.fabric.sdk.android.services.common.IdManager: io.fabric.sdk.android.services.common.AdvertisingInfo getAdvertisingInfo()>', invoke_id=4607614, enclosing_method_name='getAdvertisingId', enclosing_class_name='Lio/fabric/sdk/android/services/common/IdManager;', is_arg_register=False, is_return_register=True, invocation_argument_register_index=-1, is_before_invoke=False, invocation_argument_register_name='v0', invocation_argument_register_type='Lio/fabric/sdk/android/services/common/AdvertisingInfo;', is_static=False);[<io.fabric.sdk.android.services.common.AdvertisingInfo .>, <java.lang.String advertisingId>];b91481e8-4bfc-47ce-82b6-728c3f6bff60
10-21 15:20:54.825 19247 19289 D Snapshot: InstrumentationReport(invocation_java_signature='<io.fabric.sdk.android.services.common.IdManager: io.fabric.sdk.android.services.common.AdvertisingInfo getAdvertisingInfo()>', invoke_id=4607614, enclosing_method_name='getAdvertisingId', enclosing_class_name='Lio/fabric/sdk/android/services/common/IdManager;', is_arg_register=False, is_return_register=True, invocation_argument_register_index=-1, is_before_invoke=False, invocation_argument_register_name='v0', invocation_argument_register_type='Lio/fabric/sdk/android/services/common/AdvertisingInfo;', is_static=False);[<io.fabric.sdk.android.services.common.AdvertisingInfo .>, <java.lang.String advertisingId>];b91481e8-4bfc-47ce-82b6-728c3f6bff60
10-21 15:20:54.825 19247 19289 D Snapshot: InstrumentationReport(invocation_java_signature='<io.fabric.sdk.android.services.common.IdManager: java.lang.String getAdvertisingId()>', invoke_id=4607637, enclosing_method_name='getDeviceIdentifiers', enclosing_class_name='Lio/fabric/sdk/android/services/common/IdManager;', is_arg_register=False, is_return_register=True, invocation_argument_register_index=-1, is_before_invoke=False, invocation_argument_register_name='v2', invocation_argument_register_type='Ljava/lang/String;', is_static=False);[<java.lang.String .>];b91481e8-4bfc-47ce-82b6-728c3f6bff60
10-21 15:20:54.829 19247 19289 D Snapshot: InstrumentationReport(invocation_java_signature='<java.util.Map$Entry: java.lang.Object getValue()>', invoke_id=4420202, enclosing_method_name='getSessionDeviceSize', enclosing_class_name='Lcom/crashlytics/android/core/SessionProtobufHelper;', is_arg_register=False, is_return_register=True, invocation_argument_register_index=-1, is_before_invoke=False, invocation_argument_register_name='p2', invocation_argument_register_type='Ljava/lang/Object;', is_static=False);[<java.lang.String .>];b91481e8-4bfc-47ce-82b6-728c3f6bff60
10-21 15:20:54.834 19247 19330 D Snap-Debug: Calls to checkObjectForPII :21600
10-21 15:20:54.839 19247 19247 D Snap-Debug: Calls to checkObjectForPII :21700
10-21 15:20:54.843 19247 19247 D Snap-Debug: Calls to checkObjectForPII :21800
10-21 15:20:54.844 19247 19287 D Snapshot: InstrumentationReport(invocation_java_signature='<io.fabric.sdk.android.services.common.IdManager: io.fabric.sdk.android.services.common.AdvertisingInfo getAdvertisingInfo()>', invoke_id=4607657, enclosing_method_name='isLimitAdTrackingEnabled', enclosing_class_name='Lio/fabric/sdk/android/services/common/IdManager;', is_arg_register=False, is_return_register=True, invocation_argument_register_index=-1, is_before_invoke=False, invocation_argument_register_name='v0', invocation_argument_register_type='Lio/fabric/sdk/android/services/common/AdvertisingInfo;', is_static=False);[<io.fabric.sdk.android.services.common.AdvertisingInfo .>, <java.lang.String advertisingId>];b91481e8-4bfc-47ce-82b6-728c3f6bff60
10-21 15:20:54.848 19247 19247 D Snap-Debug: Calls to checkObjectForPII :21900
10-21 15:20:54.852 19247 19247 D Snap-Debug: Calls to checkObjectForPII :22000
10-21 15:20:54.857 19247 19247 D Snap-Debug: Calls to checkObjectForPII :22100
10-21 15:20:54.861 19247 19247 D Snap-Debug: Calls to checkObjectForPII :22200
10-21 15:20:54.864 19247 19247 D Snap-Debug: Calls to checkObjectForPII :22300
10-21 15:20:54.869 19247 19287 D Snap-Debug: Calls to checkObjectForPII :22400
10-21 15:20:54.881 19247 19247 D Snap-Debug: Calls to checkObjectForPII :22500
10-21 15:20:54.881  1612 19132 E InstantAppsPMW: Error checking if app is instant app
10-21 15:20:54.881  1612 19132 E InstantAppsPMW: android.os.RemoteException
10-21 15:20:54.881  1612 19132 E InstantAppsPMW: 	at bhmt.a(:com.google.android.gms@244134000@24.41.34 (040300-685836814):69)
10-21 15:20:54.881  1612 19132 E InstantAppsPMW: 	at bcqg.h(:com.google.android.gms@244134000@24.41.34 (040300-685836814):953)
10-21 15:20:54.881  1612 19132 E InstantAppsPMW: 	at bcqa.run(:com.google.android.gms@244134000@24.41.34 (040300-685836814):13)
10-21 15:20:54.881  1612 19132 E InstantAppsPMW: 	at anzg.c(:com.google.android.gms@244134000@24.41.34 (040300-685836814):50)
10-21 15:20:54.881  1612 19132 E InstantAppsPMW: 	at anzg.run(:com.google.android.gms@244134000@24.41.34 (040300-685836814):76)
10-21 15:20:54.881  1612 19132 E InstantAppsPMW: 	at java.util.concurrent.ThreadPoolExecutor.runWorker(ThreadPoolExecutor.java:1133)
10-21 15:20:54.881  1612 19132 E InstantAppsPMW: 	at java.util.concurrent.ThreadPoolExecutor$Worker.run(ThreadPoolExecutor.java:607)
10-21 15:20:54.881  1612 19132 E InstantAppsPMW: 	at aoep.run(:com.google.android.gms@244134000@24.41.34 (040300-685836814):8)
10-21 15:20:54.881  1612 19132 E InstantAppsPMW: 	at java.lang.Thread.run(Thread.java:761)
10-21 15:20:54.887 19343 19343 I cr_SplitCompatApp: Launched version=119.0.6045.193 minSdkVersion=1 isBundle=true processName=com.android.chrome isIsolated=false
10-21 15:20:54.901 19343 19352 W art     : Suspending all threads took: 6.157ms
10-21 15:20:55.054  1612  2578 I FontLog : (REDACTED) Received query %s, URI %s
10-21 15:20:55.055  1612  2578 I FontLog : (REDACTED) Query [%s] resolved to %s
10-21 15:20:55.064  1612  2578 I FontLog : (REDACTED) Font PFD returned from cache for %s
10-21 15:20:55.064  1612  2578 I FontLog : (REDACTED) Fetch %s end status %s
10-21 15:20:55.085  1612  2575 I FontLog : (REDACTED) Pulling font file for id = %d, cache size = %d
10-21 15:20:55.100 19343 19365 I cr_LibraryLoader: Successfully loaded native library
10-21 15:20:55.101 19343 19365 I cr_CachingUmaRecorder: Flushed 10 samples from 10 histograms, 0 samples were dropped.
10-21 15:20:55.109  1612  2060 I FontLog : (REDACTED) Received query %s, URI %s
10-21 15:20:55.109  1612  2060 I FontLog : (REDACTED) Query [%s] resolved to %s
10-21 15:20:55.112  1612  2060 I FontLog : (REDACTED) Font PFD returned from cache for %s
10-21 15:20:55.112  1612  2060 I FontLog : (REDACTED) Fetch %s end status %s
10-21 15:20:55.127  1612  2622 I FontLog : (REDACTED) Pulling font file for id = %d, cache size = %d
10-21 15:20:55.138 19247 19247 D Snap-Debug: Calls to checkObjectForPII :22600
10-21 15:20:55.142 19247 19247 D Snap-Debug: Calls to checkObjectForPII :22700
10-21 15:20:55.146 19247 19247 D Snap-Debug: Calls to checkObjectForPII :22800
10-21 15:20:55.150 19247 19255 D Snap-Debug: Calls to checkObjectForPII :22900
10-21 15:20:55.154 19247 19281 D Snap-Debug: Calls to checkObjectForPII :23000
10-21 15:20:55.156 19343 19368 W DynamiteModule: Local module descriptor class for com.google.android.gms.googlecertificates not found.
10-21 15:20:55.157 19247 19247 D Snap-Debug: Calls to checkObjectForPII :23100
10-21 15:20:55.161 19247 19247 D Snap-Debug: Calls to checkObjectForPII :23200
10-21 15:20:55.165 19247 19287 D Snapshot: InstrumentationReport(invocation_java_signature='<com.crashlytics.android.answers.SessionMetadataCollector: com.crashlytics.android.answers.SessionEventMetadata getMetadata()>', invoke_id=4418349, enclosing_method_name='run', enclosing_class_name='Lcom/crashlytics/android/answers/AnswersEventsHandler$4;', is_arg_register=False, is_return_register=True, invocation_argument_register_index=-1, is_before_invoke=False, invocation_argument_register_name='v7', invocation_argument_register_type='Lcom/crashlytics/android/answers/SessionEventMetadata;', is_static=False);[<com.crashlytics.android.answers.SessionEventMetadata .>, <java.lang.String advertisingId>];b91481e8-4bfc-47ce-82b6-728c3f6bff60
10-21 15:20:55.169  1612  1628 I FontLog : (REDACTED) Received query %s, URI %s
10-21 15:20:55.169  1612  1628 I FontLog : (REDACTED) Query [%s] resolved to %s
10-21 15:20:55.172 19247 19247 D Snap-Debug: Calls to checkObjectForPII :23300
10-21 15:20:55.177  1612  1628 I FontLog : (REDACTED) Font PFD returned from cache for %s
10-21 15:20:55.177  1612  1628 I FontLog : (REDACTED) Fetch %s end status %s
10-21 15:20:55.178 19247 19287 D Snap-Debug: Calls to checkObjectForPII :23400
10-21 15:20:55.184 19247 19281 D Snap-Debug: Calls to checkObjectForPII :23500
10-21 15:20:55.185 19247 19287 D Snapshot: InstrumentationReport(invocation_java_signature='<org.json.JSONObject: java.lang.String toString()>', invoke_id=4418299, enclosing_method_name='toBytes', enclosing_class_name='Lcom/crashlytics/android/answers/SessionEventTransform;', is_arg_register=False, is_return_register=True, invocation_argument_register_index=-1, is_before_invoke=False, invocation_argument_register_name='p1', invocation_argument_register_type='Ljava/lang/String;', is_static=False);[<java.lang.String .>];{"appBundleId":"onxmaps.hunt","executionId":"322a6797-40f2-4484-b769-fab9e59e3afb","installationId":"f37c5973486d4ab6baafbe9fbba4e5c0","androidId":"3a15cc3d742be836","advertisingId":"b91481e8-4bfc-47ce-82b6-728c3f6bff60","limitAdTrackingEnabled":false,"buildId":"131e3344-040b-4ae7-8a7a-f88eeb94ee20","osVersion":"7.1.1\/4299435","deviceModel":"motorola\/Nexus 6","appVersionCode":"177","appVersionName":"4.18.1","timestamp":1729542049321,"type":"INSTALL","details":{"installedAt":"1729539059979"}}
10-21 15:20:55.201 19247 19287 D Snap-Debug: Calls to checkObjectForPII :23600
10-21 15:20:55.204 19247 19287 D Snapshot: InstrumentationReport(invocation_java_signature='<org.json.JSONObject: java.lang.String toString()>', invoke_id=4418299, enclosing_method_name='toBytes', enclosing_class_name='Lcom/crashlytics/android/answers/SessionEventTransform;', is_arg_register=False, is_return_register=True, invocation_argument_register_index=-1, is_before_invoke=False, invocation_argument_register_name='p1', invocation_argument_register_type='Ljava/lang/String;', is_static=False);[<java.lang.String .>];{"appBundleId":"onxmaps.hunt","executionId":"322a6797-40f2-4484-b769-fab9e59e3afb","installationId":"f37c5973486d4ab6baafbe9fbba4e5c0","androidId":"3a15cc3d742be836","advertisingId":"b91481e8-4bfc-47ce-82b6-728c3f6bff60","limitAdTrackingEnabled":false,"buildId":"131e3344-040b-4ae7-8a7a-f88eeb94ee20","osVersion":"7.1.1\/4299435","deviceModel":"motorola\/Nexus 6","appVersionCode":"177","appVersionName":"4.18.1","timestamp":1729542052546,"type":"START","details":{"activity":"onxmaps.xgps.XgpsActivity"}}
10-21 15:20:55.208 19247 19287 D Snapshot: InstrumentationReport(invocation_java_signature='<org.json.JSONObject: java.lang.String toString()>', invoke_id=4418299, enclosing_method_name='toBytes', enclosing_class_name='Lcom/crashlytics/android/answers/SessionEventTransform;', is_arg_register=False, is_return_register=True, invocation_argument_register_index=-1, is_before_invoke=False, invocation_argument_register_name='p1', invocation_argument_register_type='Ljava/lang/String;', is_static=False);[<java.lang.String .>];{"appBundleId":"onxmaps.hunt","executionId":"322a6797-40f2-4484-b769-fab9e59e3afb","installationId":"f37c5973486d4ab6baafbe9fbba4e5c0","androidId":"3a15cc3d742be836","advertisingId":"b91481e8-4bfc-47ce-82b6-728c3f6bff60","limitAdTrackingEnabled":false,"buildId":"131e3344-040b-4ae7-8a7a-f88eeb94ee20","osVersion":"7.1.1\/4299435","deviceModel":"motorola\/Nexus 6","appVersionCode":"177","appVersionName":"4.18.1","timestamp":1729542052645,"type":"RESUME","details":{"activity":"onxmaps.xgps.XgpsActivity"}}
10-21 15:20:55.211 19247 19287 D Snapshot: InstrumentationReport(invocation_java_signature='<org.json.JSONObject: java.lang.String toString()>', invoke_id=4418299, enclosing_method_name='toBytes', enclosing_class_name='Lcom/crashlytics/android/answers/SessionEventTransform;', is_arg_register=False, is_return_register=True, invocation_argument_register_index=-1, is_before_invoke=False, invocation_argument_register_name='p1', invocation_argument_register_type='Ljava/lang/String;', is_static=False);[<java.lang.String .>];{"appBundleId":"onxmaps.hunt","executionId":"322a6797-40f2-4484-b769-fab9e59e3afb","installationId":"f37c5973486d4ab6baafbe9fbba4e5c0","androidId":"3a15cc3d742be836","advertisingId":"b91481e8-4bfc-47ce-82b6-728c3f6bff60","limitAdTrackingEnabled":false,"buildId":"131e3344-040b-4ae7-8a7a-f88eeb94ee20","osVersion":"7.1.1\/4299435","deviceModel":"motorola\/Nexus 6","appVersionCode":"177","appVersionName":"4.18.1","timestamp":1729542053013,"type":"PAUSE","details":{"activity":"onxmaps.xgps.XgpsActivity"}}
10-21 15:20:55.211 19247 19281 D Snap-Debug: Calls to checkObjectForPII :23700
10-21 15:20:55.216 19247 19287 D Snapshot: InstrumentationReport(invocation_java_signature='<org.json.JSONObject: java.lang.String toString()>', invoke_id=4418299, enclosing_method_name='toBytes', enclosing_class_name='Lcom/crashlytics/android/answers/SessionEventTransform;', is_arg_register=False, is_return_register=True, invocation_argument_register_index=-1, is_before_invoke=False, invocation_argument_register_name='p1', invocation_argument_register_type='Ljava/lang/String;', is_static=False);[<java.lang.String .>];{"appBundleId":"onxmaps.hunt","executionId":"322a6797-40f2-4484-b769-fab9e59e3afb","installationId":"f37c5973486d4ab6baafbe9fbba4e5c0","androidId":"3a15cc3d742be836","advertisingId":"b91481e8-4bfc-47ce-82b6-728c3f6bff60","limitAdTrackingEnabled":false,"buildId":"131e3344-040b-4ae7-8a7a-f88eeb94ee20","osVersion":"7.1.1\/4299435","deviceModel":"motorola\/Nexus 6","appVersionCode":"177","appVersionName":"4.18.1","timestamp":1729542053902,"type":"START","details":{"activity":"com.onxmaps.onxmaps.account.AccountActivity"}}
10-21 15:20:55.224 19247 19287 D Snapshot: InstrumentationReport(invocation_java_signature='<org.json.JSONObject: java.lang.String toString()>', invoke_id=4418299, enclosing_method_name='toBytes', enclosing_class_name='Lcom/crashlytics/android/answers/SessionEventTransform;', is_arg_register=False, is_return_register=True, invocation_argument_register_index=-1, is_before_invoke=False, invocation_argument_register_name='p1', invocation_argument_register_type='Ljava/lang/String;', is_static=False);[<java.lang.String .>];{"appBundleId":"onxmaps.hunt","executionId":"322a6797-40f2-4484-b769-fab9e59e3afb","installationId":"f37c5973486d4ab6baafbe9fbba4e5c0","androidId":"3a15cc3d742be836","advertisingId":"b91481e8-4bfc-47ce-82b6-728c3f6bff60","limitAdTrackingEnabled":false,"buildId":"131e3344-040b-4ae7-8a7a-f88eeb94ee20","osVersion":"7.1.1\/4299435","deviceModel":"motorola\/Nexus 6","appVersionCode":"177","appVersionName":"4.18.1","timestamp":1729542054496,"type":"RESUME","details":{"activity":"com.onxmaps.onxmaps.account.AccountActivity"}}
10-21 15:20:55.239  1612  2444 I FontLog : (REDACTED) Pulling font file for id = %d, cache size = %d
10-21 15:20:55.277 19247 19281 E Fabric  : Settings request failed.
10-21 15:20:55.277 19247 19281 D Snap-Debug: Calls to checkObjectForPII :23800
10-21 15:20:55.287 19247 19283 E Answers : Failed to retrieve settings
10-21 15:20:55.287 19247 19283 D Snap-Debug: Calls to checkObjectForPII :23900
10-21 15:20:55.292 19247 19289 D Snap-Debug: Calls to checkObjectForPII :24000
10-21 15:20:55.294 19343 19368 I DynamiteModule: Considering local module com.google.android.gms.googlecertificates:0 and remote module com.google.android.gms.googlecertificates:7
10-21 15:20:55.297 19343 19368 I DynamiteModule: Selected remote version of com.google.android.gms.googlecertificates, version >= 7
10-21 15:20:55.297 19247 19289 D Snap-Debug: Calls to checkObjectForPII :24100
10-21 15:20:55.309 19247 19289 D Snap-Debug: Calls to checkObjectForPII :24200
10-21 15:20:55.319 19247 19289 D Snap-Debug: Calls to checkObjectForPII :24300
10-21 15:20:55.330 19247 19289 D Snap-Debug: Calls to checkObjectForPII :24400
10-21 15:20:55.342 19343 19368 W System  : ClassLoader referenced unknown path: 
10-21 15:20:55.342 19247 19289 D Snap-Debug: Calls to checkObjectForPII :24500
10-21 15:20:55.343 19343 19368 D ApplicationLoaders: ignored Vulkan layer search path /data/app/com.google.android.gms-1/lib/arm:/data/app/com.google.android.gms-1/base.apk!/lib/armeabi-v7a:/data/app/com.google.android.gms-1/split_config.en.apk!/lib/armeabi-v7a:/data/app/com.google.android.gms-1/split_config.xxxhdpi.apk!/lib/armeabi-v7a for namespace 0xb6b5e090
10-21 15:20:55.351 19343 19368 W ResourceType: ResTable_typeSpec entry count inconsistent: given 94, previously 97
10-21 15:20:55.352 19343 19368 W ResourceType: ResTable_typeSpec entry count inconsistent: given 3058, previously 3078
10-21 15:20:55.352 19343 19368 W ResourceType: ResTable_typeSpec entry count inconsistent: given 501, previously 4769
10-21 15:20:55.353 19247 19289 D Snap-Debug: Calls to checkObjectForPII :24600
10-21 15:20:55.362 19247 19289 D Snap-Debug: Calls to checkObjectForPII :24700
10-21 15:20:55.371 19247 19289 D Snap-Debug: Calls to checkObjectForPII :24800
10-21 15:20:55.377 19343 19368 W System  : ClassLoader referenced unknown path: /data/user_de/0/com.google.android.gms/app_chimera/m/00000052/n/armeabi-v7a
10-21 15:20:55.377 19343 19368 W System  : ClassLoader referenced unknown path: /data/user_de/0/com.google.android.gms/app_chimera/m/00000052/n/armeabi
10-21 15:20:55.381 19247 19289 D Snap-Debug: Calls to checkObjectForPII :24900
10-21 15:20:55.389 19247 19247 D Snap-Debug: Calls to checkObjectForPII :25000
10-21 15:20:55.394 19247 19289 D Snap-Debug: Calls to checkObjectForPII :25100
10-21 15:20:55.402 19247 19289 D Snap-Debug: Calls to checkObjectForPII :25200
10-21 15:20:55.430 19247 19289 D Snap-Debug: Calls to checkObjectForPII :25300
10-21 15:20:55.439 19247 19289 D Snap-Debug: Calls to checkObjectForPII :25400
10-21 15:20:55.447 19247 19289 D Snap-Debug: Calls to checkObjectForPII :25500
10-21 15:20:55.456 19247 19289 D Snap-Debug: Calls to checkObjectForPII :25600
10-21 15:20:55.466 19247 19289 D Snap-Debug: Calls to checkObjectForPII :25700
10-21 15:20:55.478 19247 19289 D Snap-Debug: Calls to checkObjectForPII :25800
10-21 15:20:55.488 19247 19289 D Snap-Debug: Calls to checkObjectForPII :25900
10-21 15:20:55.504 19247 19289 D Snap-Debug: Calls to checkObjectForPII :26000
10-21 15:20:55.516 19247 19289 D Snap-Debug: Calls to checkObjectForPII :26100
10-21 15:20:55.528 19247 19289 D Snap-Debug: Calls to checkObjectForPII :26200
10-21 15:20:55.539 19247 19247 D Snap-Debug: Calls to checkObjectForPII :26300
10-21 15:20:55.560 19247 19289 D Snap-Debug: Calls to checkObjectForPII :26400
10-21 15:20:55.594 19247 19289 D Snap-Debug: Calls to checkObjectForPII :26500
10-21 15:20:55.607 19247 19289 D Snap-Debug: Calls to checkObjectForPII :26600
10-21 15:20:55.681 19247 19289 D Snap-Debug: Calls to checkObjectForPII :26700
10-21 15:20:55.739 19247 19289 D Snap-Debug: Calls to checkObjectForPII :26800
10-21 15:20:55.748 19247 19289 D Snap-Debug: Calls to checkObjectForPII :26900
10-21 15:20:55.757 19247 19289 D Snap-Debug: Calls to checkObjectForPII :27000
10-21 15:20:55.767 19247 19289 D Snap-Debug: Calls to checkObjectForPII :27100
10-21 15:20:55.777 19247 19289 D Snap-Debug: Calls to checkObjectForPII :27200
10-21 15:20:55.787 19247 19289 D Snap-Debug: Calls to checkObjectForPII :27300
10-21 15:20:55.797 19247 19289 D Snap-Debug: Calls to checkObjectForPII :27400
10-21 15:20:55.807 19247 19289 D Snap-Debug: Calls to checkObjectForPII :27500
10-21 15:20:55.817 19247 19289 D Snap-Debug: Calls to checkObjectForPII :27600
10-21 15:20:55.826 19247 19289 D Snap-Debug: Calls to checkObjectForPII :27700
10-21 15:20:55.835 19247 19289 D Snap-Debug: Calls to checkObjectForPII :27800
10-21 15:20:55.845 19247 19289 D Snap-Debug: Calls to checkObjectForPII :27900
10-21 15:20:55.855 19247 19289 D Snap-Debug: Calls to checkObjectForPII :28000
10-21 15:20:55.864 19247 19289 D Snap-Debug: Calls to checkObjectForPII :28100
10-21 15:20:55.876 19247 19289 D Snap-Debug: Calls to checkObjectForPII :28200
10-21 15:20:55.887 19247 19289 D Snap-Debug: Calls to checkObjectForPII :28300
10-21 15:20:55.902 19247 19289 D Snap-Debug: Calls to checkObjectForPII :28400
10-21 15:20:55.941 19247 19289 D Snap-Debug: Calls to checkObjectForPII :28500
10-21 15:20:55.954 19247 19289 D Snap-Debug: Calls to checkObjectForPII :28600
10-21 15:20:55.965 19247 19289 D Snap-Debug: Calls to checkObjectForPII :28700
10-21 15:20:55.976 19247 19289 D Snap-Debug: Calls to checkObjectForPII :28800
10-21 15:20:55.988 19247 19289 D Snap-Debug: Calls to checkObjectForPII :28900
10-21 15:20:55.993 19247 19247 D Snap-Debug: Calls to checkObjectForPII :29000
10-21 15:20:55.997 19247 19247 D Snap-Debug: Calls to checkObjectForPII :29100
10-21 15:20:56.002 19247 19289 D Snap-Debug: Calls to checkObjectForPII :29200
10-21 15:20:56.007 19247 19289 D Snap-Debug: Calls to checkObjectForPII :29300
10-21 15:20:56.014 19247 19280 W CrashlyticsCore: Received null settings, skipping report submission!
10-21 15:20:56.015 19247 19280 D Snap-Debug: Calls to checkObjectForPII :29400
10-21 15:20:56.072   956  2454 D ConnectivityService: requestNetwork for uid/pid:10077/19186 NetworkRequest [ TRACK_DEFAULT id=169, [ Capabilities: INTERNET&NOT_RESTRICTED&TRUSTED&NOT_VPN] ]
10-21 15:20:56.073   956  1432 D WIFI    : got request NetworkRequest [ TRACK_DEFAULT id=169, [ Capabilities: INTERNET&NOT_RESTRICTED&TRUSTED&NOT_VPN] ] with score 60
10-21 15:20:56.073   956  1432 D WIFI_UT : got request NetworkRequest [ TRACK_DEFAULT id=169, [ Capabilities: INTERNET&NOT_RESTRICTED&TRUSTED&NOT_VPN] ] with score 60
10-21 15:20:56.074  1630  1630 D PhoneSwitcherNetworkRequstListener: got request NetworkRequest [ TRACK_DEFAULT id=169, [ Capabilities: INTERNET&NOT_RESTRICTED&TRUSTED&NOT_VPN] ] with score 60
10-21 15:20:56.074   956  1455 D Ethernet: got request NetworkRequest [ TRACK_DEFAULT id=169, [ Capabilities: INTERNET&NOT_RESTRICTED&TRUSTED&NOT_VPN] ] with score 60
10-21 15:20:56.155 19247 19247 D Snap-Debug: Calls to checkObjectForPII :29500
10-21 15:20:56.166 19247 19247 D Snap-Debug: Calls to checkObjectForPII :29600
10-21 15:20:56.173 19247 19247 D Snap-Debug: Calls to checkObjectForPII :29700
10-21 15:20:56.185 19247 19247 D Snap-Debug: Calls to checkObjectForPII :29800
10-21 15:20:56.189 19247 19247 D Snap-Debug: Calls to checkObjectForPII :29900
10-21 15:20:56.193 19247 19247 D Snap-Debug: Calls to checkObjectForPII :30000
10-21 15:20:56.196 19247 19247 D Snap-Debug: Calls to checkObjectForPII :30100
10-21 15:20:56.199 19247 19247 D Snap-Debug: Calls to checkObjectForPII :30200
10-21 15:20:56.203 19247 19247 D Snap-Debug: Calls to checkObjectForPII :30300
10-21 15:20:56.204 19247 19252 I art     : Do partial code cache collection, code=49KB, data=58KB
10-21 15:20:56.205 19247 19252 I art     : After code cache collection, code=49KB, data=58KB
10-21 15:20:56.205 19247 19252 I art     : Increasing code cache capacity to 256KB
10-21 15:20:56.210 19247 19247 D Snap-Debug: Calls to checkObjectForPII :30400
10-21 15:20:56.219 19247 19247 D Snap-Debug: Calls to checkObjectForPII :30500
10-21 15:20:56.229 19247 19247 D Snap-Debug: Calls to checkObjectForPII :30600
10-21 15:20:56.233 19247 19247 D Snap-Debug: Calls to checkObjectForPII :30700
10-21 15:20:56.237 19247 19247 D Snap-Debug: Calls to checkObjectForPII :30800
10-21 15:20:56.239 19247 19247 D Snap-Debug: Calls to checkObjectForPII :30900
10-21 15:20:56.243 19247 19247 D Snap-Debug: Calls to checkObjectForPII :31000
10-21 15:20:56.246 19247 19247 D Snap-Debug: Calls to checkObjectForPII :31100
10-21 15:20:56.250 19247 19247 D Snap-Debug: Calls to checkObjectForPII :31200
10-21 15:20:56.258 19247 19247 D Snap-Debug: Calls to checkObjectForPII :31300
10-21 15:20:56.262 19247 19247 D Snap-Debug: Calls to checkObjectForPII :31400
10-21 15:20:56.266 19247 19247 D Snap-Debug: Calls to checkObjectForPII :31500
10-21 15:20:56.299 19247 19342 I Adreno  : QUALCOMM build                   : a5b4970, If5818605d9
10-21 15:20:56.299 19247 19342 I Adreno  : Build Date                       : 10/12/16
10-21 15:20:56.299 19247 19342 I Adreno  : OpenGL ES Shader Compiler Version: XE031.09.00.04
10-21 15:20:56.299 19247 19342 I Adreno  : Local Branch                     : N24D
10-21 15:20:56.299 19247 19342 I Adreno  : Remote Branch                    : 
10-21 15:20:56.299 19247 19342 I Adreno  : Remote Branch                    : 
10-21 15:20:56.299 19247 19342 I Adreno  : Reconstruct Branch               : 
10-21 15:20:56.309 19247 19342 I OpenGLRenderer: Initialized EGL, version 1.4
10-21 15:20:56.310 19247 19342 D OpenGLRenderer: Swap behavior 1
10-21 15:20:56.318 19247 19247 D Snap-Debug: Calls to checkObjectForPII :31600
10-21 15:20:56.322 19247 19247 D Snap-Debug: Calls to checkObjectForPII :31700
10-21 15:20:56.325 19247 19247 D Snap-Debug: Calls to checkObjectForPII :31800
10-21 15:20:56.328 19247 19247 D Snap-Debug: Calls to checkObjectForPII :31900
10-21 15:20:56.331 19247 19247 D Snap-Debug: Calls to checkObjectForPII :32000
10-21 15:20:56.335 19247 19247 D Snap-Debug: Calls to checkObjectForPII :32100
10-21 15:20:56.339 19247 19247 D Snap-Debug: Calls to checkObjectForPII :32200
10-21 15:20:56.346 19247 19247 D Snap-Debug: Calls to checkObjectForPII :32300
10-21 15:20:56.350 19247 19247 D Snap-Debug: Calls to checkObjectForPII :32400
10-21 15:20:56.353 19247 19247 D Snap-Debug: Calls to checkObjectForPII :32500
10-21 15:20:56.355 19247 19247 D Snap-Debug: Calls to checkObjectForPII :32600
10-21 15:20:56.359 19247 19247 D Snap-Debug: Calls to checkObjectForPII :32700
10-21 15:20:56.363 19247 19247 D Snap-Debug: Calls to checkObjectForPII :32800
10-21 15:20:56.373 19247 19247 D Snap-Debug: Calls to checkObjectForPII :32900
10-21 15:20:56.373   956   969 W ActivityManager: Launch timeout has expired, giving up wake lock!
10-21 15:20:56.378 19247 19247 D Snap-Debug: Calls to checkObjectForPII :33000
10-21 15:20:56.382 19247 19247 D Snap-Debug: Calls to checkObjectForPII :33100
10-21 15:20:56.384 19247 19247 D Snap-Debug: Calls to checkObjectForPII :33200
10-21 15:20:56.391 19247 19247 D Snap-Debug: Calls to checkObjectForPII :33300
10-21 15:20:56.395 19247 19247 D Snap-Debug: Calls to checkObjectForPII :33400
10-21 15:20:56.399 19247 19247 D Snap-Debug: Calls to checkObjectForPII :33500
10-21 15:20:56.407 19247 19247 D Snap-Debug: Calls to checkObjectForPII :33600
10-21 15:20:56.411 19247 19247 D Snap-Debug: Calls to checkObjectForPII :33700
10-21 15:20:56.414 19247 19247 D Snap-Debug: Calls to checkObjectForPII :33800
10-21 15:20:56.417 19247 19247 D Snap-Debug: Calls to checkObjectForPII :33900
10-21 15:20:56.421 19247 19247 D Snap-Debug: Calls to checkObjectForPII :34000
10-21 15:20:56.426 19247 19247 D Snap-Debug: Calls to checkObjectForPII :34100
10-21 15:20:56.433 19247 19247 D Snap-Debug: Calls to checkObjectForPII :34200
10-21 15:20:56.437 19247 19247 D Snap-Debug: Calls to checkObjectForPII :34300
10-21 15:20:56.441 19247 19247 D Snap-Debug: Calls to checkObjectForPII :34400
10-21 15:20:56.453 19247 19247 D Snap-Debug: Calls to checkObjectForPII :34500
10-21 15:20:56.458 19247 19247 D Snap-Debug: Calls to checkObjectForPII :34600
10-21 15:20:56.462 19247 19247 D Snap-Debug: Calls to checkObjectForPII :34700
10-21 15:20:56.465 19247 19247 D Snap-Debug: Calls to checkObjectForPII :34800
10-21 15:20:56.468 19247 19247 D Snap-Debug: Calls to checkObjectForPII :34900
10-21 15:20:56.472 19247 19247 D Snap-Debug: Calls to checkObjectForPII :35000
10-21 15:20:56.476 19247 19247 D Snap-Debug: Calls to checkObjectForPII :35100
10-21 15:20:56.490 19247 19247 D Snap-Debug: Calls to checkObjectForPII :35200
10-21 15:20:56.496 19247 19247 D Snap-Debug: Calls to checkObjectForPII :35300
10-21 15:20:56.499 19247 19247 D Snap-Debug: Calls to checkObjectForPII :35400
10-21 15:20:56.502 19247 19247 D Snap-Debug: Calls to checkObjectForPII :35500
10-21 15:20:56.505 19247 19247 D Snap-Debug: Calls to checkObjectForPII :35600
10-21 15:20:56.509 19247 19247 D Snap-Debug: Calls to checkObjectForPII :35700
10-21 15:20:56.514 19247 19247 D Snap-Debug: Calls to checkObjectForPII :35800
10-21 15:20:56.531 19247 19247 D Snap-Debug: Calls to checkObjectForPII :35900
10-21 15:20:56.532 19247 19247 I Choreographer: Skipped 103 frames!  The application may be doing too much work on its main thread.
10-21 15:20:56.566 19247 19264 D Snap-Debug: Calls to checkObjectForPII :36000
10-21 15:20:56.595  2149 19381 D AdvertisingIdClient: AdvertisingIdClient already created.
10-21 15:20:56.595  2149 19381 D AdvertisingIdClient: AdvertisingIdClient is not bounded. Starting to bind it...
10-21 15:20:56.601  2149 19381 D AdvertisingIdClient: AdvertisingIdClient is bounded
10-21 15:20:56.603  2149 19381 I AdvertisingIdClient: shouldSendLog -1
10-21 15:20:56.603  2149 19381 I AdvertisingIdClient: GetInfoInternal elapse 9ms
10-21 15:20:56.609 19247 19264 D Snap-Debug: Calls to checkObjectForPII :36100
10-21 15:20:56.614  2149  2149 I AdvertisingIdClient: getting error as 17: API: ClientTelemetry.API is not available on this device. Connection failed with: ConnectionResult{statusCode=API_DISABLED, resolution=null, message=null}
10-21 15:20:56.633 19247 19264 D Snap-Debug: Calls to checkObjectForPII :36200
10-21 15:20:56.650 19247 19264 D Snap-Debug: Calls to checkObjectForPII :36300
10-21 15:20:56.659 16290 16351 I Finsky  : [977] artk.V(263): Package com.google.android.gms is verified.
10-21 15:20:56.659  1612 19132 W NetworkScheduler: Error inserting service_kind=0 source=16 tag=Measurement.PackageMeasurementTaskService.UPLOAD_TASK_TAG target_package=com.google.android.gms requires_charging=0 source_version=244134000 required_network_type=0 flex_time=0 persistence_level=1 target_class=com.google.android.gms.measurement.PackageMeasurementTaskService runtime=1729542056655 retry_strategy={"maximum_backoff_seconds":{"3600":0},"initial_backoff_seconds":{"30":0},"retry_policy":{"0":0}} preferred_network_type=1 required_idleness_state=0 preferred_charging_state=1 period=2000 last_runtime=0 task_type=0 job_id=-1 user_id=0 [CONTEXT service_id=218 ]
10-21 15:20:56.659  1612 19132 W NetworkScheduler: android.database.sqlite.SQLiteConstraintException: UNIQUE constraint failed: pending_ops.tag, pending_ops.target_class, pending_ops.target_package, pending_ops.user_id (code 2067)
10-21 15:20:56.659  1612 19132 W NetworkScheduler: 	at android.database.sqlite.SQLiteConnection.nativeExecuteForLastInsertedRowId(Native Method)
10-21 15:20:56.659  1612 19132 W NetworkScheduler: 	at android.database.sqlite.SQLiteConnection.executeForLastInsertedRowId(SQLiteConnection.java:782)
10-21 15:20:56.659  1612 19132 W NetworkScheduler: 	at android.database.sqlite.SQLiteSession.executeForLastInsertedRowId(SQLiteSession.java:788)
