10-21 15:20:56.659  1612 19132 W NetworkScheduler: 	at android.database.sqlite.SQLiteStatement.executeInsert(SQLiteStatement.java:86)
10-21 15:20:56.659  1612 19132 W NetworkScheduler: 	at android.database.sqlite.SQLiteDatabase.insertWithOnConflict(SQLiteDatabase.java:1474)
10-21 15:20:56.659  1612 19132 W NetworkScheduler: 	at android.database.sqlite.SQLiteDatabase.insertOrThrow(SQLiteDatabase.java:1369)
10-21 15:20:56.659  1612 19132 W NetworkScheduler: 	at covu.d(:com.google.android.gms@244134000@24.41.34 (040300-685836814):729)
10-21 15:20:56.659  1612 19132 W NetworkScheduler: 	at cotg.n(:com.google.android.gms@244134000@24.41.34 (040300-685836814):29)
10-21 15:20:56.659  1612 19132 W NetworkScheduler: 	at cotg.u(:com.google.android.gms@244134000@24.41.34 (040300-685836814):360)
10-21 15:20:56.659  1612 19132 W NetworkScheduler: 	at cotg.h(:com.google.android.gms@244134000@24.41.34 (040300-685836814):51)
10-21 15:20:56.659  1612 19132 W NetworkScheduler: 	at conw.run(:com.google.android.gms@244134000@24.41.34 (040300-685836814):72)
10-21 15:20:56.659  1612 19132 W NetworkScheduler: 	at anzg.c(:com.google.android.gms@244134000@24.41.34 (040300-685836814):50)
10-21 15:20:56.659  1612 19132 W NetworkScheduler: 	at anzg.run(:com.google.android.gms@244134000@24.41.34 (040300-685836814):76)
10-21 15:20:56.659  1612 19132 W NetworkScheduler: 	at java.util.concurrent.ThreadPoolExecutor.runWorker(ThreadPoolExecutor.java:1133)
10-21 15:20:56.659  1612 19132 W NetworkScheduler: 	at java.util.concurrent.ThreadPoolExecutor$Worker.run(ThreadPoolExecutor.java:607)
10-21 15:20:56.659  1612 19132 W NetworkScheduler: 	at aoep.run(:com.google.android.gms@244134000@24.41.34 (040300-685836814):8)
10-21 15:20:56.659  1612 19132 W NetworkScheduler: 	at java.lang.Thread.run(Thread.java:761)
10-21 15:20:56.671  2149 19381 W FA-SVC  : Service response is missing Install Referrer install timestamp
10-21 15:20:56.718  1612 19133 W NetworkScheduler: Error inserting service_kind=0 source=16 tag=Measurement.PackageMeasurementTaskService.UPLOAD_TASK_TAG target_package=com.google.android.gms requires_charging=0 source_version=244134000 required_network_type=0 flex_time=9000 persistence_level=1 target_class=com.google.android.gms.measurement.PackageMeasurementTaskService runtime=1729542056700 retry_strategy={"maximum_backoff_seconds":{"3600":0},"initial_backoff_seconds":{"30":0},"retry_policy":{"0":0}} preferred_network_type=1 required_idleness_state=0 preferred_charging_state=1 period=20000 last_runtime=0 task_type=0 job_id=-1 user_id=0 [CONTEXT service_id=218 ]
10-21 15:20:56.718  1612 19133 W NetworkScheduler: android.database.sqlite.SQLiteConstraintException: UNIQUE constraint failed: pending_ops.tag, pending_ops.target_class, pending_ops.target_package, pending_ops.user_id (code 2067)
10-21 15:20:56.718  1612 19133 W NetworkScheduler: 	at android.database.sqlite.SQLiteConnection.nativeExecuteForLastInsertedRowId(Native Method)
10-21 15:20:56.718  1612 19133 W NetworkScheduler: 	at android.database.sqlite.SQLiteConnection.executeForLastInsertedRowId(SQLiteConnection.java:782)
10-21 15:20:56.718  1612 19133 W NetworkScheduler: 	at android.database.sqlite.SQLiteSession.executeForLastInsertedRowId(SQLiteSession.java:788)
10-21 15:20:56.718  1612 19133 W NetworkScheduler: 	at android.database.sqlite.SQLiteStatement.executeInsert(SQLiteStatement.java:86)
10-21 15:20:56.718  1612 19133 W NetworkScheduler: 	at android.database.sqlite.SQLiteDatabase.insertWithOnConflict(SQLiteDatabase.java:1474)
10-21 15:20:56.718  1612 19133 W NetworkScheduler: 	at android.database.sqlite.SQLiteDatabase.insertOrThrow(SQLiteDatabase.java:1369)
10-21 15:20:56.718  1612 19133 W NetworkScheduler: 	at covu.d(:com.google.android.gms@244134000@24.41.34 (040300-685836814):729)
10-21 15:20:56.718  1612 19133 W NetworkScheduler: 	at cotg.n(:com.google.android.gms@244134000@24.41.34 (040300-685836814):29)
10-21 15:20:56.718  1612 19133 W NetworkScheduler: 	at cotg.u(:com.google.android.gms@244134000@24.41.34 (040300-685836814):360)
10-21 15:20:56.718  1612 19133 W NetworkScheduler: 	at cotg.h(:com.google.android.gms@244134000@24.41.34 (040300-685836814):51)
10-21 15:20:56.718  1612 19133 W NetworkScheduler: 	at conw.run(:com.google.android.gms@244134000@24.41.34 (040300-685836814):72)
10-21 15:20:56.718  1612 19133 W NetworkScheduler: 	at anzg.c(:com.google.android.gms@244134000@24.41.34 (040300-685836814):50)
10-21 15:20:56.718  1612 19133 W NetworkScheduler: 	at anzg.run(:com.google.android.gms@244134000@24.41.34 (040300-685836814):76)
10-21 15:20:56.718  1612 19133 W NetworkScheduler: 	at java.util.concurrent.ThreadPoolExecutor.runWorker(ThreadPoolExecutor.java:1133)
10-21 15:20:56.718  1612 19133 W NetworkScheduler: 	at java.util.concurrent.ThreadPoolExecutor$Worker.run(ThreadPoolExecutor.java:607)
10-21 15:20:56.718  1612 19133 W NetworkScheduler: 	at aoep.run(:com.google.android.gms@244134000@24.41.34 (040300-685836814):8)
10-21 15:20:56.718  1612 19133 W NetworkScheduler: 	at java.lang.Thread.run(Thread.java:761)
10-21 15:20:56.752  1612 19372 W NetworkScheduler: Error inserting service_kind=0 source=16 tag=Measurement.PackageMeasurementTaskService.UPLOAD_TASK_TAG target_package=com.google.android.gms requires_charging=0 source_version=244134000 required_network_type=0 flex_time=9000 persistence_level=1 target_class=com.google.android.gms.measurement.PackageMeasurementTaskService runtime=1729542056738 retry_strategy={"maximum_backoff_seconds":{"3600":0},"initial_backoff_seconds":{"30":0},"retry_policy":{"0":0}} preferred_network_type=1 required_idleness_state=0 preferred_charging_state=1 period=20000 last_runtime=0 task_type=0 job_id=-1 user_id=0 [CONTEXT service_id=218 ]
10-21 15:20:56.752  1612 19372 W NetworkScheduler: android.database.sqlite.SQLiteConstraintException: UNIQUE constraint failed: pending_ops.tag, pending_ops.target_class, pending_ops.target_package, pending_ops.user_id (code 2067)
10-21 15:20:56.752  1612 19372 W NetworkScheduler: 	at android.database.sqlite.SQLiteConnection.nativeExecuteForLastInsertedRowId(Native Method)
10-21 15:20:56.752  1612 19372 W NetworkScheduler: 	at android.database.sqlite.SQLiteConnection.executeForLastInsertedRowId(SQLiteConnection.java:782)
10-21 15:20:56.752  1612 19372 W NetworkScheduler: 	at android.database.sqlite.SQLiteSession.executeForLastInsertedRowId(SQLiteSession.java:788)
10-21 15:20:56.752  1612 19372 W NetworkScheduler: 	at android.database.sqlite.SQLiteStatement.executeInsert(SQLiteStatement.java:86)
10-21 15:20:56.752  1612 19372 W NetworkScheduler: 	at android.database.sqlite.SQLiteDatabase.insertWithOnConflict(SQLiteDatabase.java:1474)
10-21 15:20:56.752  1612 19372 W NetworkScheduler: 	at android.database.sqlite.SQLiteDatabase.insertOrThrow(SQLiteDatabase.java:1369)
10-21 15:20:56.752  1612 19372 W NetworkScheduler: 	at covu.d(:com.google.android.gms@244134000@24.41.34 (040300-685836814):729)
10-21 15:20:56.752  1612 19372 W NetworkScheduler: 	at cotg.n(:com.google.android.gms@244134000@24.41.34 (040300-685836814):29)
10-21 15:20:56.752  1612 19372 W NetworkScheduler: 	at cotg.u(:com.google.android.gms@244134000@24.41.34 (040300-685836814):360)
10-21 15:20:56.752  1612 19372 W NetworkScheduler: 	at cotg.h(:com.google.android.gms@244134000@24.41.34 (040300-685836814):51)
10-21 15:20:56.752  1612 19372 W NetworkScheduler: 	at conw.run(:com.google.android.gms@244134000@24.41.34 (040300-685836814):72)
10-21 15:20:56.752  1612 19372 W NetworkScheduler: 	at anzg.c(:com.google.android.gms@244134000@24.41.34 (040300-685836814):50)
10-21 15:20:56.752  1612 19372 W NetworkScheduler: 	at anzg.run(:com.google.android.gms@244134000@24.41.34 (040300-685836814):76)
10-21 15:20:56.752  1612 19372 W NetworkScheduler: 	at java.util.concurrent.ThreadPoolExecutor.runWorker(ThreadPoolExecutor.java:1133)
10-21 15:20:56.752  1612 19372 W NetworkScheduler: 	at java.util.concurrent.ThreadPoolExecutor$Worker.run(ThreadPoolExecutor.java:607)
10-21 15:20:56.752  1612 19372 W NetworkScheduler: 	at aoep.run(:com.google.android.gms@244134000@24.41.34 (040300-685836814):8)
10-21 15:20:56.752  1612 19372 W NetworkScheduler: 	at java.lang.Thread.run(Thread.java:761)
10-21 15:20:56.759 19247 19264 D Snap-Debug: Calls to checkObjectForPII :36400
10-21 15:20:56.775   956   976 I ActivityManager: Displayed onxmaps.hunt/com.onxmaps.onxmaps.account.AccountActivity: +5s302ms (total +10s386ms)
10-21 15:20:56.790 19247 19247 D Snap-Debug: Calls to checkObjectForPII :36500
10-21 15:20:56.790 19247 19247 D Snapshot: InstrumentationReport(invocation_java_signature='<java.lang.StringBuilder: java.lang.String toString()>', invoke_id=4600967, enclosing_method_name='onCustomTabsServiceConnected', enclosing_class_name='Lio/branch/referral/BranchStrongMatchHelper$2;', is_arg_register=False, is_return_register=True, invocation_argument_register_index=-1, is_before_invoke=False, invocation_argument_register_name='v2', invocation_argument_register_type='Ljava/lang/String;', is_static=False);[<java.lang.String .>];Strong match request https://app.link/_strong_match?os=Android&hardware_id=3a15cc3d742be836&hardware_id_type=vendor_id&google_advertising_id=b91481e8-4bfc-47ce-82b6-728c3f6bff60&app_version=4.18.1&branch_key=key_live_hoAqVYxOa4EUzgnII9UsfbodDsmCqdf0&sdk=android2.12.2
10-21 15:20:56.804  1465  1465 I chatty  : uid=10080(com.google.android.inputmethod.latin) expire 330 lines
10-21 15:20:56.829 19247 19247 D Snap-Debug: Calls to checkObjectForPII :36600
10-21 15:20:56.849 19247 19287 D Snapshot: InstrumentationReport(invocation_java_signature='<org.json.JSONObject: java.lang.String toString()>', invoke_id=4418299, enclosing_method_name='toBytes', enclosing_class_name='Lcom/crashlytics/android/answers/SessionEventTransform;', is_arg_register=False, is_return_register=True, invocation_argument_register_index=-1, is_before_invoke=False, invocation_argument_register_name='p1', invocation_argument_register_type='Ljava/lang/String;', is_static=False);[<java.lang.String .>];{"appBundleId":"onxmaps.hunt","executionId":"322a6797-40f2-4484-b769-fab9e59e3afb","installationId":"f37c5973486d4ab6baafbe9fbba4e5c0","androidId":"3a15cc3d742be836","advertisingId":"b91481e8-4bfc-47ce-82b6-728c3f6bff60","limitAdTrackingEnabled":false,"buildId":"131e3344-040b-4ae7-8a7a-f88eeb94ee20","osVersion":"7.1.1\/4299435","deviceModel":"motorola\/Nexus 6","appVersionCode":"177","appVersionName":"4.18.1","timestamp":1729542056842,"type":"STOP","details":{"activity":"onxmaps.xgps.XgpsActivity"}}
10-21 15:20:56.922 19343 19361 W art     : Verification of void org.chromium.chrome.browser.download.DownloadManagerService.<init>(Rd4, android.os.Handler) took 110.090ms
10-21 15:20:56.974 19247 19330 D Snap-Debug: Calls to checkObjectForPII :36700
10-21 15:20:56.977 19247 19330 I [INFO][Leanplum]: [com.google.firebase.iid.FirebaseInstanceIdService::zza::-1]: FCM InstanceID token needs an update
10-21 15:20:56.982 19247 19393 E Snap-Debug: Creating entry in thread map, Thread ID is 1155
10-21 15:20:56.993 19343 19343 I cr_CombinedPProvider: #linkNativeInternal() 0
10-21 15:20:56.993 19343 19343 I cr_PolicyProvider: #setManagerAndSource() 0
10-21 15:20:57.004  1612  1612 D BoundBrokerSvc: onBind: Intent { act=com.google.android.gms.gmscompliance.service.START dat=chimera-action: cmp=com.google.android.gms/.chimera.PersistentBoundBrokerService }
10-21 15:20:57.004  1612  1612 D BoundBrokerSvc: Loading bound service for intent: Intent { act=com.google.android.gms.gmscompliance.service.START dat=chimera-action: cmp=com.google.android.gms/.chimera.PersistentBoundBrokerService }
10-21 15:20:57.013 19343 19343 I cr_PolicyCacheProvider: #refresh() true
10-21 15:20:57.014 19247 19393 I [INFO][Leanplum]: [com.leanplum.LeanplumPushRegistrationService::onHandleIntent::59]: Device registered for push notifications with registration token, fsPqC-sdEac:APA91bEYCda4JW86f0HrPYcExmMsXrxITmvx_jpGjYhWCZ9TqZTFEHIrbdiF3X_nrou7RSOd1UtYFVbIHXiHJZGeFoQtxNDyzy38YEx0Qrl7HjswWp0bphF04NIOBLVT2qbagU2PO6W7
10-21 15:20:57.022  2149  2149 D BoundBrokerSvc: onBind: Intent { act=com.google.android.gms.safetynet.service.START pkg=com.google.android.gms }
10-21 15:20:57.022  2149  2149 D BoundBrokerSvc: Loading bound service for intent: Intent { act=com.google.android.gms.safetynet.service.START pkg=com.google.android.gms }
10-21 15:20:57.215 19343 19343 I chromium: [INFO:policy_logger.cc(145)] :components/enterprise/browser/controller/chrome_browser_cloud_management_controller.cc(273) Deferring CBCM Controller Initialization until it is unblocked.
10-21 15:20:57.258   956   966 I ActivityManager: Start proc 19410:com.android.chrome:privileged_process0/u0a54 for service com.android.chrome/org.chromium.content.app.PrivilegedProcessService0
10-21 15:20:57.537 19343 19343 I cr_SmsProviderGms: construction successfull NW3@6701e90, KW3@a6d1389
10-21 15:20:57.548  2149  2149 D BoundBrokerSvc: onBind: Intent { act=com.google.android.gms.credential.manager.service.firstparty.START dat=chimera-action: cmp=com.google.android.gms/.chimera.GmsApiService }
10-21 15:20:57.549  2149  2149 D BoundBrokerSvc: Loading bound service for intent: Intent { act=com.google.android.gms.credential.manager.service.firstparty.START dat=chimera-action: cmp=com.google.android.gms/.chimera.GmsApiService }
10-21 15:20:57.550 19247 19247 D Snap-Debug: Calls to checkObjectForPII :36800
10-21 15:20:57.571 19247 19265 W ResourceType: No package identifier when getting value for resource number 0x00000000
10-21 15:20:57.571 19247 19265 D Snapshot: InstrumentationReport(invocation_java_signature='<io.branch.referral.Branch: io.branch.referral.SystemObserver access$1500(io.branch.referral.Branch)>', invoke_id=4603614, enclosing_method_name='doInBackground', enclosing_class_name='Lio/branch/referral/Branch$BranchPostTask;', is_arg_register=False, is_return_register=True, invocation_argument_register_index=-1, is_before_invoke=False, invocation_argument_register_name='v0', invocation_argument_register_type='Lio/branch/referral/SystemObserver;', is_static=True);[<io.branch.referral.SystemObserver .>, <java.lang.String GAIDString_>];b91481e8-4bfc-47ce-82b6-728c3f6bff60
10-21 15:20:57.573 19247 19265 D Snapshot: InstrumentationReport(invocation_java_signature='<org.json.JSONObject: java.lang.String toString()>', invoke_id=4601292, enclosing_method_name='getPostWithInstrumentationValues', enclosing_class_name='Lio/branch/referral/ServerRequest;', is_arg_register=False, is_return_register=True, invocation_argument_register_index=-1, is_before_invoke=False, invocation_argument_register_name='v2', invocation_argument_register_type='Ljava/lang/String;', is_static=False);[<java.lang.String .>];{"app_version":"4.18.1","facebook_app_link_checked":false,"is_referrable":1,"update":0,"debug":false,"metadata":{},"hardware_id":"3a15cc3d742be836","is_hardware_id_real":true,"brand":"motorola","model":"Nexus 6","screen_dpi":560,"screen_height":2392,"screen_width":1440,"wifi":true,"ui_mode":"UI_MODE_TYPE_NORMAL","os":"Android","os_version":25,"country":"US","language":"en","local_ip":"192.168.50.66","environment":"FULL_APP","cd":{"mv":"-1","pn":"onxmaps.hunt"},"google_advertising_id":"b91481e8-4bfc-47ce-82b6-728c3f6bff60","lat_val":0}
10-21 15:20:57.579 19247 19265 D Snapshot: InstrumentationReport(invocation_java_signature='<org.json.JSONObject: java.lang.Object get(java.lang.String)>', invoke_id=4601297, enclosing_method_name='getPostWithInstrumentationValues', enclosing_class_name='Lio/branch/referral/ServerRequest;', is_arg_register=False, is_return_register=True, invocation_argument_register_index=-1, is_before_invoke=False, invocation_argument_register_name='v4', invocation_argument_register_type='Ljava/lang/Object;', is_static=False);[<java.lang.String .>];b91481e8-4bfc-47ce-82b6-728c3f6bff60
10-21 15:20:57.583 19247 19265 D Snapshot: InstrumentationReport(invocation_java_signature='<org.json.JSONObject: java.lang.String toString()>', invoke_id=4603288, enclosing_method_name='make_restful_post', enclosing_class_name='Lio/branch/referral/network/BranchRemoteInterface;', is_arg_register=False, is_return_register=True, invocation_argument_register_index=-1, is_before_invoke=False, invocation_argument_register_name='v3', invocation_argument_register_type='Ljava/lang/String;', is_static=False);[<java.lang.String .>];{"app_version":"4.18.1","facebook_app_link_checked":false,"is_referrable":1,"update":0,"debug":false,"metadata":{},"hardware_id":"3a15cc3d742be836","is_hardware_id_real":true,"brand":"motorola","model":"Nexus 6","screen_dpi":560,"screen_height":2392,"screen_width":1440,"wifi":true,"ui_mode":"UI_MODE_TYPE_NORMAL","os":"Android","os_version":25,"country":"US","language":"en","local_ip":"192.168.50.66","environment":"FULL_APP","cd":{"mv":"-1","pn":"onxmaps.hunt"},"google_advertising_id":"b91481e8-4bfc-47ce-82b6-728c3f6bff60","lat_val":0,"instrumentation":{"v1\/install-qwt":"0"},"sdk":"android2.12.2","branch_key":"key_live_hoAqVYxOa4EUzgnII9UsfbodDsmCqdf0"}
10-21 15:20:57.583 19247 19265 D Snapshot: InstrumentationReport(invocation_java_signature='<java.lang.StringBuilder: java.lang.String toString()>', invoke_id=4603290, enclosing_method_name='make_restful_post', enclosing_class_name='Lio/branch/referral/network/BranchRemoteInterface;', is_arg_register=False, is_return_register=True, invocation_argument_register_index=-1, is_before_invoke=False, invocation_argument_register_name='v2', invocation_argument_register_type='Ljava/lang/String;', is_static=False);[<java.lang.String .>];Post value = {"app_version":"4.18.1","facebook_app_link_checked":false,"is_referrable":1,"update":0,"debug":false,"metadata":{},"hardware_id":"3a15cc3d742be836","is_hardware_id_real":true,"brand":"motorola","model":"Nexus 6","screen_dpi":560,"screen_height":2392,"screen_width":1440,"wifi":true,"ui_mode":"UI_MODE_TYPE_NORMAL","os":"Android","os_version":25,"country":"US","language":"en","local_ip":"192.168.50.66","environment":"FULL_APP","cd":{"mv":"-1","pn":"onxmaps.hunt"},"google_advertising_id":"b91481e8-4bfc-47ce-82b6-728c3f6bff60","lat_val":0,"instrumentation":{"v1\/install-qwt":"0"},"sdk":"android2.12.2","branch_key":"key_live_hoAqVYxOa4EUzgnII9UsfbodDsmCqdf0"}
10-21 15:20:57.653   956   975 D BluetoothManagerService: Message: 20
10-21 15:20:57.653   956   975 D BluetoothManagerService: Added callback: android.bluetooth.IBluetoothManagerCallback$Stub$Proxy@4d3a275:true
10-21 15:20:57.711  2149  2149 D BoundBrokerSvc: onBind: Intent { act=com.google.android.gms.auth.key.retrieval.service.START dat=chimera-action: cmp=com.google.android.gms/.chimera.GmsApiService }
10-21 15:20:57.712  2149  2149 D BoundBrokerSvc: Loading bound service for intent: Intent { act=com.google.android.gms.auth.key.retrieval.service.START dat=chimera-action: cmp=com.google.android.gms/.chimera.GmsApiService }
10-21 15:20:57.779 19343 19343 W cr_KnoxSettingsProvider: Permission to read device policy denied.
10-21 15:20:57.779 19343 19343 I cr_CombinedPProvider: #registerProvider() provider:fV2@2f70a4a isPolicyCacheEnabled:true policyProvidersSize:0
10-21 15:20:57.779 19343 19343 I cr_PolicyProvider: #setManagerAndSource() 0
10-21 15:20:57.780 19343 19343 I cr_CombinedPProvider: #registerProvider() provider:Qj@78e1dbb isPolicyCacheEnabled:false policyProvidersSize:1
10-21 15:20:57.783 19343 19343 I cr_PolicyProvider: #setManagerAndSource() 1
10-21 15:20:57.788 19343 19343 I cr_AppResProvider: #getApplicationRestrictionsFromUserManager() Bundle[EMPTY_PARCEL]
10-21 15:20:57.788 19343 19343 I cr_PolicyProvider: #notifySettingsAvailable() 1
10-21 15:20:57.788 19343 19343 I cr_CombinedPProvider: #onSettingsAvailable() 1
10-21 15:20:57.816 19247 19265 D Snap-Debug: Calls to checkObjectForPII :36900
10-21 15:20:57.816 19247 19265 D Snapshot: InstrumentationReport(invocation_java_signature='<org.json.JSONObject: java.lang.String toString()>', invoke_id=4603117, enclosing_method_name='doRestfulPost', enclosing_class_name='Lio/branch/referral/network/BranchRemoteInterfaceUrlConnection;', is_arg_register=False, is_return_register=True, invocation_argument_register_index=-1, is_before_invoke=False, invocation_argument_register_name='v5', invocation_argument_register_type='Ljava/lang/String;', is_static=False);[<java.lang.String .>];{"app_version":"4.18.1","facebook_app_link_checked":false,"is_referrable":1,"update":0,"debug":false,"metadata":{},"hardware_id":"3a15cc3d742be836","is_hardware_id_real":true,"brand":"motorola","model":"Nexus 6","screen_dpi":560,"screen_height":2392,"screen_width":1440,"wifi":true,"ui_mode":"UI_MODE_TYPE_NORMAL","os":"Android","os_version":25,"country":"US","language":"en","local_ip":"192.168.50.66","environment":"FULL_APP","cd":{"mv":"-1","pn":"onxmaps.hunt"},"google_advertising_id":"b91481e8-4bfc-47ce-82b6-728c3f6bff60","lat_val":0,"instrumentation":{"v1\/install-qwt":"0"},"sdk":"android2.12.2","branch_key":"key_live_hoAqVYxOa4EUzgnII9UsfbodDsmCqdf0","retryNumber":0}
10-21 15:20:57.838 19410 19410 I cr_SplitCompatApp: Launched version=119.0.6045.193 minSdkVersion=1 isBundle=true processName=com.android.chrome:privileged_process0 isIsolated=false
10-21 15:20:57.853 19247 19314 D Snap-Debug: Calls to checkObjectForPII :37000
10-21 15:20:57.880 19247 19314 D Snapshot: InstrumentationReport(invocation_java_signature='<java.util.Map: java.lang.Object get(java.lang.Object)>', invoke_id=4478397, enclosing_method_name='b', enclosing_class_name='Lcom/kochava/base/f;', is_arg_register=False, is_return_register=True, invocation_argument_register_index=-1, is_before_invoke=False, invocation_argument_register_name='v1', invocation_argument_register_type='Ljava/lang/Object;', is_static=False);[<java.lang.String .>];STR::b91481e8-4bfc-47ce-82b6-728c3f6bff60
10-21 15:20:57.881 19247 19314 D Snapshot: InstrumentationReport(invocation_java_signature='<java.lang.String: java.lang.String substring(int)>', invoke_id=4478403, enclosing_method_name='b', enclosing_class_name='Lcom/kochava/base/f;', is_arg_register=False, is_return_register=True, invocation_argument_register_index=-1, is_before_invoke=False, invocation_argument_register_name='p1', invocation_argument_register_type='Ljava/lang/String;', is_static=False);[<java.lang.String .>];b91481e8-4bfc-47ce-82b6-728c3f6bff60
10-21 15:20:57.881 19247 19314 D Snapshot: InstrumentationReport(invocation_java_signature='<com.kochava.base.f: java.lang.Object b(java.lang.String)>', invoke_id=4479336, enclosing_method_name='a', enclosing_class_name='Lcom/kochava/base/c;', is_arg_register=False, is_return_register=True, invocation_argument_register_index=-1, is_before_invoke=False, invocation_argument_register_name='v0', invocation_argument_register_type='Ljava/lang/Object;', is_static=False);[<java.lang.String .>];b91481e8-4bfc-47ce-82b6-728c3f6bff60
10-21 15:20:57.884 19247 19314 D Snap-Debug: Calls to checkObjectForPII :37100
10-21 15:20:57.896 19247 19314 D Snap-Debug: Calls to checkObjectForPII :37200
10-21 15:20:57.898 19247 19314 E ActivityThread: Failed to find provider info for com.facebook.katana.provider.AttributionIdProvider
10-21 15:20:57.906 19247 19314 D Snap-Debug: Calls to checkObjectForPII :37300
10-21 15:20:57.992   956   967 I ActivityManager: Start proc 19430:com.android.chrome:sandboxed_process0/u0i13 for service com.android.chrome/org.chromium.content.app.SandboxedProcessService0
10-21 15:20:58.028 19247 19314 D Snap-Debug: Calls to checkObjectForPII :37400
10-21 15:20:58.046 19247 19265 D Snap-Debug: Calls to checkObjectForPII :37500
10-21 15:20:58.053 19247 19314 D Snapshot: InstrumentationReport(invocation_java_signature='<org.json.JSONObject: java.lang.String toString()>', invoke_id=4479408, enclosing_method_name='run', enclosing_class_name='Lcom/kochava/base/p;', is_arg_register=False, is_return_register=True, invocation_argument_register_index=-1, is_before_invoke=False, invocation_argument_register_name='v0', invocation_argument_register_type='Ljava/lang/String;', is_static=False);[<java.lang.String .>];{"action":"initial","kochava_app_id":"hunt-app-avqlw","kochava_device_id":"KAe4fc2a7c3c1d4848995ece4428685a8a","sdk_procotol":8,"sdk_version":"AndroidTracker 3.1.1","sdk_build_date":"Aug 17 2017 10:27:53 PDT","nt_id":"ab3b7562-df29-4252-8fd7-a5b18b266b8f","data":{"screen_brightness":1,"device_orientation":"portrait","network_conn_type":"wifi","volume":13,"ssid":"\"Data driven software engineering\"","bssid":"04:42:1a:6f:4f:e4","carrier_name":"Mint","adid":"b91481e8-4bfc-47ce-82b6-728c3f6bff60","device":"Nexus 6-google","disp_h":2560,"disp_w":1440,"package":"onxmaps.hunt","app_version":"onX Hunt 177","app_short_string":"4.18.1","android_id":"3a15cc3d742be836","os_version":"Android 7.1.1","device_limit_tracking":false,"is_genuine":true,"language":"en-US","screen_dpi":560,"screen_inches":5.7,"manufacturer":"motorola","product_name":"shamu","architecture":"armv7l","battery_status":"charging","battery_level":92,"device_cores":4,"locale":"en-US","timezone":"America\/Chicago","usertime":1729542058,"uptime":7.376,"updelta":7.345,"last_post_time":0.129,"app_limit_tracking":false}}
10-21 15:20:58.053 19247 19314 D Snapshot: InstrumentationReport(invocation_java_signature='<java.lang.StringBuilder: java.lang.String toString()>', invoke_id=4478365, enclosing_method_name='a', enclosing_class_name='Lcom/kochava/base/f;', is_arg_register=False, is_return_register=True, invocation_argument_register_index=-1, is_before_invoke=False, invocation_argument_register_name='p2', invocation_argument_register_type='Ljava/lang/String;', is_static=False);[<java.lang.String .>];STR::{"action":"initial","kochava_app_id":"hunt-app-avqlw","kochava_device_id":"KAe4fc2a7c3c1d4848995ece4428685a8a","sdk_procotol":8,"sdk_version":"AndroidTracker 3.1.1","sdk_build_date":"Aug 17 2017 10:27:53 PDT","nt_id":"ab3b7562-df29-4252-8fd7-a5b18b266b8f","data":{"screen_brightness":1,"device_orientation":"portrait","network_conn_type":"wifi","volume":13,"ssid":"\"Data driven software engineering\"","bssid":"04:42:1a:6f:4f:e4","carrier_name":"Mint","adid":"b91481e8-4bfc-47ce-82b6-728c3f6bff60","device":"Nexus 6-google","disp_h":2560,"disp_w":1440,"package":"onxmaps.hunt","app_version":"onX Hunt 177","app_short_string":"4.18.1","android_id":"3a15cc3d742be836","os_version":"Android 7.1.1","device_limit_tracking":false,"is_genuine":true,"language":"en-US","screen_dpi":560,"screen_inches":5.7,"manufacturer":"motorola","product_name":"shamu","architecture":"armv7l","battery_status":"charging","battery_level":92,"device_cores":4,"locale":"en-US","timezone":"America\/Chicago","usertime":1729542058,"uptime":7.376,"updelta":7.345,"last_post_time":0.129,"app_limit_tracking":false}}
10-21 15:20:58.053 19343 19400 D NetworkSecurityConfig: Using Network Security Config from resource 0_resource_name_obfuscated debugBuild: false
10-21 15:20:58.059 19247 19443 E Snap-Debug: Creating entry in thread map, Thread ID is 1156
10-21 15:20:58.077 19247 19247 D Snap-Debug: Calls to checkObjectForPII :37600
10-21 15:20:58.099 19247 19314 D Snap-Debug: Calls to checkObjectForPII :37700
10-21 15:20:58.101 19247 19314 I KO/TR/TIL/initial: Complete
10-21 15:20:58.108 19410 19410 I cr_ChildProcessService: Creating new ChildProcessService pid=19410
10-21 15:20:58.261 19343 19343 E ResourceType: Style contains key with bad entry: 0x0101062c
10-21 15:20:58.321 19343 19398 W chromium: [WARNING:ev_root_ca_metadata.cc(119)] Not implemented
10-21 15:20:58.360 19343 19343 I cr_CompositorSurfaceMgr: Transitioning to surface with format: -1
10-21 15:20:58.398 19343 19343 W ResourceType: Failure getting entry for 0x7f0105f3 (t=0 e=1523) (error -75)
10-21 15:20:58.419 19343 19343 W ResourceType: Failure getting entry for 0x7f010a31 (t=0 e=2609) (error -75)
10-21 15:20:58.437 19430 19430 W dboxed_process0: type=1400 audit(0.0:202): avc: denied { getattr } for path="/data/data/com.android.chrome" dev="mmcblk0p42" ino=408302 scontext=u:r:isolated_app:s0:c512,c768 tcontext=u:object_r:app_data_file:s0:c512,c768 tclass=dir permissive=0
10-21 15:20:58.448 19410 19444 I cr_LibraryLoader: Successfully loaded native library
10-21 15:20:58.451 19410 19444 I cr_CachingUmaRecorder: Flushed 2 samples from 2 histograms, 0 samples were dropped.
10-21 15:20:58.517 19410 19444 I Adreno  : QUALCOMM build                   : a5b4970, If5818605d9
10-21 15:20:58.517 19410 19444 I Adreno  : Build Date                       : 10/12/16
10-21 15:20:58.517 19410 19444 I Adreno  : OpenGL ES Shader Compiler Version: XE031.09.00.04
10-21 15:20:58.517 19410 19444 I Adreno  : Local Branch                     : N24D
10-21 15:20:58.517 19410 19444 I Adreno  : Remote Branch                    : 
10-21 15:20:58.517 19410 19444 I Adreno  : Remote Branch                    : 
10-21 15:20:58.517 19410 19444 I Adreno  : Reconstruct Branch               : 
10-21 15:20:58.572 19430 19430 I cr_SplitCompatApp: Launched version=119.0.6045.193 minSdkVersion=1 isBundle=true processName=com.android.chrome:sandboxed_process0 isIsolated=true
10-21 15:20:58.656 19430 19430 I cr_ChildProcessService: Creating new ChildProcessService pid=19430
10-21 15:20:58.825 19343 19343 I cr_EnterpriseInfoImpl: #setCacheResult() deviceOwned:false profileOwned:false
10-21 15:20:58.825 19343 19343 I cr_EnterpriseInfo: #getManagedStateForNative() dW0@2cf1544
10-21 15:20:58.826 19343 19343 I cr_PolicyProvider: #notifySettingsAvailable() 0
10-21 15:20:58.826 19343 19343 I cr_CombinedPProvider: #onSettingsAvailable() 0
10-21 15:20:58.826 19343 19343 I cr_CombinedPProvider: #flushPolicies()
10-21 15:20:58.827 19343 19343 I cr_PolicyService: #onPolicyServiceInitialized()
10-21 15:20:58.832 19247 19259 E Snap-Debug: Creating entry in thread map, Thread ID is 1075
10-21 15:20:58.938 19430 19448 I cr_LibraryLoader: Successfully loaded native library
10-21 15:20:58.939 19430 19448 I cr_CachingUmaRecorder: Flushed 2 samples from 2 histograms, 0 samples were dropped.
10-21 15:20:59.202  1612  5785 W cmre    : Phenotype API error. Event: # evdd@ad89d07b, EventCode: GET_EXP [CONTEXT service_id=51 ]
10-21 15:20:59.202  1612  5785 W cmre    : cmpm: 29505: No config packages for log source, or config package not registered
10-21 15:20:59.202  1612  5785 W cmre    : 	at cmsb.c(:com.google.android.gms@244134000@24.41.34 (040300-685836814):79)
10-21 15:20:59.202  1612  5785 W cmre    : 	at cmrz.i(:com.google.android.gms@244134000@24.41.34 (040300-685836814):3)
10-21 15:20:59.202  1612  5785 W cmre    : 	at cmre.h(:com.google.android.gms@244134000@24.41.34 (040300-685836814):18)
10-21 15:20:59.202  1612  5785 W cmre    : 	at cmre.f(:com.google.android.gms@244134000@24.41.34 (040300-685836814):11)
10-21 15:20:59.202  1612  5785 W cmre    : 	at bpko.fi(:com.google.android.gms@244134000@24.41.34 (040300-685836814):1)
10-21 15:20:59.202  1612  5785 W cmre    : 	at bpla.run(:com.google.android.gms@244134000@24.41.34 (040300-685836814):66)
10-21 15:20:59.202  1612  5785 W cmre    : 	at dvqi.run(:com.google.android.gms@244134000@24.41.34 (040300-685836814):21)
10-21 15:20:59.202  1612  5785 W cmre    : 	at anzg.c(:com.google.android.gms@244134000@24.41.34 (040300-685836814):50)
10-21 15:20:59.202  1612  5785 W cmre    : 	at anzg.run(:com.google.android.gms@244134000@24.41.34 (040300-685836814):76)
10-21 15:20:59.202  1612  5785 W cmre    : 	at java.util.concurrent.ThreadPoolExecutor.runWorker(ThreadPoolExecutor.java:1133)
10-21 15:20:59.202  1612  5785 W cmre    : 	at java.util.concurrent.ThreadPoolExecutor$Worker.run(ThreadPoolExecutor.java:607)
10-21 15:20:59.202  1612  5785 W cmre    : 	at aoep.run(:com.google.android.gms@244134000@24.41.34 (040300-685836814):8)
10-21 15:20:59.202  1612  5785 W cmre    : 	at java.lang.Thread.run(Thread.java:761)
10-21 15:20:59.204  1612  5785 W AsyncOperation: operation=GetExperimentTokensOperationCall, opStatusCode=29505 [CONTEXT service_id=51 ]
10-21 15:20:59.204  1612  5785 W AsyncOperation: OperationException[Status{statusCode=No config packages for log source, or config package not registered, resolution=null}]
10-21 15:20:59.204  1612  5785 W AsyncOperation: 	at cmre.h(:com.google.android.gms@244134000@24.41.34 (040300-685836814):48)
10-21 15:20:59.204  1612  5785 W AsyncOperation: 	at cmre.f(:com.google.android.gms@244134000@24.41.34 (040300-685836814):11)
10-21 15:20:59.204  1612  5785 W AsyncOperation: 	at bpko.fi(:com.google.android.gms@244134000@24.41.34 (040300-685836814):1)
10-21 15:20:59.204  1612  5785 W AsyncOperation: 	at bpla.run(:com.google.android.gms@244134000@24.41.34 (040300-685836814):66)
10-21 15:20:59.204  1612  5785 W AsyncOperation: 	at dvqi.run(:com.google.android.gms@244134000@24.41.34 (040300-685836814):21)
10-21 15:20:59.204  1612  5785 W AsyncOperation: 	at anzg.c(:com.google.android.gms@244134000@24.41.34 (040300-685836814):50)
10-21 15:20:59.204  1612  5785 W AsyncOperation: 	at anzg.run(:com.google.android.gms@244134000@24.41.34 (040300-685836814):76)
10-21 15:20:59.204  1612  5785 W AsyncOperation: 	at java.util.concurrent.ThreadPoolExecutor.runWorker(ThreadPoolExecutor.java:1133)
10-21 15:20:59.204  1612  5785 W AsyncOperation: 	at java.util.concurrent.ThreadPoolExecutor$Worker.run(ThreadPoolExecutor.java:607)
10-21 15:20:59.204  1612  5785 W AsyncOperation: 	at aoep.run(:com.google.android.gms@244134000@24.41.34 (040300-685836814):8)
10-21 15:20:59.204  1612  5785 W AsyncOperation: 	at java.lang.Thread.run(Thread.java:761)
10-21 15:20:59.206 19343 19399 W chromium: [WARNING:ev_root_ca_metadata.cc(119)] Not implemented
10-21 15:20:59.229 19343 19405 W chromium: [WARNING:ev_root_ca_metadata.cc(119)] Not implemented
10-21 15:20:59.238 19343 19343 I cr_PolicyProvider: #notifySettingsAvailable() 0
10-21 15:20:59.238 19343 19343 I cr_CombinedPProvider: #onSettingsAvailable() 0
10-21 15:20:59.238 19343 19343 I cr_CombinedPProvider: #flushPolicies()
10-21 15:20:59.240  1612  2301 I FontLog : (REDACTED) Received query %s, URI %s
10-21 15:20:59.241  1612  2301 I FontLog : (REDACTED) Query [%s] resolved to %s
10-21 15:20:59.244  1612  2301 I FontLog : (REDACTED) Font PFD returned from cache for %s
10-21 15:20:59.245  1612  2301 I FontLog : (REDACTED) Fetch %s end status %s
10-21 15:20:59.265  1612  2575 I FontLog : (REDACTED) Pulling font file for id = %d, cache size = %d
10-21 15:20:59.285  1612  2060 I FontLog : (REDACTED) Received query %s, URI %s
10-21 15:20:59.285  1612  2060 I FontLog : (REDACTED) Query [%s] resolved to %s
10-21 15:20:59.293  1612  2060 I FontLog : (REDACTED) Font PFD returned from cache for %s
10-21 15:20:59.294  1612  2060 I FontLog : (REDACTED) Fetch %s end status %s
10-21 15:20:59.298 19410 19464 W VideoCapabilities: Unrecognized profile 2130706433 for video/avc
10-21 15:20:59.349  1612  1628 I FontLog : (REDACTED) Pulling font file for id = %d, cache size = %d
10-21 15:20:59.409  1612  2301 I FontLog : (REDACTED) Received query %s, URI %s
10-21 15:20:59.410  1612  2301 I FontLog : (REDACTED) Query [%s] resolved to %s
10-21 15:20:59.412  1612  2301 I FontLog : (REDACTED) Font PFD returned from cache for %s
10-21 15:20:59.412  1612  2301 I FontLog : (REDACTED) Fetch %s end status %s
10-21 15:20:59.424  1612  2575 I FontLog : (REDACTED) Pulling font file for id = %d, cache size = %d
10-21 15:20:59.457  1612  2060 I FontLog : (REDACTED) Received query %s, URI %s
10-21 15:20:59.457  1612  2060 I FontLog : (REDACTED) Query [%s] resolved to %s
10-21 15:20:59.458  1612  2060 I FontLog : (REDACTED) Fetch %s end status %s
10-21 15:20:59.490 19410 19464 I VideoCapabilities: Unsupported profile 4 for video/mp4v-es
10-21 15:20:59.512  1612  1628 I FontLog : (REDACTED) Pulling font file for id = %d, cache size = %d
10-21 15:20:59.784 19343 19398 W chromium: [WARNING:ev_root_ca_metadata.cc(119)] Not implemented
10-21 15:20:59.925   956  2058 I ActivityManager: Start proc 19465:com.android.chrome:sandboxed_process1/u0i14 for service com.android.chrome/org.chromium.content.app.SandboxedProcessService1
10-21 15:21:00.004 19465 19465 W dboxed_process1: type=1400 audit(0.0:203): avc: denied { getattr } for path="/data/data/com.android.chrome" dev="mmcblk0p42" ino=408302 scontext=u:r:isolated_app:s0:c512,c768 tcontext=u:object_r:app_data_file:s0:c512,c768 tclass=dir permissive=0
10-21 15:21:00.036 19465 19465 I cr_SplitCompatApp: Launched version=119.0.6045.193 minSdkVersion=1 isBundle=true processName=com.android.chrome:sandboxed_process1 isIsolated=true
10-21 15:21:00.068 19465 19465 I cr_ChildProcessService: Creating new ChildProcessService pid=19465
10-21 15:21:00.072   956  1754 I ActivityManager: Killing 15880:com.google.android.apps.docs.editors.docs/u0a61 (adj 906): empty #17
10-21 15:21:00.132   956  1494 D ActivityManager: cleanUpApplicationRecord -- 15880
10-21 15:21:00.142 19465 19478 I cr_LibraryLoader: Successfully loaded native library
10-21 15:21:00.143 19465 19478 I cr_CachingUmaRecorder: Flushed 2 samples from 2 histograms, 0 samples were dropped.
10-21 15:21:00.188  3881  3924 I CarrierServices: [226] eey.c: Connected state: [1], networkType: [WIFI]
10-21 15:21:00.209 19465 19478 I chromium: [INFO:child_process_service.cc(69)] ChildProcessService: Exiting child process.
10-21 15:21:00.211   346   346 E lowmemorykiller: Error writing /proc/19465/oom_score_adj; errno=22
10-21 15:21:00.248   956  2454 I ActivityManager: Process com.android.chrome:sandboxed_process1 (pid 19465) has died
10-21 15:21:00.248   956  2454 D ActivityManager: cleanUpApplicationRecord -- 19465
10-21 15:21:00.248   364   653 D audio_hw_primary: enable_snd_device: snd_device(2: speaker)
10-21 15:21:00.251   364   653 D audio_hw_primary: enable_audio_route: usecase(1) apply and update mixer path: low-latency-playback speaker
10-21 15:21:00.273 19247 19247 D Snap-Debug: Calls to checkObjectForPII :37800
10-21 15:21:00.293 19247 19247 D Snap-Debug: Calls to checkObjectForPII :37900
10-21 15:21:00.303 19247 19247 D Snap-Debug: Calls to checkObjectForPII :38000
10-21 15:21:00.306 19247 19247 D Snap-Debug: Calls to checkObjectForPII :38100
10-21 15:21:00.310 19247 19247 D Snap-Debug: Calls to checkObjectForPII :38200
10-21 15:21:00.312 19247 19247 D Snap-Debug: Calls to checkObjectForPII :38300
10-21 15:21:00.316 19247 19247 D Snap-Debug: Calls to checkObjectForPII :38400
10-21 15:21:00.320 19247 19247 D Snap-Debug: Calls to checkObjectForPII :38500
10-21 15:21:00.325 19247 19247 D Snap-Debug: Calls to checkObjectForPII :38600
10-21 15:21:00.334 19247 19247 D Snap-Debug: Calls to checkObjectForPII :38700
10-21 15:21:00.355 19247 19247 D Snap-Debug: Calls to checkObjectForPII :38800
10-21 15:21:00.363 19247 19247 D Snap-Debug: Calls to checkObjectForPII :38900
10-21 15:21:00.375 19247 19247 D Snap-Debug: Calls to checkObjectForPII :39000
10-21 15:21:00.381 19247 19247 D Snap-Debug: Calls to checkObjectForPII :39100
10-21 15:21:00.387 19247 19247 D Snap-Debug: Calls to checkObjectForPII :39200
10-21 15:21:00.395 19247 19247 D Snap-Debug: Calls to checkObjectForPII :39300
10-21 15:21:00.399 19247 19247 D Snap-Debug: Calls to checkObjectForPII :39400
10-21 15:21:00.415 19247 19247 D Snap-Debug: Calls to checkObjectForPII :39500
10-21 15:21:00.428 19247 19247 D Snap-Debug: Calls to checkObjectForPII :39600
10-21 15:21:00.438 19247 19247 D Snap-Debug: Calls to checkObjectForPII :39700
10-21 15:21:00.462 19247 19247 D Snap-Debug: Calls to checkObjectForPII :39800
10-21 15:21:00.484 19247 19247 D Snap-Debug: Calls to checkObjectForPII :39900
10-21 15:21:00.523 19247 19247 D Snap-Debug: Calls to checkObjectForPII :40000
10-21 15:21:00.540 19247 19247 D Snap-Debug: Calls to checkObjectForPII :40100
10-21 15:21:00.560 19247 19247 D Snap-Debug: Calls to checkObjectForPII :40200
10-21 15:21:00.578 19247 19247 D Snap-Debug: Calls to checkObjectForPII :40300
10-21 15:21:00.588 19247 19247 D Snap-Debug: Calls to checkObjectForPII :40400
10-21 15:21:00.599 19247 19247 D Snap-Debug: Calls to checkObjectForPII :40500
10-21 15:21:00.608 19247 19247 D Snap-Debug: Calls to checkObjectForPII :40600
10-21 15:21:00.611 19247 19247 D Snap-Debug: Calls to checkObjectForPII :40700
10-21 15:21:00.614 19247 19247 D Snap-Debug: Calls to checkObjectForPII :40800
10-21 15:21:00.616 19247 19247 D Snap-Debug: Calls to checkObjectForPII :40900
10-21 15:21:00.619 19247 19247 D Snap-Debug: Calls to checkObjectForPII :41000
10-21 15:21:00.623 19247 19247 D Snap-Debug: Calls to checkObjectForPII :41100
10-21 15:21:00.627 19247 19247 D Snap-Debug: Calls to checkObjectForPII :41200
10-21 15:21:00.634 19247 19247 D Snap-Debug: Calls to checkObjectForPII :41300
10-21 15:21:00.645 19247 19247 D Snap-Debug: Calls to checkObjectForPII :41400
10-21 15:21:00.654 19247 19247 D Snap-Debug: Calls to checkObjectForPII :41500
10-21 15:21:00.662 19247 19247 D Snap-Debug: Calls to checkObjectForPII :41600
10-21 15:21:00.666 19247 19247 D Snap-Debug: Calls to checkObjectForPII :41700
10-21 15:21:00.669 19247 19247 D Snap-Debug: Calls to checkObjectForPII :41800
10-21 15:21:00.672 19247 19247 D Snap-Debug: Calls to checkObjectForPII :41900
10-21 15:21:00.676 19247 19247 D Snap-Debug: Calls to checkObjectForPII :42000
10-21 15:21:00.678 19247 19247 D Snap-Debug: Calls to checkObjectForPII :42100
10-21 15:21:00.680 19247 19247 D Snap-Debug: Calls to checkObjectForPII :42200
10-21 15:21:00.683 19247 19247 D Snap-Debug: Calls to checkObjectForPII :42300
10-21 15:21:00.686 19247 19247 D Snap-Debug: Calls to checkObjectForPII :42400
10-21 15:21:00.689 19247 19247 D Snap-Debug: Calls to checkObjectForPII :42500
10-21 15:21:00.692 19247 19247 D Snap-Debug: Calls to checkObjectForPII :42600
10-21 15:21:00.696 19247 19247 D Snap-Debug: Calls to checkObjectForPII :42700
10-21 15:21:00.700 19247 19247 D Snap-Debug: Calls to checkObjectForPII :42800
10-21 15:21:00.708 19247 19247 D Snap-Debug: Calls to checkObjectForPII :42900
10-21 15:21:00.713 19247 19252 I art     : Do full code cache collection, code=117KB, data=125KB
10-21 15:21:00.715 19247 19252 I art     : Starting a blocking GC JitCodeCache
10-21 15:21:00.715 19247 19252 I art     : After code cache collection, code=91KB, data=94KB
10-21 15:21:00.722 19247 19247 D Snap-Debug: Calls to checkObjectForPII :43000
10-21 15:21:00.737 19247 19247 D Snap-Debug: Calls to checkObjectForPII :43100
10-21 15:21:00.746 19247 19247 D Snap-Debug: Calls to checkObjectForPII :43200
10-21 15:21:00.750 19247 19247 D Snap-Debug: Calls to checkObjectForPII :43300
10-21 15:21:00.756 19247 19247 D Snap-Debug: Calls to checkObjectForPII :43400
10-21 15:21:00.763 19247 19247 D Snap-Debug: Calls to checkObjectForPII :43500
10-21 15:21:00.777 19247 19247 D Snap-Debug: Calls to checkObjectForPII :43600
10-21 15:21:00.782 19247 19247 D Snap-Debug: Calls to checkObjectForPII :43700
10-21 15:21:00.787 19247 19247 D Snap-Debug: Calls to checkObjectForPII :43800
10-21 15:21:00.798 19247 19247 D Snap-Debug: Calls to checkObjectForPII :43900
10-21 15:21:00.895 19247 19247 D Snap-Debug: Calls to checkObjectForPII :44000
10-21 15:21:01.049 19247 19247 D Snap-Debug: Calls to checkObjectForPII :44100
10-21 15:21:01.123 19247 19247 D Snap-Debug: Calls to checkObjectForPII :44200
10-21 15:21:03.217  1465  5048 I chatty  : uid=10080(com.google.android.inputmethod.latin) voice-control-1 expire 2 lines
10-21 15:21:03.224  3881  3924 I CarrierServices: [226] eey.c: Connected state: [1], networkType: [WIFI]
10-21 15:21:03.258  1465  1465 I chatty  : uid=10080(com.google.android.inputmethod.latin) expire 406 lines
10-21 15:21:03.274  1465  1465 W ResourceType: For resource 0x7f150954, entry index(2388) is beyond type entryCount(347)
10-21 15:21:03.274  1465  1465 W ResourceType: For resource 0x7f150952, entry index(2386) is beyond type entryCount(347)
10-21 15:21:03.274  1465  1465 W ResourceType: For resource 0x7f150a72, entry index(2674) is beyond type entryCount(347)
10-21 15:21:03.274  1465  1465 W ResourceType: For resource 0x7f15083b, entry index(2107) is beyond type entryCount(347)
10-21 15:21:03.274  1465  1465 W ResourceType: For resource 0x7f15095b, entry index(2395) is beyond type entryCount(347)
10-21 15:21:03.274  1465  1465 W ResourceType: For resource 0x7f15095c, entry index(2396) is beyond type entryCount(347)
10-21 15:21:03.274  1465  1465 W ResourceType: For resource 0x7f150973, entry index(2419) is beyond type entryCount(347)
10-21 15:21:03.274  1465  1465 W ResourceType: For resource 0x7f150aaf, entry index(2735) is beyond type entryCount(347)
10-21 15:21:03.274  1465  1465 W ResourceType: For resource 0x7f150748, entry index(1864) is beyond type entryCount(347)
10-21 15:21:03.274  1465  1465 W ResourceType: For resource 0x7f150aad, entry index(2733) is beyond type entryCount(347)
10-21 15:21:03.274  1465  1465 W ResourceType: For resource 0x7f150a74, entry index(2676) is beyond type entryCount(347)
10-21 15:21:03.274  1465  1465 W ResourceType: For resource 0x7f150971, entry index(2417) is beyond type entryCount(347)
10-21 15:21:03.274  1465  1465 W ResourceType: For resource 0x7f150982, entry index(2434) is beyond type entryCount(347)
10-21 15:21:03.274  1465  1465 W ResourceType: For resource 0x7f15095a, entry index(2394) is beyond type entryCount(347)
10-21 15:21:03.275  1465  1465 W ResourceType: For resource 0x7f150a75, entry index(2677) is beyond type entryCount(347)
10-21 15:21:03.275  1465  1465 W ResourceType: For resource 0x7f1506ce, entry index(1742) is beyond type entryCount(347)
10-21 15:21:03.275  1465  1465 W ResourceType: For resource 0x7f1506f1, entry index(1777) is beyond type entryCount(347)
10-21 15:21:03.275  1465  1465 W ResourceType: For resource 0x7f1506d0, entry index(1744) is beyond type entryCount(347)
10-21 15:21:03.275  1465  1465 W ResourceType: For resource 0x7f1506f1, entry index(1777) is beyond type entryCount(347)
10-21 15:21:03.275  1465  1465 W ResourceType: For resource 0x7f150677, entry index(1655) is beyond type entryCount(347)
10-21 15:21:03.275  1465  1465 W ResourceType: For resource 0x7f150660, entry index(1632) is beyond type entryCount(347)
10-21 15:21:03.275  1465  1465 W ResourceType: For resource 0x7f150661, entry index(1633) is beyond type entryCount(347)
10-21 15:21:03.275  1465  1465 W ResourceType: For resource 0x7f1506ce, entry index(1742) is beyond type entryCount(347)
10-21 15:21:03.275  1465  1465 W ResourceType: For resource 0x7f15098b, entry index(2443) is beyond type entryCount(347)
10-21 15:21:03.275  1465  1465 W ResourceType: For resource 0x7f150ace, entry index(2766) is beyond type entryCount(347)
10-21 15:21:03.275  1465  1465 W ResourceType: For resource 0x7f0805a4, entry index(1444) is beyond type entryCount(1393)
10-21 15:21:03.275  1465  1465 W ResourceType: For resource 0x7f15087d, entry index(2173) is beyond type entryCount(347)
10-21 15:21:03.275  1465  1465 W ResourceType: For resource 0x7f150a96, entry index(2710) is beyond type entryCount(347)
10-21 15:21:03.275  1465  1465 W ResourceType: For resource 0x7f150a96, entry index(2710) is beyond type entryCount(347)
10-21 15:21:03.275  1465  1465 W ResourceType: For resource 0x7f150960, entry index(2400) is beyond type entryCount(347)
10-21 15:21:03.275  1465  1465 W ResourceType: For resource 0x7f150964, entry index(2404) is beyond type entryCount(347)
10-21 15:21:03.276  1465  1465 W ResourceType: For resource 0x7f150962, entry index(2402) is beyond type entryCount(347)
10-21 15:21:03.276  1465  1465 W ResourceType: For resource 0x7f150836, entry index(2102) is beyond type entryCount(347)
10-21 15:21:03.276  1465  1465 W ResourceType: For resource 0x7f150972, entry index(2418) is beyond type entryCount(347)
10-21 15:21:03.276  1465  1465 W ResourceType: For resource 0x7f150949, entry index(2377) is beyond type entryCount(347)
10-21 15:21:03.276  1465  1465 W ResourceType: For resource 0x7f150a35, entry index(2613) is beyond type entryCount(347)
10-21 15:21:03.276  1465  1465 W ResourceType: For resource 0x7f150836, entry index(2102) is beyond type entryCount(347)
10-21 15:21:03.276  1465  1465 W ResourceType: For resource 0x7f150ab0, entry index(2736) is beyond type entryCount(347)
10-21 15:21:03.276  1465  1465 W ResourceType: For resource 0x7f15094c, entry index(2380) is beyond type entryCount(347)
10-21 15:21:03.276  1465  1465 W ResourceType: For resource 0x7f150874, entry index(2164) is beyond type entryCount(347)
10-21 15:21:03.276  1465  1465 W ResourceType: For resource 0x7f15094d, entry index(2381) is beyond type entryCount(347)
10-21 15:21:03.276  1465  1465 W ResourceType: For resource 0x7f150a50, entry index(2640) is beyond type entryCount(347)
10-21 15:21:03.276  1465  1465 W ResourceType: For resource 0x7f150a51, entry index(2641) is beyond type entryCount(347)
10-21 15:21:03.276  1465  1465 W ResourceType: For resource 0x7f150a51, entry index(2641) is beyond type entryCount(347)
10-21 15:21:03.276  1465  1465 W ResourceType: For resource 0x7f150a51, entry index(2641) is beyond type entryCount(347)
10-21 15:21:03.276  1465  1465 W ResourceType: For resource 0x7f150a51, entry index(2641) is beyond type entryCount(347)
10-21 15:21:03.276  1465  1465 W ResourceType: For resource 0x7f150954, entry index(2388) is beyond type entryCount(347)
10-21 15:21:03.276  1465  1465 W ResourceType: For resource 0x7f150952, entry index(2386) is beyond type entryCount(347)
10-21 15:21:03.276  1465  1465 W ResourceType: For resource 0x7f150a72, entry index(2674) is beyond type entryCount(347)
10-21 15:21:03.276  1465  1465 W ResourceType: For resource 0x7f15083b, entry index(2107) is beyond type entryCount(347)
10-21 15:21:03.276  1465  1465 W ResourceType: For resource 0x7f15095b, entry index(2395) is beyond type entryCount(347)
10-21 15:21:03.276  1465  1465 W ResourceType: For resource 0x7f15095c, entry index(2396) is beyond type entryCount(347)
10-21 15:21:03.276  1465  1465 W ResourceType: For resource 0x7f150973, entry index(2419) is beyond type entryCount(347)
10-21 15:21:03.276  1465  1465 W ResourceType: For resource 0x7f150aaf, entry index(2735) is beyond type entryCount(347)
