10-21 15:13:00.035  1465  1465 W ResourceType: For resource 0x7f150aaf, entry index(2735) is beyond type entryCount(347)
10-21 15:13:00.035  1465  1465 W ResourceType: For resource 0x7f150748, entry index(1864) is beyond type entryCount(347)
10-21 15:13:00.035  1465  1465 W ResourceType: For resource 0x7f150aad, entry index(2733) is beyond type entryCount(347)
10-21 15:13:00.036  1465  1465 W ResourceType: For resource 0x7f150a74, entry index(2676) is beyond type entryCount(347)
10-21 15:13:00.036  1465  1465 W ResourceType: For resource 0x7f150971, entry index(2417) is beyond type entryCount(347)
10-21 15:13:00.036  1465  1465 W ResourceType: For resource 0x7f150982, entry index(2434) is beyond type entryCount(347)
10-21 15:13:00.036  1465  1465 W ResourceType: For resource 0x7f15095a, entry index(2394) is beyond type entryCount(347)
10-21 15:13:00.036  1465  1465 W ResourceType: For resource 0x7f150a75, entry index(2677) is beyond type entryCount(347)
10-21 15:13:00.036  1465  1465 W ResourceType: For resource 0x7f1506ce, entry index(1742) is beyond type entryCount(347)
10-21 15:13:00.036  1465  1465 W ResourceType: For resource 0x7f1506f1, entry index(1777) is beyond type entryCount(347)
10-21 15:13:00.036  1465  1465 W ResourceType: For resource 0x7f1506d0, entry index(1744) is beyond type entryCount(347)
10-21 15:13:00.036  1465  1465 W ResourceType: For resource 0x7f1506f1, entry index(1777) is beyond type entryCount(347)
10-21 15:13:00.036  1465  1465 W ResourceType: For resource 0x7f150677, entry index(1655) is beyond type entryCount(347)
10-21 15:13:00.036  1465  1465 W ResourceType: For resource 0x7f150660, entry index(1632) is beyond type entryCount(347)
10-21 15:13:00.036  1465  1465 W ResourceType: For resource 0x7f150661, entry index(1633) is beyond type entryCount(347)
10-21 15:13:00.036  1465  1465 W ResourceType: For resource 0x7f1506ce, entry index(1742) is beyond type entryCount(347)
10-21 15:13:00.036  1465  1465 W ResourceType: For resource 0x7f15098b, entry index(2443) is beyond type entryCount(347)
10-21 15:13:00.036  1465  1465 W ResourceType: For resource 0x7f150ace, entry index(2766) is beyond type entryCount(347)
10-21 15:13:00.036  1465  1465 W ResourceType: For resource 0x7f0805a4, entry index(1444) is beyond type entryCount(1393)
10-21 15:13:00.037  1465  1465 W ResourceType: For resource 0x7f15087d, entry index(2173) is beyond type entryCount(347)
10-21 15:13:00.037  1465  1465 W ResourceType: For resource 0x7f150a96, entry index(2710) is beyond type entryCount(347)
10-21 15:13:00.037  1465  1465 W ResourceType: For resource 0x7f150a96, entry index(2710) is beyond type entryCount(347)
10-21 15:13:00.037  1465  1465 W ResourceType: For resource 0x7f150960, entry index(2400) is beyond type entryCount(347)
10-21 15:13:00.037  1465  1465 W ResourceType: For resource 0x7f150964, entry index(2404) is beyond type entryCount(347)
10-21 15:13:00.037  1465  1465 W ResourceType: For resource 0x7f150962, entry index(2402) is beyond type entryCount(347)
10-21 15:13:00.037  1465  1465 W ResourceType: For resource 0x7f150836, entry index(2102) is beyond type entryCount(347)
10-21 15:13:00.037  1465  1465 W ResourceType: For resource 0x7f150972, entry index(2418) is beyond type entryCount(347)
10-21 15:13:00.037  1465  1465 W ResourceType: For resource 0x7f150949, entry index(2377) is beyond type entryCount(347)
10-21 15:13:00.037  1465  1465 W ResourceType: For resource 0x7f150a35, entry index(2613) is beyond type entryCount(347)
10-21 15:13:00.037  1465  1465 W ResourceType: For resource 0x7f150836, entry index(2102) is beyond type entryCount(347)
10-21 15:13:00.037  1465  1465 W ResourceType: For resource 0x7f150ab0, entry index(2736) is beyond type entryCount(347)
10-21 15:13:00.037  1465  1465 W ResourceType: For resource 0x7f15094c, entry index(2380) is beyond type entryCount(347)
10-21 15:13:00.037  1465  1465 W ResourceType: For resource 0x7f150874, entry index(2164) is beyond type entryCount(347)
10-21 15:13:00.037  1465  1465 W ResourceType: For resource 0x7f15094d, entry index(2381) is beyond type entryCount(347)
10-21 15:13:00.037  1465  1465 W ResourceType: For resource 0x7f150a50, entry index(2640) is beyond type entryCount(347)
10-21 15:13:00.037  1465  1465 W ResourceType: For resource 0x7f150a51, entry index(2641) is beyond type entryCount(347)
10-21 15:13:00.037  1465  1465 W ResourceType: For resource 0x7f150a51, entry index(2641) is beyond type entryCount(347)
10-21 15:13:00.037  1465  1465 W ResourceType: For resource 0x7f150a51, entry index(2641) is beyond type entryCount(347)
10-21 15:13:00.037  1465  1465 W ResourceType: For resource 0x7f150a51, entry index(2641) is beyond type entryCount(347)
10-21 15:13:00.037  1465  1465 W ResourceType: For resource 0x7f150954, entry index(2388) is beyond type entryCount(347)
10-21 15:13:00.037  1465  1465 W ResourceType: For resource 0x7f150952, entry index(2386) is beyond type entryCount(347)
10-21 15:13:00.037  1465  1465 W ResourceType: For resource 0x7f150a72, entry index(2674) is beyond type entryCount(347)
10-21 15:13:00.038  1465  1465 W ResourceType: For resource 0x7f15083b, entry index(2107) is beyond type entryCount(347)
10-21 15:13:00.038  1465  1465 W ResourceType: For resource 0x7f15095b, entry index(2395) is beyond type entryCount(347)
10-21 15:13:00.038  1465  1465 W ResourceType: For resource 0x7f15095c, entry index(2396) is beyond type entryCount(347)
10-21 15:13:00.038  1465  1465 W ResourceType: For resource 0x7f150973, entry index(2419) is beyond type entryCount(347)
10-21 15:13:00.038  1465  1465 W ResourceType: For resource 0x7f150aaf, entry index(2735) is beyond type entryCount(347)
10-21 15:13:00.038  1465  1465 W ResourceType: For resource 0x7f150748, entry index(1864) is beyond type entryCount(347)
10-21 15:13:00.038  1465  1465 W ResourceType: For resource 0x7f150aad, entry index(2733) is beyond type entryCount(347)
10-21 15:13:00.038  1465  1465 W ResourceType: For resource 0x7f150a74, entry index(2676) is beyond type entryCount(347)
10-21 15:13:00.038  1465  1465 W ResourceType: For resource 0x7f150971, entry index(2417) is beyond type entryCount(347)
10-21 15:13:00.038  1465  1465 W ResourceType: For resource 0x7f150982, entry index(2434) is beyond type entryCount(347)
10-21 15:13:00.038  1465  1465 W ResourceType: For resource 0x7f15095a, entry index(2394) is beyond type entryCount(347)
10-21 15:13:00.038  1465  1465 W ResourceType: For resource 0x7f150a75, entry index(2677) is beyond type entryCount(347)
10-21 15:13:00.038  1465  1465 W ResourceType: For resource 0x7f1506ce, entry index(1742) is beyond type entryCount(347)
10-21 15:13:00.038  1465  1465 W ResourceType: For resource 0x7f1506f1, entry index(1777) is beyond type entryCount(347)
10-21 15:13:00.038  1465  1465 W ResourceType: For resource 0x7f1506d0, entry index(1744) is beyond type entryCount(347)
10-21 15:13:00.038  1465  1465 W ResourceType: For resource 0x7f1506f1, entry index(1777) is beyond type entryCount(347)
10-21 15:13:00.038  1465  1465 W ResourceType: For resource 0x7f150677, entry index(1655) is beyond type entryCount(347)
10-21 15:13:00.038  1465  1465 W ResourceType: For resource 0x7f150660, entry index(1632) is beyond type entryCount(347)
10-21 15:13:00.038  1465  1465 W ResourceType: For resource 0x7f150661, entry index(1633) is beyond type entryCount(347)
10-21 15:13:00.038  1465  1465 W ResourceType: For resource 0x7f1506ce, entry index(1742) is beyond type entryCount(347)
10-21 15:13:00.038  1465  1465 W ResourceType: For resource 0x7f15098b, entry index(2443) is beyond type entryCount(347)
10-21 15:13:00.038  1465  1465 W ResourceType: For resource 0x7f150ace, entry index(2766) is beyond type entryCount(347)
10-21 15:13:00.038  1465  1465 W ResourceType: For resource 0x7f0805a4, entry index(1444) is beyond type entryCount(1393)
10-21 15:13:00.039  1465  1465 W ResourceType: For resource 0x7f15087d, entry index(2173) is beyond type entryCount(347)
10-21 15:13:00.039  1465  1465 W ResourceType: For resource 0x7f150a96, entry index(2710) is beyond type entryCount(347)
10-21 15:13:00.039  1465  1465 W ResourceType: For resource 0x7f150a96, entry index(2710) is beyond type entryCount(347)
10-21 15:13:00.039  1465  1465 W ResourceType: For resource 0x7f150960, entry index(2400) is beyond type entryCount(347)
10-21 15:13:00.039  1465  1465 W ResourceType: For resource 0x7f150964, entry index(2404) is beyond type entryCount(347)
10-21 15:13:00.039  1465  1465 W ResourceType: For resource 0x7f150962, entry index(2402) is beyond type entryCount(347)
10-21 15:13:00.039  1465  1465 W ResourceType: For resource 0x7f150836, entry index(2102) is beyond type entryCount(347)
10-21 15:13:00.039  1465  1465 W ResourceType: For resource 0x7f150972, entry index(2418) is beyond type entryCount(347)
10-21 15:13:00.039  1465  1465 W ResourceType: For resource 0x7f150949, entry index(2377) is beyond type entryCount(347)
10-21 15:13:00.039  1465  1465 W ResourceType: For resource 0x7f150a35, entry index(2613) is beyond type entryCount(347)
10-21 15:13:00.039  1465  1465 W ResourceType: For resource 0x7f150836, entry index(2102) is beyond type entryCount(347)
10-21 15:13:00.039  1465  1465 W ResourceType: For resource 0x7f150ab0, entry index(2736) is beyond type entryCount(347)
10-21 15:13:00.039  1465  1465 W ResourceType: For resource 0x7f15094c, entry index(2380) is beyond type entryCount(347)
10-21 15:13:00.039  1465  1465 W ResourceType: For resource 0x7f150874, entry index(2164) is beyond type entryCount(347)
10-21 15:13:00.039  1465  1465 W ResourceType: For resource 0x7f15094d, entry index(2381) is beyond type entryCount(347)
10-21 15:13:00.039  1465  1465 W ResourceType: For resource 0x7f150a50, entry index(2640) is beyond type entryCount(347)
10-21 15:13:00.040  1465  1465 W ResourceType: For resource 0x7f150a51, entry index(2641) is beyond type entryCount(347)
10-21 15:13:00.040  1465  1465 W ResourceType: For resource 0x7f150a51, entry index(2641) is beyond type entryCount(347)
10-21 15:13:00.040  1465  1465 W ResourceType: For resource 0x7f150a51, entry index(2641) is beyond type entryCount(347)
10-21 15:13:00.040  1465  1465 W ResourceType: For resource 0x7f150a51, entry index(2641) is beyond type entryCount(347)
10-21 15:13:00.040  1465  1465 W ResourceType: For resource 0x7f150954, entry index(2388) is beyond type entryCount(347)
10-21 15:13:00.040  1465  1465 W ResourceType: For resource 0x7f150952, entry index(2386) is beyond type entryCount(347)
10-21 15:13:00.040  1465  1465 W ResourceType: For resource 0x7f150a72, entry index(2674) is beyond type entryCount(347)
10-21 15:13:00.040  1465  1465 W ResourceType: For resource 0x7f15083b, entry index(2107) is beyond type entryCount(347)
10-21 15:13:00.040  1465  1465 W ResourceType: For resource 0x7f15095b, entry index(2395) is beyond type entryCount(347)
10-21 15:13:00.040  1465  1465 W ResourceType: For resource 0x7f15095c, entry index(2396) is beyond type entryCount(347)
10-21 15:13:00.040  1465  1465 W ResourceType: For resource 0x7f150973, entry index(2419) is beyond type entryCount(347)
10-21 15:13:00.040  1465  1465 W ResourceType: For resource 0x7f150aaf, entry index(2735) is beyond type entryCount(347)
10-21 15:13:00.040  1465  1465 W ResourceType: For resource 0x7f150748, entry index(1864) is beyond type entryCount(347)
10-21 15:13:00.040  1465  1465 W ResourceType: For resource 0x7f150aad, entry index(2733) is beyond type entryCount(347)
10-21 15:13:00.040  1465  1465 W ResourceType: For resource 0x7f150a74, entry index(2676) is beyond type entryCount(347)
10-21 15:13:00.040  1465  1465 W ResourceType: For resource 0x7f150971, entry index(2417) is beyond type entryCount(347)
10-21 15:13:00.040  1465  1465 W ResourceType: For resource 0x7f150982, entry index(2434) is beyond type entryCount(347)
10-21 15:13:00.040  1465  1465 W ResourceType: For resource 0x7f15095a, entry index(2394) is beyond type entryCount(347)
10-21 15:13:00.040  1465  1465 W ResourceType: For resource 0x7f150a75, entry index(2677) is beyond type entryCount(347)
10-21 15:13:00.040  1465  1465 W ResourceType: For resource 0x7f1506ce, entry index(1742) is beyond type entryCount(347)
10-21 15:13:00.040  1465  1465 W ResourceType: For resource 0x7f1506f1, entry index(1777) is beyond type entryCount(347)
10-21 15:13:00.040  1465  1465 W ResourceType: For resource 0x7f1506d0, entry index(1744) is beyond type entryCount(347)
10-21 15:13:00.040  1465  1465 W ResourceType: For resource 0x7f1506f1, entry index(1777) is beyond type entryCount(347)
10-21 15:13:00.040  1465  1465 W ResourceType: For resource 0x7f150677, entry index(1655) is beyond type entryCount(347)
10-21 15:13:00.040  1465  1465 W ResourceType: For resource 0x7f150660, entry index(1632) is beyond type entryCount(347)
10-21 15:13:00.040  1465  1465 W ResourceType: For resource 0x7f150661, entry index(1633) is beyond type entryCount(347)
10-21 15:13:00.040  1465  1465 W ResourceType: For resource 0x7f1506ce, entry index(1742) is beyond type entryCount(347)
10-21 15:13:00.040  1465  1465 W ResourceType: For resource 0x7f15098b, entry index(2443) is beyond type entryCount(347)
10-21 15:13:00.040  1465  1465 W ResourceType: For resource 0x7f150ace, entry index(2766) is beyond type entryCount(347)
10-21 15:13:00.040  1465  1465 W ResourceType: For resource 0x7f0805a4, entry index(1444) is beyond type entryCount(1393)
10-21 15:13:00.041  1465  1465 W ResourceType: For resource 0x7f15087d, entry index(2173) is beyond type entryCount(347)
10-21 15:13:00.041  1465  1465 W ResourceType: For resource 0x7f150a96, entry index(2710) is beyond type entryCount(347)
10-21 15:13:00.041  1465  1465 W ResourceType: For resource 0x7f150a96, entry index(2710) is beyond type entryCount(347)
10-21 15:13:00.041  1465  1465 W ResourceType: For resource 0x7f150960, entry index(2400) is beyond type entryCount(347)
10-21 15:13:00.041  1465  1465 W ResourceType: For resource 0x7f150964, entry index(2404) is beyond type entryCount(347)
10-21 15:13:00.041  1465  1465 W ResourceType: For resource 0x7f150962, entry index(2402) is beyond type entryCount(347)
10-21 15:13:00.041  1465  1465 W ResourceType: For resource 0x7f150836, entry index(2102) is beyond type entryCount(347)
10-21 15:13:00.041  1465  1465 W ResourceType: For resource 0x7f150972, entry index(2418) is beyond type entryCount(347)
10-21 15:13:00.041  1465  1465 W ResourceType: For resource 0x7f150949, entry index(2377) is beyond type entryCount(347)
10-21 15:13:00.041  1465  1465 W ResourceType: For resource 0x7f150a35, entry index(2613) is beyond type entryCount(347)
10-21 15:13:00.041  1465  1465 W ResourceType: For resource 0x7f150836, entry index(2102) is beyond type entryCount(347)
10-21 15:13:00.041  1465  1465 W ResourceType: For resource 0x7f150ab0, entry index(2736) is beyond type entryCount(347)
10-21 15:13:00.041  1465  1465 W ResourceType: For resource 0x7f15094c, entry index(2380) is beyond type entryCount(347)
10-21 15:13:00.041  1465  1465 W ResourceType: For resource 0x7f150874, entry index(2164) is beyond type entryCount(347)
10-21 15:13:00.041  1465  1465 W ResourceType: For resource 0x7f15094d, entry index(2381) is beyond type entryCount(347)
10-21 15:13:00.041  1465  1465 W ResourceType: For resource 0x7f150a50, entry index(2640) is beyond type entryCount(347)
10-21 15:13:00.041  1465  1465 W ResourceType: For resource 0x7f150a51, entry index(2641) is beyond type entryCount(347)
10-21 15:13:00.041  1465  1465 W ResourceType: For resource 0x7f150a51, entry index(2641) is beyond type entryCount(347)
10-21 15:13:00.041  1465  1465 W ResourceType: For resource 0x7f150a51, entry index(2641) is beyond type entryCount(347)
10-21 15:13:00.041  1465  1465 W ResourceType: For resource 0x7f150a51, entry index(2641) is beyond type entryCount(347)
10-21 15:13:00.041  1465  1465 W ResourceType: For resource 0x7f150954, entry index(2388) is beyond type entryCount(347)
10-21 15:13:00.041  1465  1465 W ResourceType: For resource 0x7f150952, entry index(2386) is beyond type entryCount(347)
10-21 15:13:00.041  1465  1465 W ResourceType: For resource 0x7f150a72, entry index(2674) is beyond type entryCount(347)
10-21 15:13:00.042  1465  1465 W ResourceType: For resource 0x7f15083b, entry index(2107) is beyond type entryCount(347)
10-21 15:13:00.042  1465  1465 W ResourceType: For resource 0x7f15095b, entry index(2395) is beyond type entryCount(347)
10-21 15:13:00.042  1465  1465 W ResourceType: For resource 0x7f15095c, entry index(2396) is beyond type entryCount(347)
10-21 15:13:00.042  1465  1465 W ResourceType: For resource 0x7f150973, entry index(2419) is beyond type entryCount(347)
10-21 15:13:00.042  1465  1465 W ResourceType: For resource 0x7f150aaf, entry index(2735) is beyond type entryCount(347)
10-21 15:13:00.042  1465  1465 W ResourceType: For resource 0x7f150748, entry index(1864) is beyond type entryCount(347)
10-21 15:13:00.042  1465  1465 W ResourceType: For resource 0x7f150aad, entry index(2733) is beyond type entryCount(347)
10-21 15:13:00.042  1465  1465 W ResourceType: For resource 0x7f150a74, entry index(2676) is beyond type entryCount(347)
10-21 15:13:00.042  1465  1465 W ResourceType: For resource 0x7f150971, entry index(2417) is beyond type entryCount(347)
10-21 15:13:00.042  1465  1465 W ResourceType: For resource 0x7f150982, entry index(2434) is beyond type entryCount(347)
10-21 15:13:00.042  1465  1465 W ResourceType: For resource 0x7f15095a, entry index(2394) is beyond type entryCount(347)
10-21 15:13:00.042  1465  1465 W ResourceType: For resource 0x7f150a75, entry index(2677) is beyond type entryCount(347)
10-21 15:13:00.042  1465  1465 W ResourceType: For resource 0x7f1506ce, entry index(1742) is beyond type entryCount(347)
10-21 15:13:00.042  1465  1465 W ResourceType: For resource 0x7f1506f1, entry index(1777) is beyond type entryCount(347)
10-21 15:13:00.042  1465  1465 W ResourceType: For resource 0x7f1506d0, entry index(1744) is beyond type entryCount(347)
10-21 15:13:00.042  1465  1465 W ResourceType: For resource 0x7f1506f1, entry index(1777) is beyond type entryCount(347)
10-21 15:13:00.042  1465  1465 W ResourceType: For resource 0x7f150677, entry index(1655) is beyond type entryCount(347)
10-21 15:13:00.042  1465  1465 W ResourceType: For resource 0x7f150660, entry index(1632) is beyond type entryCount(347)
10-21 15:13:00.042  1465  1465 W ResourceType: For resource 0x7f150661, entry index(1633) is beyond type entryCount(347)
10-21 15:13:00.042  1465  1465 W ResourceType: For resource 0x7f1506ce, entry index(1742) is beyond type entryCount(347)
10-21 15:13:00.042  1465  1465 W ResourceType: For resource 0x7f15098b, entry index(2443) is beyond type entryCount(347)
10-21 15:13:00.042  1465  1465 W ResourceType: For resource 0x7f150ace, entry index(2766) is beyond type entryCount(347)
10-21 15:13:00.042  1465  1465 W ResourceType: For resource 0x7f0805a4, entry index(1444) is beyond type entryCount(1393)
10-21 15:13:00.043  1465  1465 W ResourceType: For resource 0x7f15087d, entry index(2173) is beyond type entryCount(347)
10-21 15:13:00.043  1465  1465 W ResourceType: For resource 0x7f150a96, entry index(2710) is beyond type entryCount(347)
10-21 15:13:00.043  1465  1465 W ResourceType: For resource 0x7f150a96, entry index(2710) is beyond type entryCount(347)
10-21 15:13:00.043  1465  1465 W ResourceType: For resource 0x7f150960, entry index(2400) is beyond type entryCount(347)
10-21 15:13:00.043  1465  1465 W ResourceType: For resource 0x7f150964, entry index(2404) is beyond type entryCount(347)
10-21 15:13:00.043  1465  1465 W ResourceType: For resource 0x7f150962, entry index(2402) is beyond type entryCount(347)
10-21 15:13:00.044  1465  1465 W ResourceType: For resource 0x7f150836, entry index(2102) is beyond type entryCount(347)
10-21 15:13:00.044  1465  1465 W ResourceType: For resource 0x7f150972, entry index(2418) is beyond type entryCount(347)
10-21 15:13:00.044  1465  1465 W ResourceType: For resource 0x7f150949, entry index(2377) is beyond type entryCount(347)
10-21 15:13:00.044  1465  1465 W ResourceType: For resource 0x7f150a35, entry index(2613) is beyond type entryCount(347)
10-21 15:13:00.044  1465  1465 W ResourceType: For resource 0x7f150836, entry index(2102) is beyond type entryCount(347)
10-21 15:13:00.044  1465  1465 W ResourceType: For resource 0x7f150ab0, entry index(2736) is beyond type entryCount(347)
10-21 15:13:00.044  1465  1465 W ResourceType: For resource 0x7f15094c, entry index(2380) is beyond type entryCount(347)
10-21 15:13:00.044  1465  1465 W ResourceType: For resource 0x7f150874, entry index(2164) is beyond type entryCount(347)
10-21 15:13:00.044  1465  1465 W ResourceType: For resource 0x7f15094d, entry index(2381) is beyond type entryCount(347)
10-21 15:13:00.044  1465  1465 W ResourceType: For resource 0x7f150a50, entry index(2640) is beyond type entryCount(347)
10-21 15:13:00.044  1465  1465 W ResourceType: For resource 0x7f150a51, entry index(2641) is beyond type entryCount(347)
10-21 15:13:00.044  1465  1465 W ResourceType: For resource 0x7f150a51, entry index(2641) is beyond type entryCount(347)
10-21 15:13:00.044  1465  1465 W ResourceType: For resource 0x7f150a51, entry index(2641) is beyond type entryCount(347)
10-21 15:13:00.044  1465  1465 W ResourceType: For resource 0x7f150a51, entry index(2641) is beyond type entryCount(347)
10-21 15:13:00.044  1465  1465 W ResourceType: For resource 0x7f150954, entry index(2388) is beyond type entryCount(347)
10-21 15:13:00.044  1465  1465 W ResourceType: For resource 0x7f150952, entry index(2386) is beyond type entryCount(347)
10-21 15:13:00.044  1465  1465 W ResourceType: For resource 0x7f150a72, entry index(2674) is beyond type entryCount(347)
10-21 15:13:00.044  1465  1465 W ResourceType: For resource 0x7f15083b, entry index(2107) is beyond type entryCount(347)
10-21 15:13:00.044  1465  1465 W ResourceType: For resource 0x7f15095b, entry index(2395) is beyond type entryCount(347)
10-21 15:13:00.044  1465  1465 W ResourceType: For resource 0x7f15095c, entry index(2396) is beyond type entryCount(347)
10-21 15:13:00.044  1465  1465 W ResourceType: For resource 0x7f150973, entry index(2419) is beyond type entryCount(347)
10-21 15:13:00.044  1465  1465 W ResourceType: For resource 0x7f150aaf, entry index(2735) is beyond type entryCount(347)
10-21 15:13:00.044  1465  1465 W ResourceType: For resource 0x7f150748, entry index(1864) is beyond type entryCount(347)
10-21 15:13:00.044  1465  1465 W ResourceType: For resource 0x7f150aad, entry index(2733) is beyond type entryCount(347)
10-21 15:13:00.044  1465  1465 W ResourceType: For resource 0x7f150a74, entry index(2676) is beyond type entryCount(347)
10-21 15:13:00.044  1465  1465 W ResourceType: For resource 0x7f150971, entry index(2417) is beyond type entryCount(347)
10-21 15:13:00.044  1465  1465 W ResourceType: For resource 0x7f150982, entry index(2434) is beyond type entryCount(347)
10-21 15:13:00.044  1465  1465 W ResourceType: For resource 0x7f15095a, entry index(2394) is beyond type entryCount(347)
10-21 15:13:00.044  1465  1465 W ResourceType: For resource 0x7f150a75, entry index(2677) is beyond type entryCount(347)
10-21 15:13:00.044  1465  1465 W ResourceType: For resource 0x7f1506ce, entry index(1742) is beyond type entryCount(347)
10-21 15:13:00.044  1465  1465 W ResourceType: For resource 0x7f1506f1, entry index(1777) is beyond type entryCount(347)
10-21 15:13:00.044  1465  1465 W ResourceType: For resource 0x7f1506d0, entry index(1744) is beyond type entryCount(347)
10-21 15:13:00.044  1465  1465 W ResourceType: For resource 0x7f1506f1, entry index(1777) is beyond type entryCount(347)
10-21 15:13:00.044  1465  1465 W ResourceType: For resource 0x7f150677, entry index(1655) is beyond type entryCount(347)
10-21 15:13:00.044  1465  1465 W ResourceType: For resource 0x7f150660, entry index(1632) is beyond type entryCount(347)
10-21 15:13:00.044  1465  1465 W ResourceType: For resource 0x7f150661, entry index(1633) is beyond type entryCount(347)
10-21 15:13:00.044  1465  1465 W ResourceType: For resource 0x7f1506ce, entry index(1742) is beyond type entryCount(347)
10-21 15:13:00.044  1465  1465 W ResourceType: For resource 0x7f15098b, entry index(2443) is beyond type entryCount(347)
10-21 15:13:00.044  1465  1465 W ResourceType: For resource 0x7f150ace, entry index(2766) is beyond type entryCount(347)
10-21 15:13:00.045  1465  1465 W ResourceType: For resource 0x7f0805a4, entry index(1444) is beyond type entryCount(1393)
10-21 15:13:00.051  1465  1465 W ResourceType: For resource 0x7f15087d, entry index(2173) is beyond type entryCount(347)
10-21 15:13:00.051  1465  1465 W ResourceType: For resource 0x7f150a96, entry index(2710) is beyond type entryCount(347)
10-21 15:13:00.051  1465  1465 W ResourceType: For resource 0x7f150a96, entry index(2710) is beyond type entryCount(347)
10-21 15:13:00.051  1465  1465 W ResourceType: For resource 0x7f150960, entry index(2400) is beyond type entryCount(347)
10-21 15:13:00.051  1465  1465 W ResourceType: For resource 0x7f150964, entry index(2404) is beyond type entryCount(347)
10-21 15:13:00.051  1465  1465 W ResourceType: For resource 0x7f150962, entry index(2402) is beyond type entryCount(347)
10-21 15:13:00.051  1465  1465 W ResourceType: For resource 0x7f150836, entry index(2102) is beyond type entryCount(347)
10-21 15:13:00.051  1465  1465 W ResourceType: For resource 0x7f150972, entry index(2418) is beyond type entryCount(347)
10-21 15:13:00.051  1465  1465 W ResourceType: For resource 0x7f150949, entry index(2377) is beyond type entryCount(347)
10-21 15:13:00.051  1465  1465 W ResourceType: For resource 0x7f150a35, entry index(2613) is beyond type entryCount(347)
10-21 15:13:00.051  1465  1465 W ResourceType: For resource 0x7f150836, entry index(2102) is beyond type entryCount(347)
10-21 15:13:00.051  1465  1465 W ResourceType: For resource 0x7f150ab0, entry index(2736) is beyond type entryCount(347)
10-21 15:13:00.051  1465  1465 W ResourceType: For resource 0x7f15094c, entry index(2380) is beyond type entryCount(347)
10-21 15:13:00.051  1465  1465 W ResourceType: For resource 0x7f150874, entry index(2164) is beyond type entryCount(347)
10-21 15:13:00.051  1465  1465 W ResourceType: For resource 0x7f15094d, entry index(2381) is beyond type entryCount(347)
10-21 15:13:00.051  1465  1465 W ResourceType: For resource 0x7f150a50, entry index(2640) is beyond type entryCount(347)
10-21 15:13:00.051  1465  1465 W ResourceType: For resource 0x7f150a51, entry index(2641) is beyond type entryCount(347)
10-21 15:13:00.051  1465  1465 W ResourceType: For resource 0x7f150a51, entry index(2641) is beyond type entryCount(347)
10-21 15:13:00.051  1465  1465 W ResourceType: For resource 0x7f150a51, entry index(2641) is beyond type entryCount(347)
10-21 15:13:00.051  1465  1465 W ResourceType: For resource 0x7f150a51, entry index(2641) is beyond type entryCount(347)
10-21 15:13:00.051  1465  1465 W ResourceType: For resource 0x7f150954, entry index(2388) is beyond type entryCount(347)
10-21 15:13:00.051  1465  1465 W ResourceType: For resource 0x7f150952, entry index(2386) is beyond type entryCount(347)
10-21 15:13:00.051  1465  1465 W ResourceType: For resource 0x7f150a72, entry index(2674) is beyond type entryCount(347)
10-21 15:13:00.051  1465  1465 W ResourceType: For resource 0x7f15083b, entry index(2107) is beyond type entryCount(347)
10-21 15:13:00.051  1465  1465 W ResourceType: For resource 0x7f15095b, entry index(2395) is beyond type entryCount(347)
10-21 15:13:00.051  1465  1465 W ResourceType: For resource 0x7f15095c, entry index(2396) is beyond type entryCount(347)
10-21 15:13:00.051  1465  1465 W ResourceType: For resource 0x7f150973, entry index(2419) is beyond type entryCount(347)
10-21 15:13:00.051  1465  1465 W ResourceType: For resource 0x7f150aaf, entry index(2735) is beyond type entryCount(347)
10-21 15:13:00.051  1465  1465 W ResourceType: For resource 0x7f150748, entry index(1864) is beyond type entryCount(347)
10-21 15:13:00.051  1465  1465 W ResourceType: For resource 0x7f150aad, entry index(2733) is beyond type entryCount(347)
10-21 15:13:00.051  1465  1465 W ResourceType: For resource 0x7f150a74, entry index(2676) is beyond type entryCount(347)
10-21 15:13:00.051  1465  1465 W ResourceType: For resource 0x7f150971, entry index(2417) is beyond type entryCount(347)
10-21 15:13:00.051  1465  1465 W ResourceType: For resource 0x7f150982, entry index(2434) is beyond type entryCount(347)
10-21 15:13:00.051  1465  1465 W ResourceType: For resource 0x7f15095a, entry index(2394) is beyond type entryCount(347)
10-21 15:13:00.051  1465  1465 W ResourceType: For resource 0x7f150a75, entry index(2677) is beyond type entryCount(347)
10-21 15:13:00.051  1465  1465 W ResourceType: For resource 0x7f1506ce, entry index(1742) is beyond type entryCount(347)
10-21 15:13:00.051  1465  1465 W ResourceType: For resource 0x7f1506f1, entry index(1777) is beyond type entryCount(347)
10-21 15:13:00.052  1465  1465 W ResourceType: For resource 0x7f1506d0, entry index(1744) is beyond type entryCount(347)
10-21 15:13:00.052  1465  1465 W ResourceType: For resource 0x7f1506f1, entry index(1777) is beyond type entryCount(347)
10-21 15:13:00.052  1465  1465 W ResourceType: For resource 0x7f150677, entry index(1655) is beyond type entryCount(347)
10-21 15:13:00.052  1465  1465 W ResourceType: For resource 0x7f150660, entry index(1632) is beyond type entryCount(347)
10-21 15:13:00.052  1465  1465 W ResourceType: For resource 0x7f150661, entry index(1633) is beyond type entryCount(347)
10-21 15:13:00.052  1465  1465 W ResourceType: For resource 0x7f1506ce, entry index(1742) is beyond type entryCount(347)
10-21 15:13:00.052  1465  1465 W ResourceType: For resource 0x7f15098b, entry index(2443) is beyond type entryCount(347)
10-21 15:13:00.052  1465  1465 W ResourceType: For resource 0x7f150ace, entry index(2766) is beyond type entryCount(347)
10-21 15:13:00.052  1465  1465 W ResourceType: For resource 0x7f0805a4, entry index(1444) is beyond type entryCount(1393)
10-21 15:13:00.054  1465  1465 I KeyboardHeightUtil: KeyboardHeightUtil.calculateMaxKeyboardBodyHeight():45 leave 375 height for app when ime window height:2308, header height:154 and isFullscreenMode:false, so the max keyboard body height is:1779
10-21 15:13:00.054  1465  1465 W Keyboard: Keyboard.getKeyboardViewHelper():574 null helper is returned: keyboardDef=kuo{processedConditions={device=phone, enable_preemptive_decode=true, keyboard_mode=normal, enable_secondary_symbols=false, language=en-US, show_secondary_digits=true, enable_more_candidates_view_for_multilingual=false, rtl_layout=false, variant=qwerty, expressions=normal}, globalConditions={global_theme_key=theme_border_stylesheet_pillkey_hover_light_phone_navredesign, global_locale=en_US, global_density_dpi=560, global_orientation=1}, className=.latin.keyboard.LatinPrimeKeyboard, resourceIds=[#0x7f170663, #0x7f1708e0], initialStates=0, keyboardViewDefs=[kvb{direction=null, id=#0x7f0b014d, isScalable=true, layoutId=#0x7f0e039d, type=BODY, touchable=true, defaultShow=true}, kvb{direction=null, id=#0x7f0b014d, isScalable=false, layoutId=#0x7f0e01aa, type=FLOATING_CANDIDATES, touchable=false, defaultShow=false}, kvb{direction=LOCALE, id=#0x7f0b014d, isScalable=false, layoutId=#0x7f0e0591, type=HEADER, touchable=true, defaultShow=true}], persistentStates=0, persistentStatesPrefKey=null, popupBubbleLayoutId=#0x7f0e067a, recentKeyLayoutId=0, recentKeyPopupLayoutId=0, recentKeyType=null, rememberRecentKey=NONE, sessionStates=17592186044419}, type=WIDGET, helpersCreated=[kib@7cc3478, kib@6bf1751, kib@21dcbb6, null], context.getResources().getConfiguration(): {1.0 310mcc240mnc [en_US] ldltr sw411dp w411dp h659dp 560dpi nrml port finger -keyb/v/h -nav/h s.5}
10-21 15:13:00.055  1465  1465 I KeyboardHeightUtil: KeyboardHeightUtil.calculateMaxKeyboardBodyHeight():45 leave 375 height for app when ime window height:2308, header height:154 and isFullscreenMode:false, so the max keyboard body height is:1779
10-21 15:13:00.060  1465  1465 I GoogleInputMethodServic: GoogleInputMethodService.startInputIfInputViewStarted():3728 startInputIfInputViewStarted(): default prime
10-21 15:13:00.061  1465  1465 I KeyboardModeManager: KeyboardModeManager.setInputViewKeyboardViewHolderProvider():625 setInputView() : supportsOneHandedMode=true supportsSplitMode=true
10-21 15:13:00.061  1465  1465 I NormalModeController: NormalModeController.getKeyboardBodyViewHolderPaddingBottom():104 currentPrimeKeyboardType:SOFT systemPaddingBottom:-1
10-21 15:13:00.061  1465  1465 I KeyboardHeightUtil: KeyboardHeightUtil.calculateMaxKeyboardBodyHeight():45 leave 375 height for app when ime window height:2308, header height:154 and isFullscreenMode:false, so the max keyboard body height is:1779
10-21 15:13:00.061  1465  1465 I KeyboardHeightUtil: KeyboardHeightUtil.calculateMaxKeyboardBodyHeight():45 leave 375 height for app when ime window height:2308, header height:154 and isFullscreenMode:false, so the max keyboard body height is:1779
10-21 15:13:00.062  1465  1465 I KeyboardHeightUtil: KeyboardHeightUtil.calculateMaxKeyboardBodyHeight():45 leave 375 height for app when ime window height:2308, header height:154 and isFullscreenMode:false, so the max keyboard body height is:1779
10-21 15:13:00.062  1465  1465 I KeyboardHeightUtil: KeyboardHeightUtil.calculateMaxKeyboardBodyHeight():45 leave 375 height for app when ime window height:2308, header height:154 and isFullscreenMode:false, so the max keyboard body height is:1779
10-21 15:13:00.062  1465  1465 I NormalModeController: NormalModeController.getKeyboardBodyViewHolderPaddingBottom():104 currentPrimeKeyboardType:SOFT systemPaddingBottom:-1
10-21 15:13:00.064  1465  1465 I KeyboardHeightUtil: KeyboardHeightUtil.calculateMaxKeyboardBodyHeight():45 leave 375 height for app when ime window height:2308, header height:154 and isFullscreenMode:false, so the max keyboard body height is:1779
10-21 15:13:00.064  1465  1465 I KeyboardHeightUtil: KeyboardHeightUtil.calculateMaxKeyboardBodyHeight():45 leave 375 height for app when ime window height:2308, header height:154 and isFullscreenMode:false, so the max keyboard body height is:1779
10-21 15:13:00.064  1465  1465 I KeyboardModeManager: KeyboardModeManager.setInputViewKeyboardViewHolderProvider():613 setInputView() : supportsOneHandedMode=true, supportSplitMode=true
10-21 15:13:00.080  1465  1465 W AccessPointsManager: AccessPointsManager.removeAccessPoint():834 The holder controller #0x7f0b2078 is not registered
10-21 15:13:00.083  1465  1465 I CurrentMicStatusHolder: CurrentMicStatusHolder.onStartInputView():81 Current Mic status = {MicIconHidden-EmailInputType,}
10-21 15:13:00.083  1465  1465 I VoiceImeExtension: VoiceImeExtension.shouldStartVoiceInputAutomaticallyInCurrentInputBox():415 No private IME option set to start voice input.
10-21 15:13:00.087  2149  2149 D BoundBrokerSvc: onBind: Intent { act=com.google.firebase.dynamiclinks.service.START pkg=com.google.android.gms }
10-21 15:13:00.087  2149  2149 D BoundBrokerSvc: Loading bound service for intent: Intent { act=com.google.firebase.dynamiclinks.service.START pkg=com.google.android.gms }
10-21 15:13:00.110  1465  1465 I KeyboardHeightUtil: KeyboardHeightUtil.calculateMaxKeyboardBodyHeight():45 leave 375 height for app when ime window height:2308, header height:154 and isFullscreenMode:false, so the max keyboard body height is:1779
10-21 15:13:00.116  1465  1465 I GoogleInputMethodServic: GoogleInputMethodService$1.onKeyboardViewShown():494 onKeyboardViewShown: keyboardType=prime, keyboardViewType=HEADER keyboardView=com.google.android.libraries.inputmethod.widgets.SoftKeyboardView{1f83722 V.E...... ......ID 0,0-1440,154}
10-21 15:13:00.118  1465  1465 I GoogleInputMethodServic: GoogleInputMethodService$1.onKeyboardViewShown():494 onKeyboardViewShown: keyboardType=prime, keyboardViewType=BODY keyboardView=com.google.android.libraries.inputmethod.widgets.SoftKeyboardView{202cbda V.E...... ......ID 0,0-1440,840}
10-21 15:13:00.119  1465  1465 I NewLanguagePromptExtens: NewLanguagePromptExtension$1.onKeyboardViewShown():104 Not show new language banner: no change in enabled input method entries
10-21 15:13:00.120  1465  1465 I NormalModeController: NormalModeController.getKeyboardBodyViewHolderPaddingBottom():104 currentPrimeKeyboardType:SOFT systemPaddingBottom:-1
10-21 15:13:00.124  1465  2380 I Delight5Decoder: Delight5DecoderWrapper.setKeyboardLayout():511 setKeyboardLayout()
10-21 15:13:00.124  1465  1465 I KeyboardHeightUtil: KeyboardHeightUtil.calculateMaxKeyboardBodyHeight():45 leave 375 height for app when ime window height:2308, header height:154 and isFullscreenMode:false, so the max keyboard body height is:1779
10-21 15:13:00.131  1465  2380 I Delight5Decoder: Delight5DecoderWrapper.setKeyboardLayout():511 setKeyboardLayout()
10-21 15:13:00.188 17593 17593 D Snap-Debug: Calls to checkObjectForPII :35300
10-21 15:13:00.198   956  1606 W GnssLocationProvider: Invalid size of GpsSvStatus found: 0.
10-21 15:13:00.208 17593 17593 D Snap-Debug: Calls to checkObjectForPII :35400
10-21 15:13:00.226 17593 17593 D Snap-Debug: Calls to checkObjectForPII :35500
10-21 15:13:01.196   956  1606 W GnssLocationProvider: Invalid size of GpsSvStatus found: 0.
10-21 15:13:01.652   364   653 D audio_hw_primary: disable_audio_route: usecase(1) reset and update mixer path: low-latency-playback speaker
10-21 15:13:01.653   364   653 D audio_hw_primary: disable_snd_device: snd_device(2: speaker)
10-21 15:13:02.204   956  1606 W GnssLocationProvider: Invalid size of GpsSvStatus found: 0.
10-21 15:13:03.197   956  1606 W GnssLocationProvider: Invalid size of GpsSvStatus found: 0.
10-21 15:13:03.454 17593 17593 V SlidingMenu: setting padding!
10-21 15:13:04.057   364   653 D audio_hw_primary: enable_snd_device: snd_device(2: speaker)
10-21 15:13:04.060   364   653 D audio_hw_primary: enable_audio_route: usecase(1) apply and update mixer path: low-latency-playback speaker
10-21 15:13:04.067 17593 17593 V SlidingMenu: setting padding!
10-21 15:13:04.199   956  1606 W GnssLocationProvider: Invalid size of GpsSvStatus found: 0.
10-21 15:13:05.097  1465  1465 I GoogleInputMethodServic: GoogleInputMethodService.onFinishInputView():2393 
10-21 15:13:05.129 17593 17593 W IInputConnectionWrapper: requestCursorAnchorInfo on inactive InputConnection
10-21 15:13:05.132  1465  1465 I InputBundle: InputBundle.consumeEvent():884 Skip consuming an event as keyboard status is 0
10-21 15:13:05.133  1465  1465 I VoiceInputManagerWrappe: VoiceInputManagerWrapper.shutdown():124 shutdown()
10-21 15:13:05.134  1465  1465 I AndroidIME: AbstractIme.onDeactivate():202 LatinIme.onDeactivate()
10-21 15:13:05.136  1465  1465 I GoogleInputMethodServic: GoogleInputMethodService.onFinishInput():3157 
10-21 15:13:05.138  1465  1465 I GoogleInputMethodServic: GoogleInputMethodService.updateDeviceLockedStatus():2248 repeatCheckTimes = 0, locked = false
10-21 15:13:05.138  1465  1465 I GoogleInputMethodServic: GoogleInputMethodService.onStartInput():1986 onStartInput(EditorInfo{EditorInfo{packageName=ca.passportparking.mobile.passportcanada, inputType=0, inputTypeString=NULL, enableLearning=false, autoCorrection=false, autoComplete=false, imeOptions=0, privateImeOptions=null, actionName=UNSPECIFIED, actionLabel=null, initialSelStart=-1, initialSelEnd=-1, initialCapsMode=0, label=null, fieldId=2131689686, fieldName=null, extras=null, hintText=null, hintLocales=[]}}, false)
10-21 15:13:05.139  1465  1465 I GoogleInputMethodServic: GoogleInputMethodService.updateDeviceLockedStatus():2248 repeatCheckTimes = 1, locked = false
10-21 15:13:05.139  1465  1465 I AndroidIME: InputBundleManager.loadActiveInputBundleId():450 loadActiveInputBundleId: und-Latn-x-password, password
10-21 15:13:05.141  1465  1465 I GoogleInputMethodServic: GoogleInputMethodService.onStartInputView():2098 onStartInputView(EditorInfo{EditorInfo{packageName=ca.passportparking.mobile.passportcanada, inputType=0, inputTypeString=NULL, enableLearning=false, autoCorrection=false, autoComplete=false, imeOptions=0, privateImeOptions=null, actionName=UNSPECIFIED, actionLabel=null, initialSelStart=-1, initialSelEnd=-1, initialCapsMode=0, label=null, fieldId=2131689686, fieldName=null, extras=null, hintText=null, hintLocales=[]}}, false)
10-21 15:13:05.144  1465  1465 I GoogleInputMethodServic: GoogleInputMethodService.updateDeviceLockedStatus():2248 repeatCheckTimes = 1, locked = false
10-21 15:13:05.144  1465  1465 W ModuleManager: ModuleManager.loadModule():473 Module lpi is not available
10-21 15:13:05.167 17593 17593 D DEBUGGG : Method was called Source Method Landroid/widget/EditText; getText called in class and method <Lcom/passportparking/mobile/pplibrary/activity/EmailVerificationActivity; onSendButtonClick>. Return value was:
10-21 15:13:05.168 17593 17593 D HarnessedSource: Source Method Landroid/widget/EditText; getText called in class and method <Lcom/passportparking/mobile/pplibrary/activity/EmailVerificationActivity; onSendButtonClick>. Return value was:;unknown
10-21 15:13:05.191 17593 17593 D DEBUGGG : Method was called Source Method Landroid/widget/EditText; getText called in class and method <Lcom/passportparking/mobile/pplibrary/activity/EmailVerificationActivity; onSendButtonClick>. Return value was:
10-21 15:13:05.191 17593 17593 D HarnessedSource: Source Method Landroid/widget/EditText; getText called in class and method <Lcom/passportparking/mobile/pplibrary/activity/EmailVerificationActivity; onSendButtonClick>. Return value was:;unknown
10-21 15:13:05.191 17593 17593 D Snapshot: InstrumentationReport(invocation_java_signature='<java.util.regex.Pattern: java.util.regex.Matcher matcher(java.lang.CharSequence)>', invoke_id=715622, enclosing_method_name='onSendButtonClick', enclosing_class_name='Lcom/passportparking/mobile/pplibrary/activity/EmailVerificationActivity;', is_arg_register=False, is_return_register=True, invocation_argument_register_index=-1, is_before_invoke=False, invocation_argument_register_name='v0', invocation_argument_register_type='Ljava/util/regex/Matcher;', is_static=False);[<java.util.regex.Matcher .>, <java.lang.String input>];tester.sefm@gmail.com
10-21 15:13:05.191 17593 17593 D DEBUGGG : Method was called Source Method Landroid/widget/EditText; getText called in class and method <Lcom/passportparking/mobile/pplibrary/activity/EmailVerificationActivity; confirmEmail>. Return value was:
10-21 15:13:05.191 17593 17593 D HarnessedSource: Source Method Landroid/widget/EditText; getText called in class and method <Lcom/passportparking/mobile/pplibrary/activity/EmailVerificationActivity; confirmEmail>. Return value was:;unknown
10-21 15:13:05.192 17593 17593 D Snapshot: InstrumentationReport(invocation_java_signature='<java.lang.Object: java.lang.String toString()>', invoke_id=715562, enclosing_method_name='confirmEmail', enclosing_class_name='Lcom/passportparking/mobile/pplibrary/activity/EmailVerificationActivity;', is_arg_register=False, is_return_register=True, invocation_argument_register_index=-1, is_before_invoke=False, invocation_argument_register_name='v1', invocation_argument_register_type='Ljava/lang/String;', is_static=False);[<java.lang.String .>];tester.sefm@gmail.com
10-21 15:13:05.193 17593 17593 D Snapshot: InstrumentationReport(invocation_java_signature='<java.lang.StringBuilder: java.lang.String toString()>', invoke_id=715573, enclosing_method_name='confirmEmail', enclosing_class_name='Lcom/passportparking/mobile/pplibrary/activity/EmailVerificationActivity;', is_arg_register=False, is_return_register=True, invocation_argument_register_index=-1, is_before_invoke=False, invocation_argument_register_name='v2', invocation_argument_register_type='Ljava/lang/String;', is_static=False);[<java.lang.String .>];We will send a message with your verification code to
10-21 15:13:05.193 17593 17593 D Snapshot: 
10-21 15:13:05.193 17593 17593 D Snapshot: tester.sefm@gmail.com
10-21 15:13:05.194 17593 17593 D Snapshot: InstrumentationReport(invocation_java_signature='<java.lang.StringBuilder: java.lang.String toString()>', invoke_id=715578, enclosing_method_name='confirmEmail', enclosing_class_name='Lcom/passportparking/mobile/pplibrary/activity/EmailVerificationActivity;', is_arg_register=False, is_return_register=True, invocation_argument_register_index=-1, is_before_invoke=False, invocation_argument_register_name='v0', invocation_argument_register_type='Ljava/lang/String;', is_static=False);[<java.lang.String .>];We will send a message with your verification code to
10-21 15:13:05.194 17593 17593 D Snapshot: 
10-21 15:13:05.194 17593 17593 D Snapshot: tester.sefm@gmail.com
10-21 15:13:05.194 17593 17593 D Snapshot: 
10-21 15:13:05.195   956  1606 W GnssLocationProvider: Invalid size of GpsSvStatus found: 0.
10-21 15:13:05.195 17593 17593 D Snapshot: InstrumentationReport(invocation_java_signature='<java.lang.StringBuilder: java.lang.String toString()>', invoke_id=715583, enclosing_method_name='confirmEmail', enclosing_class_name='Lcom/passportparking/mobile/pplibrary/activity/EmailVerificationActivity;', is_arg_register=False, is_return_register=True, invocation_argument_register_index=-1, is_before_invoke=False, invocation_argument_register_name='v3', invocation_argument_register_type='Ljava/lang/String;', is_static=False);[<java.lang.String .>];We will send a message with your verification code to
10-21 15:13:05.195 17593 17593 D Snapshot: 
10-21 15:13:05.195 17593 17593 D Snapshot: tester.sefm@gmail.com
10-21 15:13:05.195 17593 17593 D Snapshot: 
10-21 15:13:05.195 17593 17593 D Snapshot: Is this e-mail correct?
10-21 15:13:05.197 17593 17593 D Snapshot: InstrumentationReport(invocation_java_signature='<com.passportparking.mobile.pplibrary.activity.EmailVerificationActivity$$Lambda$3: java.lang.Runnable lambdaFactory$(com.passportparking.mobile.pplibrary.activity.EmailVerificationActivity,java.lang.String)>', invoke_id=715585, enclosing_method_name='confirmEmail', enclosing_class_name='Lcom/passportparking/mobile/pplibrary/activity/EmailVerificationActivity;', is_arg_register=False, is_return_register=True, invocation_argument_register_index=-1, is_before_invoke=False, invocation_argument_register_name='v4', invocation_argument_register_type='Ljava/lang/Runnable;', is_static=True);[<com.passportparking.mobile.pplibrary.activity.EmailVerificationActivity$$Lambda$3 .>, <java.lang.String arg$2>];tester.sefm@gmail.com
10-21 15:13:05.198 17593 17593 D Snap-Debug: Calls to checkObjectForPII :35600
10-21 15:13:05.227 17593 17593 D Snapshot: InstrumentationReport(invocation_java_signature='<java.util.regex.Pattern: java.util.regex.Matcher matcher(java.lang.CharSequence)>', invoke_id=725912, enclosing_method_name='convertMarkdownLinksToAnchorTags', enclosing_class_name='Lcom/passportparking/mobile/pplibrary/utils/ViewUtils;', is_arg_register=False, is_return_register=True, invocation_argument_register_index=-1, is_before_invoke=False, invocation_argument_register_name='v2', invocation_argument_register_type='Ljava/util/regex/Matcher;', is_static=False);[<java.util.regex.Matcher .>, <java.lang.String input>];We will send a message with your verification code to
10-21 15:13:05.227 17593 17593 D Snapshot: 
10-21 15:13:05.227 17593 17593 D Snapshot: tester.sefm@gmail.com
10-21 15:13:05.227 17593 17593 D Snapshot: 
10-21 15:13:05.227 17593 17593 D Snapshot: Is this e-mail correct?
10-21 15:13:05.227 17593 17593 D Snapshot: InstrumentationReport(invocation_java_signature='<com.passportparking.mobile.pplibrary.utils.ViewUtils: java.lang.String convertMarkdownLinksToAnchorTags(java.lang.String)>', invoke_id=726246, enclosing_method_name='setTextWithMarkdownLinks', enclosing_class_name='Lcom/passportparking/mobile/pplibrary/utils/ViewUtils;', is_arg_register=False, is_return_register=True, invocation_argument_register_index=-1, is_before_invoke=False, invocation_argument_register_name='v0', invocation_argument_register_type='Ljava/lang/String;', is_static=True);[<java.lang.String .>];We will send a message with your verification code to
10-21 15:13:05.227 17593 17593 D Snapshot: 
10-21 15:13:05.227 17593 17593 D Snapshot: tester.sefm@gmail.com
10-21 15:13:05.227 17593 17593 D Snapshot: 
10-21 15:13:05.227 17593 17593 D Snapshot: Is this e-mail correct?
10-21 15:13:05.236  1465  1465 I InputContextChangeTrack: InputContextChangeTracker.fixLyingSelectionRangeFromSurroundingText():1494 fixLyingSelectionRangeFromSurroundingText(): [-1, -1]([-1, -1]) -> [0, 0]([0, 0])
10-21 15:13:05.237  1465  1465 I KeyboardHeightUtil: KeyboardHeightUtil.getOemKeyboardHeightRatio():206 systemKeyboardHeightRatio:1.000000.
10-21 15:13:05.238  1465  1465 I AndroidIME: AbstractIme.onActivate():89 PasswordIme.onActivate() : EditorInfo = EditorInfo{packageName=ca.passportparking.mobile.passportcanada, inputType=0, inputTypeString=NULL, enableLearning=false, autoCorrection=false, autoComplete=false, imeOptions=0, privateImeOptions=null, actionName=UNSPECIFIED, actionLabel=null, initialSelStart=-1, initialSelEnd=-1, initialCapsMode=0, label=null, fieldId=2131689686, fieldName=null, extras=null, hintText=null, hintLocales=[]}, IncognitoMode = false, DeviceLocked = false
