--------- beginning of main
10-21 15:12:36.637   364   653 D audio_hw_primary: enable_snd_device: snd_device(2: speaker)
10-21 15:12:36.639   364   653 D audio_hw_primary: enable_audio_route: usecase(1) apply and update mixer path: low-latency-playback speaker
10-21 15:12:36.672  1465  1465 I chatty  : uid=10080(com.google.android.inputmethod.latin) expire 10 lines
--------- beginning of system
10-21 15:12:39.881   956   966 I ActivityManager: START u0 {act=android.intent.action.MAIN cat=[android.intent.category.LAUNCHER] flg=0x10200000 cmp=ca.passportparking.mobile.passportcanada/.PassportCanadaApp (has extras)} from uid 10043 on display 0
10-21 15:12:39.889   364   653 D audio_hw_primary: disable_audio_route: usecase(1) reset and update mixer path: low-latency-playback speaker
10-21 15:12:39.890   364   653 D audio_hw_primary: disable_snd_device: snd_device(2: speaker)
10-21 15:12:39.893   364   653 D audio_hw_primary: enable_snd_device: snd_device(2: speaker)
10-21 15:12:39.895   364   653 D audio_hw_primary: enable_audio_route: usecase(1) apply and update mixer path: low-latency-playback speaker
10-21 15:12:39.942   956   969 W BroadcastQueue: Permission Denial: receiving Intent { act=com.android.launcher3.action.LAUNCH flg=0x10 pkg=com.google.android.gms (has extras) } to com.google.android.gms/.chimera.GmsIntentOperationService$GmsExternalReceiver requires com.android.launcher3.permission.RECEIVE_LAUNCH_BROADCASTS due to sender com.google.android.googlequicksearchbox (uid 10043)
10-21 15:12:39.960   956  2145 I ActivityManager: Start proc 17593:ca.passportparking.mobile.passportcanada/u0a172 for activity ca.passportparking.mobile.passportcanada/.PassportCanadaApp
10-21 15:12:40.139 17593 17593 E Snap-Debug: Creating entry in thread map, Thread ID is 1
10-21 15:12:40.189 17593 17593 I MultiDex: VM with version 2.1.0 has multidex support
10-21 15:12:40.189 17593 17593 I MultiDex: install
10-21 15:12:40.189 17593 17593 I MultiDex: VM has multidex support, MultiDex support library is disabled.
10-21 15:12:40.249 17593 17593 D Snap-Debug: Calls to checkObjectForPII :100
10-21 15:12:40.253 17593 17593 D Snap-Debug: Calls to checkObjectForPII :200
10-21 15:12:40.316 17593 17593 D Snap-Debug: Calls to checkObjectForPII :300
10-21 15:12:40.336 17593 17607 E Snap-Debug: Creating entry in thread map, Thread ID is 1013
10-21 15:12:40.365 17593 17593 D Snap-Debug: Calls to checkObjectForPII :400
10-21 15:12:40.391 17593 17603 I art     : Background sticky concurrent mark sweep GC freed 30152(1190KB) AllocSpace objects, 0(0B) LOS objects, 43% free, 7MB/12MB, paused 5.185ms total 35.588ms
10-21 15:12:40.404 17593 17607 D Snap-Debug: Calls to checkObjectForPII :500
10-21 15:12:40.408 17593 17607 W DynamiteModule: Local module descriptor class for com.google.firebase.auth not found.
10-21 15:12:40.418 17593 17593 W InstanceID/Rpc: Found 10019
10-21 15:12:40.432 17593 17607 W DynamiteModule: Local module descriptor class for com.google.firebase.auth not found.
10-21 15:12:40.433 17593 17607 D Snap-Debug: Calls to checkObjectForPII :600
10-21 15:12:40.545 17593 17607 D ApplicationLoaders: ignored Vulkan layer search path /data/app/com.google.android.gms-1/lib/arm:/data/app/com.google.android.gms-1/base.apk!/lib/armeabi-v7a:/data/app/com.google.android.gms-1/split_config.en.apk!/lib/armeabi-v7a:/data/app/com.google.android.gms-1/split_config.xxxhdpi.apk!/lib/armeabi-v7a for namespace 0xb6bbf090
10-21 15:12:40.552 17593 17607 W ResourceType: ResTable_typeSpec entry count inconsistent: given 94, previously 97
10-21 15:12:40.553 17593 17607 W ResourceType: ResTable_typeSpec entry count inconsistent: given 3058, previously 3078
10-21 15:12:40.553 17593 17607 W ResourceType: ResTable_typeSpec entry count inconsistent: given 501, previously 4769
10-21 15:12:40.606  1612  2578 W ProviderHelper: Unknown dynamite feature flags
10-21 15:12:40.635 17593 17593 D Snap-Debug: Calls to checkObjectForPII :700
10-21 15:12:40.717  1612 17610 I GmsDebugLogger: [89] flags
10-21 15:12:40.723 17593 17593 I DynamiteModule: Considering local module com.google.android.gms.flags:2 and remote module com.google.android.gms.flags:0
10-21 15:12:40.723 17593 17593 I DynamiteModule: Selected local version of com.google.android.gms.flags
10-21 15:12:40.737 17593 17593 W System  : ClassLoader referenced unknown path: 
10-21 15:12:40.739 17593 17593 D ApplicationLoaders: ignored Vulkan layer search path /data/app/com.google.android.gms-1/lib/arm:/data/app/com.google.android.gms-1/base.apk!/lib/armeabi-v7a:/data/app/com.google.android.gms-1/split_config.en.apk!/lib/armeabi-v7a:/data/app/com.google.android.gms-1/split_config.xxxhdpi.apk!/lib/armeabi-v7a for namespace 0xb6bbf0d0
10-21 15:12:40.749 17593 17593 E FirebaseApp: Firebase API initialization failure.
10-21 15:12:40.749 17593 17593 E FirebaseApp: java.lang.reflect.InvocationTargetException
10-21 15:12:40.749 17593 17593 E FirebaseApp: 	at java.lang.reflect.Method.invoke(Native Method)
10-21 15:12:40.749 17593 17593 E FirebaseApp: 	at com.google.firebase.b.a(Unknown Source)
10-21 15:12:40.749 17593 17593 E FirebaseApp: 	at com.google.firebase.b.a(Unknown Source)
10-21 15:12:40.749 17593 17593 E FirebaseApp: 	at com.google.firebase.b.a(Unknown Source)
10-21 15:12:40.749 17593 17593 E FirebaseApp: 	at com.google.firebase.b.b(Unknown Source)
10-21 15:12:40.749 17593 17593 E FirebaseApp: 	at com.google.firebase.provider.FirebaseInitProvider.onCreate(Unknown Source)
10-21 15:12:40.749 17593 17593 E FirebaseApp: 	at android.content.ContentProvider.attachInfo(ContentProvider.java:1751)
10-21 15:12:40.749 17593 17593 E FirebaseApp: 	at android.content.ContentProvider.attachInfo(ContentProvider.java:1726)
10-21 15:12:40.749 17593 17593 E FirebaseApp: 	at com.google.firebase.provider.FirebaseInitProvider.attachInfo(Unknown Source)
10-21 15:12:40.749 17593 17593 E FirebaseApp: 	at android.app.ActivityThread.installProvider(ActivityThread.java:5853)
10-21 15:12:40.749 17593 17593 E FirebaseApp: 	at android.app.ActivityThread.installContentProviders(ActivityThread.java:5445)
10-21 15:12:40.749 17593 17593 E FirebaseApp: 	at android.app.ActivityThread.handleBindApplication(ActivityThread.java:5384)
10-21 15:12:40.749 17593 17593 E FirebaseApp: 	at android.app.ActivityThread.-wrap2(ActivityThread.java)
10-21 15:12:40.749 17593 17593 E FirebaseApp: 	at android.app.ActivityThread$H.handleMessage(ActivityThread.java:1545)
10-21 15:12:40.749 17593 17593 E FirebaseApp: 	at android.os.Handler.dispatchMessage(Handler.java:102)
10-21 15:12:40.749 17593 17593 E FirebaseApp: 	at android.os.Looper.loop(Looper.java:154)
10-21 15:12:40.749 17593 17593 E FirebaseApp: 	at android.app.ActivityThread.main(ActivityThread.java:6119)
10-21 15:12:40.749 17593 17593 E FirebaseApp: 	at java.lang.reflect.Method.invoke(Native Method)
10-21 15:12:40.749 17593 17593 E FirebaseApp: 	at com.android.internal.os.ZygoteInit$MethodAndArgsCaller.run(ZygoteInit.java:886)
10-21 15:12:40.749 17593 17593 E FirebaseApp: 	at com.android.internal.os.ZygoteInit.main(ZygoteInit.java:776)
10-21 15:12:40.749 17593 17593 E FirebaseApp: Caused by: java.lang.NullPointerException: Attempt to invoke virtual method 'boolean java.lang.Boolean.booleanValue()' on a null object reference
10-21 15:12:40.749 17593 17593 E FirebaseApp: 	at com.google.android.gms.flags.impl.FlagProviderImpl.getBooleanFlagValue(Unknown Source)
10-21 15:12:40.749 17593 17593 E FirebaseApp: 	at com.google.android.gms.e.amk$a.b(Unknown Source)
10-21 15:12:40.749 17593 17593 E FirebaseApp: 	at com.google.android.gms.e.amk$a.a(Unknown Source)
10-21 15:12:40.749 17593 17593 E FirebaseApp: 	at com.google.android.gms.e.amm.a(Unknown Source)
10-21 15:12:40.749 17593 17593 E FirebaseApp: 	at com.google.android.gms.e.amk.c(Unknown Source)
10-21 15:12:40.749 17593 17593 E FirebaseApp: 	at com.google.firebase.crash.FirebaseCrash.getInstance(Unknown Source)
10-21 15:12:40.749 17593 17593 E FirebaseApp: 	... 20 more
10-21 15:12:40.804 17593 17593 D Snap-Debug: Calls to checkObjectForPII :800
10-21 15:12:40.842 17593 17593 D Snap-Debug: Calls to checkObjectForPII :900
10-21 15:12:40.861 17593 17593 I FA      : App measurement is starting up, version: 9683
10-21 15:12:40.862 17593 17593 I FA      : To enable debug logging run: adb shell setprop log.tag.FA VERBOSE
10-21 15:12:40.868 17593 17593 D Snap-Debug: Calls to checkObjectForPII :1000
10-21 15:12:40.902 17593 17593 D Snap-Debug: Calls to checkObjectForPII :1100
10-21 15:12:40.911 17593 17593 I FA      : To enable faster debug mode event logging run:
10-21 15:12:40.911 17593 17593 I FA      :   adb shell setprop firebase.analytics.debug-mode ca.passportparking.mobile.passportcanada
10-21 15:12:40.942  2149  2149 D BoundBrokerSvc: onBind: Intent { act=com.google.firebase.auth.api.gms.service.START pkg=com.google.android.gms }
10-21 15:12:40.942  2149  2149 D BoundBrokerSvc: Loading bound service for intent: Intent { act=com.google.firebase.auth.api.gms.service.START pkg=com.google.android.gms }
10-21 15:12:40.988 17593 17617 E Snap-Debug: Creating entry in thread map, Thread ID is 1019
10-21 15:12:40.988 17593 17617 D Snap-Debug: Calls to checkObjectForPII :1200
10-21 15:12:40.989 17593 17593 I FirebaseInitProvider: FirebaseApp initialization successful
10-21 15:12:41.007 17593 17617 D Snap-Debug: Calls to checkObjectForPII :1300
10-21 15:12:41.008 17593 17593 D ACRA    : ACRA is enabled for ca.passportparking.mobile.passportcanada, intializing...
10-21 15:12:41.016 17593 17593 D Snap-Debug: Calls to checkObjectForPII :1400
10-21 15:12:41.025 17593 17617 D Snap-Debug: Calls to checkObjectForPII :1500
10-21 15:12:41.041 17593 17593 D Snap-Debug: Calls to checkObjectForPII :1600
10-21 15:12:41.052 17593 17593 D Snap-Debug: Calls to checkObjectForPII :1700
10-21 15:12:41.067 17593 17593 D ACRA    : Looking for error files in /data/user/0/ca.passportparking.mobile.passportcanada/files
10-21 15:12:41.074 17593 17593 D ACRA    : Looking for error files in /data/user/0/ca.passportparking.mobile.passportcanada/files
10-21 15:12:41.088 17593 17593 D Snap-Debug: Calls to checkObjectForPII :1800
10-21 15:12:41.197  2149  2149 D BoundBrokerSvc: onBind: Intent { act=com.google.android.gms.measurement.START pkg=com.google.android.gms }
10-21 15:12:41.197  2149  2149 D BoundBrokerSvc: Loading bound service for intent: Intent { act=com.google.android.gms.measurement.START pkg=com.google.android.gms }
10-21 15:12:41.204 17593 17593 D Snap-Debug: Calls to checkObjectForPII :1900
10-21 15:12:41.459 17593 17593 D Snap-Debug: Calls to checkObjectForPII :2000
10-21 15:12:41.477 17593 17593 D Snap-Debug: Calls to checkObjectForPII :2100
10-21 15:12:41.491 17593 17593 D Snap-Debug: Calls to checkObjectForPII :2200
10-21 15:12:41.507 17593 17593 D Snap-Debug: Calls to checkObjectForPII :2300
10-21 15:12:41.518 17593 17593 D Snap-Debug: Calls to checkObjectForPII :2400
10-21 15:12:41.530 17593 17593 D Snap-Debug: Calls to checkObjectForPII :2500
10-21 15:12:41.546 17593 17593 D Snap-Debug: Calls to checkObjectForPII :2600
10-21 15:12:41.563 17593 17593 D Snap-Debug: Calls to checkObjectForPII :2700
10-21 15:12:41.593 17593 17593 D Snap-Debug: Calls to checkObjectForPII :2800
10-21 15:12:41.623 17593 17593 D Snap-Debug: Calls to checkObjectForPII :2900
10-21 15:12:41.639 17593 17593 D Snap-Debug: Calls to checkObjectForPII :3000
10-21 15:12:41.648 17593 17593 D Snap-Debug: Calls to checkObjectForPII :3100
10-21 15:12:41.661 17593 17593 D Snap-Debug: Calls to checkObjectForPII :3200
10-21 15:12:41.678 17593 17593 D Snap-Debug: Calls to checkObjectForPII :3300
10-21 15:12:41.693 17593 17593 D Snap-Debug: Calls to checkObjectForPII :3400
10-21 15:12:41.701 17593 17593 D Snap-Debug: Calls to checkObjectForPII :3500
10-21 15:12:41.712 17593 17593 D Snap-Debug: Calls to checkObjectForPII :3600
10-21 15:12:41.721 17593 17593 D Snap-Debug: Calls to checkObjectForPII :3700
10-21 15:12:41.731 17593 17593 D Snap-Debug: Calls to checkObjectForPII :3800
10-21 15:12:41.745 17593 17593 D Snap-Debug: Calls to checkObjectForPII :3900
10-21 15:12:41.760 17593 17593 D Snap-Debug: Calls to checkObjectForPII :4000
10-21 15:12:41.770 17593 17593 D Snap-Debug: Calls to checkObjectForPII :4100
10-21 15:12:41.784 17593 17593 D Snap-Debug: Calls to checkObjectForPII :4200
10-21 15:12:41.825 17593 17593 D Snap-Debug: Calls to checkObjectForPII :4300
10-21 15:12:41.834 17593 17593 D Snap-Debug: Calls to checkObjectForPII :4400
10-21 15:12:41.843 17593 17593 D Snap-Debug: Calls to checkObjectForPII :4500
10-21 15:12:41.852 17593 17593 D Snap-Debug: Calls to checkObjectForPII :4600
10-21 15:12:41.866 17593 17593 D Snap-Debug: Calls to checkObjectForPII :4700
10-21 15:12:41.889 17593 17593 D Snap-Debug: Calls to checkObjectForPII :4800
10-21 15:12:41.898 17593 17593 D Snap-Debug: Calls to checkObjectForPII :4900
10-21 15:12:41.906 17593 17593 D Snap-Debug: Calls to checkObjectForPII :5000
10-21 15:12:41.915 17593 17593 D Snap-Debug: Calls to checkObjectForPII :5100
10-21 15:12:41.923 17593 17593 D Snap-Debug: Calls to checkObjectForPII :5200
10-21 15:12:41.931 17593 17593 D Snap-Debug: Calls to checkObjectForPII :5300
10-21 15:12:41.943 17593 17593 D Snap-Debug: Calls to checkObjectForPII :5400
10-21 15:12:41.951 17593 17593 D Snap-Debug: Calls to checkObjectForPII :5500
10-21 15:12:41.962 17593 17593 D Snap-Debug: Calls to checkObjectForPII :5600
10-21 15:12:42.001 17593 17593 D Snap-Debug: Calls to checkObjectForPII :5700
10-21 15:12:42.012 17593 17593 D Snap-Debug: Calls to checkObjectForPII :5800
10-21 15:12:42.018 17593 17593 D Snap-Debug: Calls to checkObjectForPII :5900
10-21 15:12:42.027 17593 17593 D Snap-Debug: Calls to checkObjectForPII :6000
10-21 15:12:42.035 17593 17593 D Snap-Debug: Calls to checkObjectForPII :6100
10-21 15:12:42.046 17593 17593 D Snap-Debug: Calls to checkObjectForPII :6200
10-21 15:12:42.054 17593 17593 D Snap-Debug: Calls to checkObjectForPII :6300
10-21 15:12:42.061 17593 17593 D Snap-Debug: Calls to checkObjectForPII :6400
10-21 15:12:42.068 17593 17593 D Snap-Debug: Calls to checkObjectForPII :6500
10-21 15:12:42.077 17593 17593 D Snap-Debug: Calls to checkObjectForPII :6600
10-21 15:12:42.084 17593 17593 D Snap-Debug: Calls to checkObjectForPII :6700
10-21 15:12:42.097 17593 17593 D Snap-Debug: Calls to checkObjectForPII :6800
10-21 15:12:42.129 17593 17593 D Snap-Debug: Calls to checkObjectForPII :6900
10-21 15:12:42.139 17593 17593 D Snap-Debug: Calls to checkObjectForPII :7000
10-21 15:12:42.147 17593 17593 D Snap-Debug: Calls to checkObjectForPII :7100
10-21 15:12:42.153 17593 17593 D Snap-Debug: Calls to checkObjectForPII :7200
10-21 15:12:42.162 17593 17593 D Snap-Debug: Calls to checkObjectForPII :7300
10-21 15:12:42.169 17593 17593 D Snap-Debug: Calls to checkObjectForPII :7400
10-21 15:12:42.179 17593 17593 D Snap-Debug: Calls to checkObjectForPII :7500
10-21 15:12:42.188 17593 17593 D Snap-Debug: Calls to checkObjectForPII :7600
10-21 15:12:42.198 17593 17593 D Snap-Debug: Calls to checkObjectForPII :7700
10-21 15:12:42.205 17593 17593 D Snap-Debug: Calls to checkObjectForPII :7800
10-21 15:12:42.222 17593 17593 D Snap-Debug: Calls to checkObjectForPII :7900
10-21 15:12:42.235 17593 17593 D Snap-Debug: Calls to checkObjectForPII :8000
10-21 15:12:42.277 17593 17593 D Snap-Debug: Calls to checkObjectForPII :8100
10-21 15:12:42.287 17593 17593 D Snap-Debug: Calls to checkObjectForPII :8200
10-21 15:12:42.300 17593 17593 D Snap-Debug: Calls to checkObjectForPII :8300
10-21 15:12:42.312 17593 17593 D Snap-Debug: Calls to checkObjectForPII :8400
10-21 15:12:42.323 17593 17593 D Snap-Debug: Calls to checkObjectForPII :8500
10-21 15:12:42.334 17593 17593 D Snap-Debug: Calls to checkObjectForPII :8600
10-21 15:12:42.342 17593 17593 D Snap-Debug: Calls to checkObjectForPII :8700
10-21 15:12:42.352 17593 17593 D Snap-Debug: Calls to checkObjectForPII :8800
10-21 15:12:42.362 17593 17593 D Snap-Debug: Calls to checkObjectForPII :8900
10-21 15:12:42.369 17593 17593 D Snap-Debug: Calls to checkObjectForPII :9000
10-21 15:12:42.378 17593 17593 D Snap-Debug: Calls to checkObjectForPII :9100
10-21 15:12:42.388 17593 17593 D Snap-Debug: Calls to checkObjectForPII :9200
10-21 15:12:42.402 17593 17593 D Snap-Debug: Calls to checkObjectForPII :9300
10-21 15:12:42.445 17593 17593 D Snap-Debug: Calls to checkObjectForPII :9400
10-21 15:12:42.458 17593 17593 D Snap-Debug: Calls to checkObjectForPII :9500
10-21 15:12:42.470 17593 17593 D Snap-Debug: Calls to checkObjectForPII :9600
10-21 15:12:42.480 17593 17593 D Snap-Debug: Calls to checkObjectForPII :9700
10-21 15:12:42.490 17593 17593 D Snap-Debug: Calls to checkObjectForPII :9800
10-21 15:12:42.500 17593 17593 D Snap-Debug: Calls to checkObjectForPII :9900
10-21 15:12:42.508 17593 17593 D Snap-Debug: Calls to checkObjectForPII :10000
10-21 15:12:42.518 17593 17593 D Snap-Debug: Calls to checkObjectForPII :10100
10-21 15:12:42.528 17593 17593 D Snap-Debug: Calls to checkObjectForPII :10200
10-21 15:12:42.535 17593 17593 D Snap-Debug: Calls to checkObjectForPII :10300
10-21 15:12:42.546 17593 17593 D Snap-Debug: Calls to checkObjectForPII :10400
10-21 15:12:42.555 17593 17593 D Snap-Debug: Calls to checkObjectForPII :10500
10-21 15:12:42.565 17593 17593 D Snap-Debug: Calls to checkObjectForPII :10600
10-21 15:12:42.575 17593 17593 D Snap-Debug: Calls to checkObjectForPII :10700
10-21 15:12:42.624 17593 17593 D Snap-Debug: Calls to checkObjectForPII :10800
10-21 15:12:42.633 17593 17593 D Snap-Debug: Calls to checkObjectForPII :10900
10-21 15:12:42.640 17593 17593 D Snap-Debug: Calls to checkObjectForPII :11000
10-21 15:12:42.650 17593 17593 D Snap-Debug: Calls to checkObjectForPII :11100
10-21 15:12:42.664 17593 17593 D Snap-Debug: Calls to checkObjectForPII :11200
10-21 15:12:42.686 17593 17593 D Snap-Debug: Calls to checkObjectForPII :11300
10-21 15:12:42.700 17593 17593 D Snap-Debug: Calls to checkObjectForPII :11400
10-21 15:12:42.709 17593 17593 D Snap-Debug: Calls to checkObjectForPII :11500
10-21 15:12:42.719 17593 17593 D Snap-Debug: Calls to checkObjectForPII :11600
10-21 15:12:42.722 17593 17593 D Snap-Debug: Calls to checkObjectForPII :11700
10-21 15:12:42.734 17593 17593 D Snap-Debug: Calls to checkObjectForPII :11800
10-21 15:12:42.940 17593 17593 D Snap-Debug: Calls to checkObjectForPII :11900
10-21 15:12:42.992 17593 17593 D Snap-Debug: Calls to checkObjectForPII :12000
10-21 15:12:43.014 17593 17593 D Snap-Debug: Calls to checkObjectForPII :12100
10-21 15:12:43.058 17593 17622 E Snap-Debug: Creating entry in thread map, Thread ID is 1022
10-21 15:12:43.058 17593 17593 D Snap-Debug: Calls to checkObjectForPII :12200
10-21 15:12:43.060 17593 17624 E Snap-Debug: Creating entry in thread map, Thread ID is 1024
10-21 15:12:43.072 17593 17625 E Snap-Debug: Creating entry in thread map, Thread ID is 1025
10-21 15:12:43.098 17593 17625 D Snap-Debug: Calls to checkObjectForPII :12300
10-21 15:12:43.114 17593 17627 E Snap-Debug: Creating entry in thread map, Thread ID is 1027
10-21 15:12:43.142 17593 17628 E Snap-Debug: Creating entry in thread map, Thread ID is 1028
10-21 15:12:43.156   364   653 D audio_hw_primary: disable_audio_route: usecase(1) reset and update mixer path: low-latency-playback speaker
10-21 15:12:43.157   364   653 D audio_hw_primary: disable_snd_device: snd_device(2: speaker)
10-21 15:12:43.185 17593 17622 D NetworkSecurityConfig: No Network Security Config specified, using platform default
10-21 15:12:43.254 17593 17622 D Snap-Debug: Calls to checkObjectForPII :12400
10-21 15:12:43.283 17593 17593 D Snap-Debug: Calls to checkObjectForPII :12500
10-21 15:12:43.305 17593 17593 D Snap-Debug: Calls to checkObjectForPII :12600
10-21 15:12:43.317 17593 17593 D Snap-Debug: Calls to checkObjectForPII :12700
10-21 15:12:43.325 17593 17593 D Snap-Debug: Calls to checkObjectForPII :12800
10-21 15:12:43.327 17593 17593 I GAv4    : Google Analytics 9.6.83 is starting up. To enable debug logging on a device run:
10-21 15:12:43.327 17593 17593 I GAv4    :   adb shell setprop log.tag.GAv4 DEBUG
10-21 15:12:43.327 17593 17593 I GAv4    :   adb logcat -s GAv4
10-21 15:12:43.349 17593 17593 D Snap-Debug: Calls to checkObjectForPII :12900
10-21 15:12:43.361 17593 17632 E Snap-Debug: Creating entry in thread map, Thread ID is 1031
10-21 15:12:43.368 17593 17632 W GAv4    : CampaignTrackingReceiver is not registered, not exported or is disabled. Installation campaign tracking is not possible. See http://goo.gl/8Rd3yj for instructions.
10-21 15:12:43.372 17593 17632 D Snap-Debug: Calls to checkObjectForPII :13000
10-21 15:12:43.388 17593 17593 D Snap-Debug: Calls to checkObjectForPII :13100
10-21 15:12:43.413 17593 17593 D Snap-Debug: Calls to checkObjectForPII :13200
10-21 15:12:43.486 17593 17624 W ResourceType: ResTable_typeSpec entry count inconsistent: given 94, previously 97
10-21 15:12:43.488 17593 17624 W ResourceType: ResTable_typeSpec entry count inconsistent: given 3058, previously 3078
10-21 15:12:43.488 17593 17624 W ResourceType: ResTable_typeSpec entry count inconsistent: given 501, previously 4769
10-21 15:12:43.509 17593 17624 V NativeCrypto: Registering com/google/android/gms/org/conscrypt/NativeCrypto's 305 native methods...
10-21 15:12:43.515 17593 17622 D Snap-Debug: Calls to checkObjectForPII :13300
10-21 15:12:43.549 17593 17593 D Snap-Debug: Calls to checkObjectForPII :13400
10-21 15:12:43.602 17593 17593 D Snap-Debug: Calls to checkObjectForPII :13500
10-21 15:12:43.614 17593 17593 D Snap-Debug: Calls to checkObjectForPII :13600
10-21 15:12:43.627 17593 17632 D Snap-Debug: Calls to checkObjectForPII :13700
10-21 15:12:43.641 17593 17632 D Snap-Debug: Calls to checkObjectForPII :13800
10-21 15:12:43.657 17593 17593 D Snap-Debug: Calls to checkObjectForPII :13900
10-21 15:12:43.674 17593 17632 D Snap-Debug: Calls to checkObjectForPII :14000
10-21 15:12:43.696 17593 17632 D Snap-Debug: Calls to checkObjectForPII :14100
10-21 15:12:43.742 17593 17607 D Snap-Debug: Calls to checkObjectForPII :14200
10-21 15:12:43.744 17593 17593 V SlidingMenu: setting padding!
10-21 15:12:43.746   956  1801 W AppOps  : Bad call: specified package com.google.android.gms under uid 10172 but it is really 10019
10-21 15:12:43.746   956  1801 W AppOps  : java.lang.RuntimeException: here
10-21 15:12:43.746   956  1801 W AppOps  : 	at com.android.server.AppOpsService.getOpsRawLocked(AppOpsService.java:1257)
10-21 15:12:43.746   956  1801 W AppOps  : 	at com.android.server.AppOpsService.checkPackage(AppOpsService.java:976)
10-21 15:12:43.746   956  1801 W AppOps  : 	at com.android.internal.app.IAppOpsService$Stub.onTransact(IAppOpsService.java:169)
10-21 15:12:43.746   956  1801 W AppOps  : 	at android.os.Binder.execTransact(Binder.java:565)
10-21 15:12:43.747 17593 17635 E GoogleApiManager: Failed to get service from broker. 
10-21 15:12:43.747 17593 17635 E GoogleApiManager: java.lang.SecurityException: Unknown calling package name 'com.google.android.gms'.
10-21 15:12:43.747 17593 17635 E GoogleApiManager: 	at android.os.Parcel.readException(Parcel.java:1684)
10-21 15:12:43.747 17593 17635 E GoogleApiManager: 	at android.os.Parcel.readException(Parcel.java:1637)
10-21 15:12:43.747 17593 17635 E GoogleApiManager: 	at anje.a(:com.google.android.gms@244134000@24.41.34 (040300-685836814):36)
10-21 15:12:43.747 17593 17635 E GoogleApiManager: 	at anhl.z(:com.google.android.gms@244134000@24.41.34 (040300-685836814):116)
10-21 15:12:43.747 17593 17635 E GoogleApiManager: 	at amov.run(:com.google.android.gms@244134000@24.41.34 (040300-685836814):54)
10-21 15:12:43.747 17593 17635 E GoogleApiManager: 	at android.os.Handler.handleCallback(Handler.java:751)
10-21 15:12:43.747 17593 17635 E GoogleApiManager: 	at android.os.Handler.dispatchMessage(Handler.java:95)
10-21 15:12:43.747 17593 17635 E GoogleApiManager: 	at bqid.lE(:com.google.android.gms@244134000@24.41.34 (040300-685836814):1)
10-21 15:12:43.747 17593 17635 E GoogleApiManager: 	at bqid.dispatchMessage(:com.google.android.gms@244134000@24.41.34 (040300-685836814):5)
10-21 15:12:43.747 17593 17635 E GoogleApiManager: 	at android.os.Looper.loop(Looper.java:154)
10-21 15:12:43.747 17593 17635 E GoogleApiManager: 	at android.os.HandlerThread.run(HandlerThread.java:61)
10-21 15:12:43.751 17593 17634 W CondFlagRegistrar: Failed to register com.google.android.gms.providerinstaller#com.google.android.gms
10-21 15:12:43.751 17593 17634 W CondFlagRegistrar: dlbv: 17: 17: API: Phenotype.API is not available on this device. Connection failed with: ConnectionResult{statusCode=DEVELOPER_ERROR, resolution=null, message=null}
10-21 15:12:43.751 17593 17634 W CondFlagRegistrar: 	at dlbx.a(:com.google.android.gms@244134000@24.41.34 (040300-685836814):13)
10-21 15:12:43.751 17593 17634 W CondFlagRegistrar: 	at eckg.d(:com.google.android.gms@244134000@24.41.34 (040300-685836814):3)
10-21 15:12:43.751 17593 17634 W CondFlagRegistrar: 	at ecki.run(:com.google.android.gms@244134000@24.41.34 (040300-685836814):130)
10-21 15:12:43.751 17593 17634 W CondFlagRegistrar: 	at ecmo.execute(:com.google.android.gms@244134000@24.41.34 (040300-685836814):1)
10-21 15:12:43.751 17593 17634 W CondFlagRegistrar: 	at ecky.h(:com.google.android.gms@244134000@24.41.34 (040300-685836814):1)
10-21 15:12:43.751 17593 17634 W CondFlagRegistrar: 	at ecky.l(:com.google.android.gms@244134000@24.41.34 (040300-685836814):101)
10-21 15:12:43.751 17593 17634 W CondFlagRegistrar: 	at ecky.p(:com.google.android.gms@244134000@24.41.34 (040300-685836814):19)
10-21 15:12:43.751 17593 17634 W CondFlagRegistrar: 	at ddjv.hh(:com.google.android.gms@244134000@24.41.34 (040300-685836814):35)
10-21 15:12:43.751 17593 17634 W CondFlagRegistrar: 	at cuzp.run(:com.google.android.gms@244134000@24.41.34 (040300-685836814):14)
10-21 15:12:43.751 17593 17634 W CondFlagRegistrar: 	at ecmo.execute(:com.google.android.gms@244134000@24.41.34 (040300-685836814):1)
10-21 15:12:43.751 17593 17634 W CondFlagRegistrar: 	at cuzq.b(:com.google.android.gms@244134000@24.41.34 (040300-685836814):18)
10-21 15:12:43.751 17593 17634 W CondFlagRegistrar: 	at cvaf.b(:com.google.android.gms@244134000@24.41.34 (040300-685836814):36)
10-21 15:12:43.751 17593 17634 W CondFlagRegistrar: 	at cvah.c(:com.google.android.gms@244134000@24.41.34 (040300-685836814):26)
10-21 15:12:43.751 17593 17634 W CondFlagRegistrar: 	at ammd.c(:com.google.android.gms@244134000@24.41.34 (040300-685836814):9)
10-21 15:12:43.751 17593 17634 W CondFlagRegistrar: 	at amot.q(:com.google.android.gms@244134000@24.41.34 (040300-685836814):48)
10-21 15:12:43.751 17593 17634 W CondFlagRegistrar: 	at amot.d(:com.google.android.gms@244134000@24.41.34 (040300-685836814):10)
10-21 15:12:43.751 17593 17634 W CondFlagRegistrar: 	at amot.g(:com.google.android.gms@244134000@24.41.34 (040300-685836814):211)
10-21 15:12:43.751 17593 17634 W CondFlagRegistrar: 	at amot.onConnectionFailed(:com.google.android.gms@244134000@24.41.34 (040300-685836814):2)
10-21 15:12:43.751 17593 17634 W CondFlagRegistrar: 	at amov.run(:com.google.android.gms@244134000@24.41.34 (040300-685836814):82)
10-21 15:12:43.751 17593 17634 W CondFlagRegistrar: 	at android.os.Handler.handleCallback(Handler.java:751)
10-21 15:12:43.751 17593 17634 W CondFlagRegistrar: 	at android.os.Handler.dispatchMessage(Handler.java:95)
10-21 15:12:43.751 17593 17634 W CondFlagRegistrar: 	at bqid.lE(:com.google.android.gms@244134000@24.41.34 (040300-685836814):1)
10-21 15:12:43.751 17593 17634 W CondFlagRegistrar: 	at bqid.dispatchMessage(:com.google.android.gms@244134000@24.41.34 (040300-685836814):5)
10-21 15:12:43.751 17593 17634 W CondFlagRegistrar: 	at android.os.Looper.loop(Looper.java:154)
10-21 15:12:43.751 17593 17634 W CondFlagRegistrar: 	at android.os.HandlerThread.run(HandlerThread.java:61)
10-21 15:12:43.751 17593 17634 W CondFlagRegistrar: Caused by: amkv: 17: API: Phenotype.API is not available on this device. Connection failed with: ConnectionResult{statusCode=DEVELOPER_ERROR, resolution=null, message=null}
10-21 15:12:43.751 17593 17634 W CondFlagRegistrar: 	at angx.a(:com.google.android.gms@244134000@24.41.34 (040300-685836814):15)
10-21 15:12:43.751 17593 17634 W CondFlagRegistrar: 	at ammg.a(:com.google.android.gms@244134000@24.41.34 (040300-685836814):1)
10-21 15:12:43.751 17593 17634 W CondFlagRegistrar: 	at ammd.c(:com.google.android.gms@244134000@24.41.34 (040300-685836814):5)
10-21 15:12:43.751 17593 17634 W CondFlagRegistrar: 	... 11 more
10-21 15:12:43.768 17593 17593 D Snap-Debug: Calls to checkObjectForPII :14300
10-21 15:12:43.787 17593 17593 D Snap-Debug: Calls to checkObjectForPII :14400
10-21 15:12:43.798 17593 17624 I ProviderInstaller: Installed default security provider GmsCore_OpenSSL
10-21 15:12:43.805 17593 17637 I Adreno  : QUALCOMM build                   : a5b4970, If5818605d9
10-21 15:12:43.805 17593 17637 I Adreno  : Build Date                       : 10/12/16
10-21 15:12:43.805 17593 17637 I Adreno  : OpenGL ES Shader Compiler Version: XE031.09.00.04
10-21 15:12:43.805 17593 17637 I Adreno  : Local Branch                     : N24D
10-21 15:12:43.805 17593 17637 I Adreno  : Remote Branch                    : 
10-21 15:12:43.805 17593 17637 I Adreno  : Remote Branch                    : 
10-21 15:12:43.805 17593 17637 I Adreno  : Reconstruct Branch               : 
10-21 15:12:43.810 17593 17637 I OpenGLRenderer: Initialized EGL, version 1.4
10-21 15:12:43.810 17593 17637 D OpenGLRenderer: Swap behavior 1
10-21 15:12:43.813 17593 17593 D Snap-Debug: Calls to checkObjectForPII :14500
10-21 15:12:43.828 17593 17593 D Snap-Debug: Calls to checkObjectForPII :14600
10-21 15:12:43.844 17593 17593 D Snap-Debug: Calls to checkObjectForPII :14700
10-21 15:12:43.865 17593 17593 D Snap-Debug: Calls to checkObjectForPII :14800
10-21 15:12:43.876 17593 17593 V CustomViewBehind: behind INVISIBLE
10-21 15:12:43.964 17593 17638 E Snap-Debug: Creating entry in thread map, Thread ID is 1037
10-21 15:12:43.982 17593 17593 D Snap-Debug: Calls to checkObjectForPII :14900
10-21 15:12:44.377   956   976 I ActivityManager: Displayed ca.passportparking.mobile.passportcanada/.PassportCanadaApp: +4s428ms
10-21 15:12:44.411 17593 17593 D Snap-Debug: Calls to checkObjectForPII :15000
10-21 15:12:44.421 17593 17644 E Snap-Debug: Creating entry in thread map, Thread ID is 1038
10-21 15:12:44.436 17593 17644 D Snap-Debug: Calls to checkObjectForPII :15100
10-21 15:12:44.466 17593 17644 D Snap-Debug: Calls to checkObjectForPII :15200
10-21 15:12:44.491 17593 17644 D Snap-Debug: Calls to checkObjectForPII :15300
10-21 15:12:44.510 17593 17644 D Snap-Debug: Calls to checkObjectForPII :15400
10-21 15:12:44.519 17593 17644 D Snap-Debug: Calls to checkObjectForPII :15500
10-21 15:12:44.531 17593 17644 D Snap-Debug: Calls to checkObjectForPII :15600
10-21 15:12:44.550 17593 17644 D Snap-Debug: Calls to checkObjectForPII :15700
10-21 15:12:44.557 17593 17644 D Snap-Debug: Calls to checkObjectForPII :15800
10-21 15:12:44.565 17593 17644 D Snap-Debug: Calls to checkObjectForPII :15900
10-21 15:12:44.577 17593 17644 D Snap-Debug: Calls to checkObjectForPII :16000
10-21 15:12:44.620 17593 17644 D Snap-Debug: Calls to checkObjectForPII :16100
10-21 15:12:44.627 17593 17644 D Snap-Debug: Calls to checkObjectForPII :16200
10-21 15:12:44.633 17593 17644 D Snap-Debug: Calls to checkObjectForPII :16300
10-21 15:12:44.640 17593 17644 D Snap-Debug: Calls to checkObjectForPII :16400
10-21 15:12:44.646 17593 17644 D Snap-Debug: Calls to checkObjectForPII :16500
10-21 15:12:44.652 17593 17644 D Snap-Debug: Calls to checkObjectForPII :16600
10-21 15:12:44.661 17593 17644 D Snap-Debug: Calls to checkObjectForPII :16700
10-21 15:12:44.667 17593 17644 D Snap-Debug: Calls to checkObjectForPII :16800
10-21 15:12:44.676 17593 17644 D Snap-Debug: Calls to checkObjectForPII :16900
10-21 15:12:44.682 17593 17644 D Snap-Debug: Calls to checkObjectForPII :17000
10-21 15:12:44.691 17593 17644 D Snap-Debug: Calls to checkObjectForPII :17100
10-21 15:12:44.698 17593 17644 D Snap-Debug: Calls to checkObjectForPII :17200
10-21 15:12:44.706 17593 17644 D Snap-Debug: Calls to checkObjectForPII :17300
10-21 15:12:44.713 17593 17644 D Snap-Debug: Calls to checkObjectForPII :17400
10-21 15:12:44.734 17593 17644 D Snap-Debug: Calls to checkObjectForPII :17500
10-21 15:12:44.751 17593 17644 V Request : https://passportca.com/apps/v7/mobile/api/index.php/getstrings
10-21 15:12:44.751 17593 17644 V Method  : POST
10-21 15:12:45.489 17593 17644 D Snap-Debug: Calls to checkObjectForPII :17600
10-21 15:12:45.704 17593 17593 D Snap-Debug: Calls to checkObjectForPII :17700
10-21 15:12:45.721 17593 17593 D Snap-Debug: Calls to checkObjectForPII :17800
10-21 15:12:45.730 17593 17593 D Snap-Debug: Calls to checkObjectForPII :17900
10-21 15:12:45.740 17593 17593 D Snap-Debug: Calls to checkObjectForPII :18000
10-21 15:12:45.749 17593 17593 D Snap-Debug: Calls to checkObjectForPII :18100
10-21 15:12:45.759 17593 17593 D Snap-Debug: Calls to checkObjectForPII :18200
10-21 15:12:45.769 17593 17593 D Snap-Debug: Calls to checkObjectForPII :18300
10-21 15:12:45.784 17593 17593 D Snap-Debug: Calls to checkObjectForPII :18400
10-21 15:12:45.793 17593 17593 D Snap-Debug: Calls to checkObjectForPII :18500
10-21 15:12:45.801 17593 17617 D Snap-Debug: Calls to checkObjectForPII :18600
10-21 15:12:45.808 17593 17593 D Snap-Debug: Calls to checkObjectForPII :18700
10-21 15:12:45.814  2149 17468 D AdvertisingIdClient: AdvertisingIdClient already created.
10-21 15:12:45.816  2149 17468 I AdvertisingIdClient: shouldSendLog -1
10-21 15:12:45.816  2149 17468 I AdvertisingIdClient: GetInfoInternal elapse 2ms
10-21 15:12:45.817 17593 17593 D Snap-Debug: Calls to checkObjectForPII :18800
10-21 15:12:45.828 17593 17638 D Snap-Debug: Calls to checkObjectForPII :18900
10-21 15:12:45.832  2149  2149 I AdvertisingIdClient: getting error as 17: API: ClientTelemetry.API is not available on this device. Connection failed with: ConnectionResult{statusCode=API_DISABLED, resolution=null, message=null}
10-21 15:12:45.839 17593 17593 D Snap-Debug: Calls to checkObjectForPII :19000
10-21 15:12:45.875  1612 17647 W NetworkScheduler: Error inserting service_kind=0 source=16 tag=Measurement.PackageMeasurementTaskService.UPLOAD_TASK_TAG target_package=com.google.android.gms requires_charging=0 source_version=244134000 required_network_type=0 flex_time=0 persistence_level=1 target_class=com.google.android.gms.measurement.PackageMeasurementTaskService runtime=1729541565872 retry_strategy={"maximum_backoff_seconds":{"3600":0},"initial_backoff_seconds":{"30":0},"retry_policy":{"0":0}} preferred_network_type=1 required_idleness_state=0 preferred_charging_state=1 period=2000 last_runtime=0 task_type=0 job_id=-1 user_id=0 [CONTEXT service_id=218 ]
10-21 15:12:45.875  1612 17647 W NetworkScheduler: android.database.sqlite.SQLiteConstraintException: UNIQUE constraint failed: pending_ops.tag, pending_ops.target_class, pending_ops.target_package, pending_ops.user_id (code 2067)
10-21 15:12:45.875  1612 17647 W NetworkScheduler: 	at android.database.sqlite.SQLiteConnection.nativeExecuteForLastInsertedRowId(Native Method)
10-21 15:12:45.875  1612 17647 W NetworkScheduler: 	at android.database.sqlite.SQLiteConnection.executeForLastInsertedRowId(SQLiteConnection.java:782)
10-21 15:12:45.875  1612 17647 W NetworkScheduler: 	at android.database.sqlite.SQLiteSession.executeForLastInsertedRowId(SQLiteSession.java:788)
10-21 15:12:45.875  1612 17647 W NetworkScheduler: 	at android.database.sqlite.SQLiteStatement.executeInsert(SQLiteStatement.java:86)
10-21 15:12:45.875  1612 17647 W NetworkScheduler: 	at android.database.sqlite.SQLiteDatabase.insertWithOnConflict(SQLiteDatabase.java:1474)
10-21 15:12:45.875  1612 17647 W NetworkScheduler: 	at android.database.sqlite.SQLiteDatabase.insertOrThrow(SQLiteDatabase.java:1369)
10-21 15:12:45.875  1612 17647 W NetworkScheduler: 	at covu.d(:com.google.android.gms@244134000@24.41.34 (040300-685836814):729)
10-21 15:12:45.875  1612 17647 W NetworkScheduler: 	at cotg.n(:com.google.android.gms@244134000@24.41.34 (040300-685836814):29)
10-21 15:12:45.875  1612 17647 W NetworkScheduler: 	at cotg.u(:com.google.android.gms@244134000@24.41.34 (040300-685836814):360)
10-21 15:12:45.875  1612 17647 W NetworkScheduler: 	at cotg.h(:com.google.android.gms@244134000@24.41.34 (040300-685836814):51)
10-21 15:12:45.875  1612 17647 W NetworkScheduler: 	at conw.run(:com.google.android.gms@244134000@24.41.34 (040300-685836814):72)
10-21 15:12:45.875  1612 17647 W NetworkScheduler: 	at anzg.c(:com.google.android.gms@244134000@24.41.34 (040300-685836814):50)
10-21 15:12:45.875  1612 17647 W NetworkScheduler: 	at anzg.run(:com.google.android.gms@244134000@24.41.34 (040300-685836814):76)
10-21 15:12:45.875  1612 17647 W NetworkScheduler: 	at java.util.concurrent.ThreadPoolExecutor.runWorker(ThreadPoolExecutor.java:1133)
10-21 15:12:45.875  1612 17647 W NetworkScheduler: 	at java.util.concurrent.ThreadPoolExecutor$Worker.run(ThreadPoolExecutor.java:607)
10-21 15:12:45.875  1612 17647 W NetworkScheduler: 	at aoep.run(:com.google.android.gms@244134000@24.41.34 (040300-685836814):8)
10-21 15:12:45.875  1612 17647 W NetworkScheduler: 	at java.lang.Thread.run(Thread.java:761)
10-21 15:12:45.891 17593 17593 D Snap-Debug: Calls to checkObjectForPII :19100
10-21 15:12:45.898 16290 16301 I Finsky  : [950] artk.V(263): Package com.google.android.gms is verified.
10-21 15:12:45.901 17593 17593 D Snap-Debug: Calls to checkObjectForPII :19200
10-21 15:12:45.908  2149 17468 W FA-SVC  : Service response is missing Install Referrer install timestamp
10-21 15:12:45.911 17593 17593 D Snap-Debug: Calls to checkObjectForPII :19300
10-21 15:12:45.921 17593 17593 D Snap-Debug: Calls to checkObjectForPII :19400
10-21 15:12:45.930 17593 17593 D Snap-Debug: Calls to checkObjectForPII :19500
10-21 15:12:45.940 17593 17593 D Snap-Debug: Calls to checkObjectForPII :19600
10-21 15:12:45.949 17593 17593 D Snap-Debug: Calls to checkObjectForPII :19700
10-21 15:12:45.959 17593 17593 D Snap-Debug: Calls to checkObjectForPII :19800
10-21 15:12:45.968 17593 17593 D Snap-Debug: Calls to checkObjectForPII :19900
10-21 15:12:45.978 17593 17593 D Snap-Debug: Calls to checkObjectForPII :20000
10-21 15:12:45.987 17593 17593 D Snap-Debug: Calls to checkObjectForPII :20100
10-21 15:12:45.997 17593 17593 D Snap-Debug: Calls to checkObjectForPII :20200
10-21 15:12:46.038 17593 17593 D Snap-Debug: Calls to checkObjectForPII :20300
10-21 15:12:46.047 17593 17593 D Snap-Debug: Calls to checkObjectForPII :20400
10-21 15:12:46.057 17593 17593 D Snap-Debug: Calls to checkObjectForPII :20500
10-21 15:12:46.066 17593 17593 D Snap-Debug: Calls to checkObjectForPII :20600
10-21 15:12:46.075 17593 17593 D Snap-Debug: Calls to checkObjectForPII :20700
10-21 15:12:46.085 17593 17593 D Snap-Debug: Calls to checkObjectForPII :20800
10-21 15:12:46.094 17593 17593 D Snap-Debug: Calls to checkObjectForPII :20900
10-21 15:12:46.104 17593 17593 D Snap-Debug: Calls to checkObjectForPII :21000
10-21 15:12:46.114 17593 17593 D Snap-Debug: Calls to checkObjectForPII :21100
10-21 15:12:46.124 17593 17593 D Snap-Debug: Calls to checkObjectForPII :21200
10-21 15:12:46.134 17593 17593 D Snap-Debug: Calls to checkObjectForPII :21300
10-21 15:12:46.145 17593 17651 E Snap-Debug: Creating entry in thread map, Thread ID is 1039
10-21 15:12:46.157 17593 17651 D Snap-Debug: Calls to checkObjectForPII :21400
10-21 15:12:46.260 17593 17651 D Snap-Debug: Calls to checkObjectForPII :21500
10-21 15:12:46.279 17593 17651 D Snap-Debug: Calls to checkObjectForPII :21600
10-21 15:12:46.289 17593 17638 D Snap-Debug: Calls to checkObjectForPII :21700
10-21 15:12:46.297 17593 17651 D Snap-Debug: Calls to checkObjectForPII :21800
10-21 15:12:46.308 17593 17651 D Snap-Debug: Calls to checkObjectForPII :21900
10-21 15:12:46.315 17593 17651 D Snap-Debug: Calls to checkObjectForPII :22000
10-21 15:12:46.321 17593 17651 D Snap-Debug: Calls to checkObjectForPII :22100
10-21 15:12:46.325  1612 17647 E InstantAppsPMW: Error checking if app is instant app
10-21 15:12:46.325  1612 17647 E InstantAppsPMW: android.os.RemoteException
10-21 15:12:46.325  1612 17647 E InstantAppsPMW: 	at bhmt.a(:com.google.android.gms@244134000@24.41.34 (040300-685836814):69)
10-21 15:12:46.325  1612 17647 E InstantAppsPMW: 	at bcqg.h(:com.google.android.gms@244134000@24.41.34 (040300-685836814):953)
10-21 15:12:46.325  1612 17647 E InstantAppsPMW: 	at bcqa.run(:com.google.android.gms@244134000@24.41.34 (040300-685836814):13)
10-21 15:12:46.325  1612 17647 E InstantAppsPMW: 	at anzg.c(:com.google.android.gms@244134000@24.41.34 (040300-685836814):50)
10-21 15:12:46.325  1612 17647 E InstantAppsPMW: 	at anzg.run(:com.google.android.gms@244134000@24.41.34 (040300-685836814):76)
10-21 15:12:46.325  1612 17647 E InstantAppsPMW: 	at java.util.concurrent.ThreadPoolExecutor.runWorker(ThreadPoolExecutor.java:1133)
10-21 15:12:46.325  1612 17647 E InstantAppsPMW: 	at java.util.concurrent.ThreadPoolExecutor$Worker.run(ThreadPoolExecutor.java:607)
10-21 15:12:46.325  1612 17647 E InstantAppsPMW: 	at aoep.run(:com.google.android.gms@244134000@24.41.34 (040300-685836814):8)
10-21 15:12:46.325  1612 17647 E InstantAppsPMW: 	at java.lang.Thread.run(Thread.java:761)
10-21 15:12:46.326 17593 17651 D Snap-Debug: Calls to checkObjectForPII :22200
10-21 15:12:46.332 17593 17651 D Snap-Debug: Calls to checkObjectForPII :22300
10-21 15:12:46.340 17593 17651 D Snap-Debug: Calls to checkObjectForPII :22400
10-21 15:12:46.380 17593 17651 D Snap-Debug: Calls to checkObjectForPII :22500
10-21 15:12:46.386 17593 17651 D Snap-Debug: Calls to checkObjectForPII :22600
10-21 15:12:46.391 17593 17651 D Snap-Debug: Calls to checkObjectForPII :22700
10-21 15:12:46.397 17593 17651 D Snap-Debug: Calls to checkObjectForPII :22800
10-21 15:12:46.403 17593 17651 D Snap-Debug: Calls to checkObjectForPII :22900
10-21 15:12:46.409 17593 17651 D Snap-Debug: Calls to checkObjectForPII :23000
10-21 15:12:46.416 17593 17651 D Snap-Debug: Calls to checkObjectForPII :23100
10-21 15:12:46.421 17593 17651 D Snap-Debug: Calls to checkObjectForPII :23200
10-21 15:12:46.426 17593 17651 D Snap-Debug: Calls to checkObjectForPII :23300
10-21 15:12:46.432 17593 17651 D Snap-Debug: Calls to checkObjectForPII :23400
10-21 15:12:46.437 17593 17651 D Snap-Debug: Calls to checkObjectForPII :23500
10-21 15:12:46.443 17593 17651 D Snap-Debug: Calls to checkObjectForPII :23600
10-21 15:12:46.451 17593 17651 D Snap-Debug: Calls to checkObjectForPII :23700
10-21 15:12:46.456 17593 17651 V Request : https://passportca.com/apps/v7/mobile/api/index.php/getwhitelabelappsettings
10-21 15:12:46.456 17593 17651 V Method  : POST
10-21 15:12:46.551  1612 17653 W NetworkScheduler: Error inserting service_kind=0 source=16 tag=Measurement.PackageMeasurementTaskService.UPLOAD_TASK_TAG target_package=com.google.android.gms requires_charging=0 source_version=244134000 required_network_type=0 flex_time=9000 persistence_level=1 target_class=com.google.android.gms.measurement.PackageMeasurementTaskService runtime=1729541566544 retry_strategy={"maximum_backoff_seconds":{"3600":0},"initial_backoff_seconds":{"30":0},"retry_policy":{"0":0}} preferred_network_type=1 required_idleness_state=0 preferred_charging_state=1 period=20000 last_runtime=0 task_type=0 job_id=-1 user_id=0 [CONTEXT service_id=218 ]
10-21 15:12:46.551  1612 17653 W NetworkScheduler: android.database.sqlite.SQLiteConstraintException: UNIQUE constraint failed: pending_ops.tag, pending_ops.target_class, pending_ops.target_package, pending_ops.user_id (code 2067)
10-21 15:12:46.551  1612 17653 W NetworkScheduler: 	at android.database.sqlite.SQLiteConnection.nativeExecuteForLastInsertedRowId(Native Method)
10-21 15:12:46.551  1612 17653 W NetworkScheduler: 	at android.database.sqlite.SQLiteConnection.executeForLastInsertedRowId(SQLiteConnection.java:782)
10-21 15:12:46.551  1612 17653 W NetworkScheduler: 	at android.database.sqlite.SQLiteSession.executeForLastInsertedRowId(SQLiteSession.java:788)
10-21 15:12:46.551  1612 17653 W NetworkScheduler: 	at android.database.sqlite.SQLiteStatement.executeInsert(SQLiteStatement.java:86)
10-21 15:12:46.551  1612 17653 W NetworkScheduler: 	at android.database.sqlite.SQLiteDatabase.insertWithOnConflict(SQLiteDatabase.java:1474)
10-21 15:12:46.551  1612 17653 W NetworkScheduler: 	at android.database.sqlite.SQLiteDatabase.insertOrThrow(SQLiteDatabase.java:1369)
10-21 15:12:46.551  1612 17653 W NetworkScheduler: 	at covu.d(:com.google.android.gms@244134000@24.41.34 (040300-685836814):729)
10-21 15:12:46.551  1612 17653 W NetworkScheduler: 	at cotg.n(:com.google.android.gms@244134000@24.41.34 (040300-685836814):29)
10-21 15:12:46.551  1612 17653 W NetworkScheduler: 	at cotg.u(:com.google.android.gms@244134000@24.41.34 (040300-685836814):360)
10-21 15:12:46.551  1612 17653 W NetworkScheduler: 	at cotg.h(:com.google.android.gms@244134000@24.41.34 (040300-685836814):51)
10-21 15:12:46.551  1612 17653 W NetworkScheduler: 	at conw.run(:com.google.android.gms@244134000@24.41.34 (040300-685836814):72)
10-21 15:12:46.551  1612 17653 W NetworkScheduler: 	at anzg.c(:com.google.android.gms@244134000@24.41.34 (040300-685836814):50)
10-21 15:12:46.551  1612 17653 W NetworkScheduler: 	at anzg.run(:com.google.android.gms@244134000@24.41.34 (040300-685836814):76)
10-21 15:12:46.551  1612 17653 W NetworkScheduler: 	at java.util.concurrent.ThreadPoolExecutor.runWorker(ThreadPoolExecutor.java:1133)
10-21 15:12:46.551  1612 17653 W NetworkScheduler: 	at java.util.concurrent.ThreadPoolExecutor$Worker.run(ThreadPoolExecutor.java:607)
10-21 15:12:46.551  1612 17653 W NetworkScheduler: 	at aoep.run(:com.google.android.gms@244134000@24.41.34 (040300-685836814):8)
10-21 15:12:46.551  1612 17653 W NetworkScheduler: 	at java.lang.Thread.run(Thread.java:761)
10-21 15:12:46.675  2149 17468 W FA-SVC  : Config not found. Using empty config. appId: ca.passportparking.mobile.passportcanada
10-21 15:12:46.696  2149 17468 W FA-SVC  : Did not find measurement config or missing version info. appId: ca.passportparking.mobile.passportcanada
10-21 15:12:47.020  1612 17526 W NetworkScheduler: Error inserting service_kind=0 source=16 tag=Measurement.PackageMeasurementTaskService.UPLOAD_TASK_TAG target_package=com.google.android.gms requires_charging=0 source_version=244134000 required_network_type=0 flex_time=3599000 persistence_level=1 target_class=com.google.android.gms.measurement.PackageMeasurementTaskService runtime=1729541566995 retry_strategy={"maximum_backoff_seconds":{"3600":0},"initial_backoff_seconds":{"30":0},"retry_policy":{"0":0}} preferred_network_type=1 required_idleness_state=0 preferred_charging_state=1 period=7200000 last_runtime=0 task_type=0 job_id=-1 user_id=0 [CONTEXT service_id=218 ]
10-21 15:12:47.020  1612 17526 W NetworkScheduler: android.database.sqlite.SQLiteConstraintException: UNIQUE constraint failed: pending_ops.tag, pending_ops.target_class, pending_ops.target_package, pending_ops.user_id (code 2067)
10-21 15:12:47.020  1612 17526 W NetworkScheduler: 	at android.database.sqlite.SQLiteConnection.nativeExecuteForLastInsertedRowId(Native Method)
10-21 15:12:47.020  1612 17526 W NetworkScheduler: 	at android.database.sqlite.SQLiteConnection.executeForLastInsertedRowId(SQLiteConnection.java:782)
10-21 15:12:47.020  1612 17526 W NetworkScheduler: 	at android.database.sqlite.SQLiteSession.executeForLastInsertedRowId(SQLiteSession.java:788)
10-21 15:12:47.020  1612 17526 W NetworkScheduler: 	at android.database.sqlite.SQLiteStatement.executeInsert(SQLiteStatement.java:86)
10-21 15:12:47.020  1612 17526 W NetworkScheduler: 	at android.database.sqlite.SQLiteDatabase.insertWithOnConflict(SQLiteDatabase.java:1474)
10-21 15:12:47.020  1612 17526 W NetworkScheduler: 	at android.database.sqlite.SQLiteDatabase.insertOrThrow(SQLiteDatabase.java:1369)
10-21 15:12:47.020  1612 17526 W NetworkScheduler: 	at covu.d(:com.google.android.gms@244134000@24.41.34 (040300-685836814):729)
10-21 15:12:47.020  1612 17526 W NetworkScheduler: 	at cotg.n(:com.google.android.gms@244134000@24.41.34 (040300-685836814):29)
10-21 15:12:47.020  1612 17526 W NetworkScheduler: 	at cotg.u(:com.google.android.gms@244134000@24.41.34 (040300-685836814):360)
10-21 15:12:47.020  1612 17526 W NetworkScheduler: 	at cotg.h(:com.google.android.gms@244134000@24.41.34 (040300-685836814):51)
10-21 15:12:47.020  1612 17526 W NetworkScheduler: 	at conw.run(:com.google.android.gms@244134000@24.41.34 (040300-685836814):72)
10-21 15:12:47.020  1612 17526 W NetworkScheduler: 	at anzg.c(:com.google.android.gms@244134000@24.41.34 (040300-685836814):50)
10-21 15:12:47.020  1612 17526 W NetworkScheduler: 	at anzg.run(:com.google.android.gms@244134000@24.41.34 (040300-685836814):76)
10-21 15:12:47.020  1612 17526 W NetworkScheduler: 	at java.util.concurrent.ThreadPoolExecutor.runWorker(ThreadPoolExecutor.java:1133)
10-21 15:12:47.020  1612 17526 W NetworkScheduler: 	at java.util.concurrent.ThreadPoolExecutor$Worker.run(ThreadPoolExecutor.java:607)
10-21 15:12:47.020  1612 17526 W NetworkScheduler: 	at aoep.run(:com.google.android.gms@244134000@24.41.34 (040300-685836814):8)
10-21 15:12:47.020  1612 17526 W NetworkScheduler: 	at java.lang.Thread.run(Thread.java:761)
10-21 15:12:47.023 17593 17651 D Snap-Debug: Calls to checkObjectForPII :23800
10-21 15:12:47.090 17593 17655 E Snap-Debug: Creating entry in thread map, Thread ID is 1040
10-21 15:12:47.091 17593 17655 D Snap-Debug: Calls to checkObjectForPII :23900
10-21 15:12:47.165 17593 17655 D Snap-Debug: Calls to checkObjectForPII :24000
10-21 15:12:47.182 17593 17655 D Snap-Debug: Calls to checkObjectForPII :24100
10-21 15:12:47.190 17593 17655 D Snap-Debug: Calls to checkObjectForPII :24200
10-21 15:12:47.198 17593 17655 D Snap-Debug: Calls to checkObjectForPII :24300
10-21 15:12:47.208 17593 17655 D Snap-Debug: Calls to checkObjectForPII :24400
