10-21 15:12:47.214 17593 17655 D Snap-Debug: Calls to checkObjectForPII :24500
10-21 15:12:47.219 17593 17655 D Snap-Debug: Calls to checkObjectForPII :24600
10-21 15:12:47.225 17593 17655 D Snap-Debug: Calls to checkObjectForPII :24700
10-21 15:12:47.230 17593 17655 D Snap-Debug: Calls to checkObjectForPII :24800
10-21 15:12:47.236 17593 17655 D Snap-Debug: Calls to checkObjectForPII :24900
10-21 15:12:47.242 17593 17655 D Snap-Debug: Calls to checkObjectForPII :25000
10-21 15:12:47.247 17593 17655 D Snap-Debug: Calls to checkObjectForPII :25100
10-21 15:12:47.253 17593 17655 D Snap-Debug: Calls to checkObjectForPII :25200
10-21 15:12:47.257 17593 17655 D Snap-Debug: Calls to checkObjectForPII :25300
10-21 15:12:47.272 17593 17655 D Snap-Debug: Calls to checkObjectForPII :25400
10-21 15:12:47.279 17593 17655 D Snap-Debug: Calls to checkObjectForPII :25500
10-21 15:12:47.341 17593 17655 D Snap-Debug: Calls to checkObjectForPII :25600
10-21 15:12:47.347 17593 17655 D Snap-Debug: Calls to checkObjectForPII :25700
10-21 15:12:47.352 17593 17655 D Snap-Debug: Calls to checkObjectForPII :25800
10-21 15:12:47.358 17593 17655 D Snap-Debug: Calls to checkObjectForPII :25900
10-21 15:12:47.364 17593 17655 D Snap-Debug: Calls to checkObjectForPII :26000
10-21 15:12:47.370 17593 17655 D Snap-Debug: Calls to checkObjectForPII :26100
10-21 15:12:47.376 17593 17655 D Snap-Debug: Calls to checkObjectForPII :26200
10-21 15:12:47.401 17593 17655 D Snap-Debug: Calls to checkObjectForPII :26300
10-21 15:12:47.419 17593 17655 D Snap-Debug: Calls to checkObjectForPII :26400
10-21 15:12:47.427 17593 17655 D Snap-Debug: Calls to checkObjectForPII :26500
10-21 15:12:47.444 17593 17655 V Request : https://passportca.com/apps/v7/mobile/api/index.php/getoperatorsettings
10-21 15:12:47.444 17593 17655 V Method  : POST
10-21 15:12:47.828 17593 17655 D Snap-Debug: Calls to checkObjectForPII :26600
10-21 15:12:48.022 17593 17655 D Snap-Debug: Calls to checkObjectForPII :26700
10-21 15:12:48.065 17593 17593 D Snap-Debug: Calls to checkObjectForPII :26800
10-21 15:12:48.086 17593 17593 D Snap-Debug: Calls to checkObjectForPII :26900
10-21 15:12:48.103 17593 17593 D Snap-Debug: Calls to checkObjectForPII :27000
10-21 15:12:48.120 17593 17593 D Snap-Debug: Calls to checkObjectForPII :27100
10-21 15:12:48.211 17593 17593 D Snap-Debug: Calls to checkObjectForPII :27200
10-21 15:12:48.231 17593 17593 D Snap-Debug: Calls to checkObjectForPII :27300
10-21 15:12:48.247 17593 17593 D Snap-Debug: Calls to checkObjectForPII :27400
10-21 15:12:48.263 17593 17593 D Snap-Debug: Calls to checkObjectForPII :27500
10-21 15:12:48.274 17593 17593 D Snap-Debug: Calls to checkObjectForPII :27600
10-21 15:12:48.284 17593 17593 D Snap-Debug: Calls to checkObjectForPII :27700
10-21 15:12:48.294 17593 17593 D Snap-Debug: Calls to checkObjectForPII :27800
10-21 15:12:48.304 17593 17593 D Snap-Debug: Calls to checkObjectForPII :27900
10-21 15:12:48.315 17593 17593 D Snap-Debug: Calls to checkObjectForPII :28000
10-21 15:12:48.327 17593 17598 I art     : Do partial code cache collection, code=24KB, data=30KB
10-21 15:12:48.329 17593 17593 D Snap-Debug: Calls to checkObjectForPII :28100
10-21 15:12:48.332 17593 17598 I art     : After code cache collection, code=22KB, data=29KB
10-21 15:12:48.332 17593 17598 I art     : Increasing code cache capacity to 128KB
10-21 15:12:48.361 17593 17593 D Snap-Debug: Calls to checkObjectForPII :28200
10-21 15:12:48.434 17593 17593 D Snap-Debug: Calls to checkObjectForPII :28300
10-21 15:12:48.475   956  2133 I ActivityManager: START u0 {flg=0x14008000 cmp=ca.passportparking.mobile.passportcanada/com.passportparking.mobile.pplibrary.activity.WelcomeActivity (has extras)} from uid 10172 on display 0
10-21 15:12:48.497 17593 17593 D Snap-Debug: Calls to checkObjectForPII :28400
10-21 15:12:48.549   956  2454 I GnssLocationProvider: WakeLock acquired by sendMessage(3, 0, com.android.server.location.GnssLocationProvider$GpsRequest@f10d980)
10-21 15:12:48.551   956   968 I GnssLocationProvider: WakeLock released by handleMessage(3, 0, com.android.server.location.GnssLocationProvider$GpsRequest@f10d980)
10-21 15:12:48.560 17593 17617 D Snap-Debug: Calls to checkObjectForPII :28500
10-21 15:12:48.628   956  1436 I WifiHAL : Got channel list with 11 channels
10-21 15:12:48.630   956  1436 I WifiHAL : Got channel list with 9 channels
10-21 15:12:48.632   956  1436 I WifiHAL : Got channel list with 12 channels
10-21 15:12:48.661 17593 17593 D Snap-Debug: Calls to checkObjectForPII :28600
10-21 15:12:48.698   956  1606 V GnssLocationProvider: AGpsStatus is V3: 140
10-21 15:12:48.698   956  1606 D GnssLocationProvider: AGPS IP is v6: ::
10-21 15:12:48.698   956  1606 V GnssLocationProvider: Passing AGPS IP addr: size 16
10-21 15:12:48.698   956  1606 V GnssLocationProvider: Received SUPL IP addr[]: [0, 0, 0, 0, 0, 0, 0, 0, 0, 0, 0, 0, 0, 0, 0, 0]
10-21 15:12:48.698   956  1606 I GnssLocationProvider: WakeLock acquired by sendMessage(14, 0, /::)
10-21 15:12:48.698   956   968 D ConnectivityService: requestNetwork for uid/pid:1000/956 NetworkRequest [ REQUEST id=161, legacyType=3, [ Transports: CELLULAR Capabilities: SUPL&NOT_RESTRICTED&TRUSTED&NOT_VPN] ]
10-21 15:12:48.698   956   968 I GnssLocationProvider: WakeLock released by handleMessage(14, 0, /::)
10-21 15:12:48.699   956  1432 D WIFI    : got request NetworkRequest [ REQUEST id=161, legacyType=3, [ Transports: CELLULAR Capabilities: SUPL&NOT_RESTRICTED&TRUSTED&NOT_VPN] ] with score 0
10-21 15:12:48.699   956  1432 D WIFI_UT : got request NetworkRequest [ REQUEST id=161, legacyType=3, [ Transports: CELLULAR Capabilities: SUPL&NOT_RESTRICTED&TRUSTED&NOT_VPN] ] with score 0
10-21 15:12:48.699   956  1455 D Ethernet: got request NetworkRequest [ REQUEST id=161, legacyType=3, [ Transports: CELLULAR Capabilities: SUPL&NOT_RESTRICTED&TRUSTED&NOT_VPN] ] with score 0
10-21 15:12:48.699  1630  1630 D PhoneSwitcherNetworkRequstListener: got request NetworkRequest [ REQUEST id=161, legacyType=3, [ Transports: CELLULAR Capabilities: SUPL&NOT_RESTRICTED&TRUSTED&NOT_VPN] ] with score 0
10-21 15:12:48.739   956   965 I art     : Background partial concurrent mark sweep GC freed 22293(1150KB) AllocSpace objects, 4(80KB) LOS objects, 33% free, 23MB/35MB, paused 8.762ms total 150.081ms
10-21 15:12:48.749 17593 17593 D Snap-Debug: Calls to checkObjectForPII :28700
10-21 15:12:48.762 17593 17593 D Snap-Debug: Calls to checkObjectForPII :28800
10-21 15:12:48.795 17593 17593 D Snap-Debug: Calls to checkObjectForPII :28900
10-21 15:12:48.812 17593 17593 D Snap-Debug: Calls to checkObjectForPII :29000
10-21 15:12:48.854 17593 17593 D Snap-Debug: Calls to checkObjectForPII :29100
10-21 15:12:48.867 17593 17593 D Snap-Debug: Calls to checkObjectForPII :29200
10-21 15:12:48.885 17593 17593 D Snap-Debug: Calls to checkObjectForPII :29300
10-21 15:12:48.969 17593 17593 D Snap-Debug: Calls to checkObjectForPII :29400
10-21 15:12:48.982 17593 17617 D Snap-Debug: Calls to checkObjectForPII :29500
10-21 15:12:48.990 17593 17593 D Snap-Debug: Calls to checkObjectForPII :29600
10-21 15:12:48.995 17593 17632 D Snap-Debug: Calls to checkObjectForPII :29700
10-21 15:12:49.017 17593 17632 D Snap-Debug: Calls to checkObjectForPII :29800
10-21 15:12:49.021 17593 17593 V SlidingMenu: setting padding!
10-21 15:12:49.050 17593 17593 D Snap-Debug: Calls to checkObjectForPII :29900
10-21 15:12:49.058 17593 17593 D Snap-Debug: Calls to checkObjectForPII :30000
10-21 15:12:49.065 17593 17593 D Snap-Debug: Calls to checkObjectForPII :30100
10-21 15:12:49.080 17593 17593 D Snap-Debug: Calls to checkObjectForPII :30200
10-21 15:12:49.116 17593 17593 D Snap-Debug: Calls to checkObjectForPII :30300
10-21 15:12:49.131 17593 17593 D Snap-Debug: Calls to checkObjectForPII :30400
10-21 15:12:49.147 17593 17593 D Snap-Debug: Calls to checkObjectForPII :30500
10-21 15:12:49.163 17593 17593 V CustomViewBehind: behind INVISIBLE
10-21 15:12:49.228   956   976 I ActivityManager: Displayed ca.passportparking.mobile.passportcanada/com.passportparking.mobile.pplibrary.activity.WelcomeActivity: +671ms
10-21 15:12:49.229  1465  1465 I chatty  : uid=10080(com.google.android.inputmethod.latin) expire 15 lines
10-21 15:12:49.254   348   348 W SurfaceFlinger: couldn't log to binary event log: overflow.
10-21 15:12:49.384  1612 17647 I FrewleTileCacheManagerV: (REDACTED) Fetched %d AP models from cache
10-21 15:12:49.560 17593 17593 D Snap-Debug: Calls to checkObjectForPII :30600
10-21 15:12:49.567  1612  2242 I FusedLocation: (REDACTED) location delivery to %s blocked - too fast
10-21 15:12:49.568  1612  2242 I FusedLocation: (REDACTED) location delivery to %s blocked - too close
10-21 15:12:49.569  1612  2242 I FusedLocation: (REDACTED) location delivery to %s blocked - too close
10-21 15:12:49.586 17593 17593 D Snap-Debug: Calls to checkObjectForPII :30700
10-21 15:12:49.596 17593 17593 D Snap-Debug: Calls to checkObjectForPII :30800
10-21 15:12:50.197   956  1606 W GnssLocationProvider: Invalid size of GpsSvStatus found: 0.
10-21 15:12:51.201   956  1606 W GnssLocationProvider: Invalid size of GpsSvStatus found: 0.
10-21 15:12:52.201   956  1606 W GnssLocationProvider: Invalid size of GpsSvStatus found: 0.
10-21 15:12:53.201   956  1606 W GnssLocationProvider: Invalid size of GpsSvStatus found: 0.
10-21 15:12:53.732   956  1494 W AppOps  : Bad call: specified package com.google.android.gms under uid 10172 but it is really 10019
10-21 15:12:53.732   956  1494 W AppOps  : java.lang.RuntimeException: here
10-21 15:12:53.732   956  1494 W AppOps  : 	at com.android.server.AppOpsService.getOpsRawLocked(AppOpsService.java:1257)
10-21 15:12:53.732   956  1494 W AppOps  : 	at com.android.server.AppOpsService.checkPackage(AppOpsService.java:976)
10-21 15:12:53.732   956  1494 W AppOps  : 	at com.android.internal.app.IAppOpsService$Stub.onTransact(IAppOpsService.java:169)
10-21 15:12:53.732   956  1494 W AppOps  : 	at android.os.Binder.execTransact(Binder.java:565)
10-21 15:12:53.738 17593 17635 E GoogleApiManager: Failed to get service from broker. 
10-21 15:12:53.738 17593 17635 E GoogleApiManager: java.lang.SecurityException: Unknown calling package name 'com.google.android.gms'.
10-21 15:12:53.738 17593 17635 E GoogleApiManager: 	at android.os.Parcel.readException(Parcel.java:1684)
10-21 15:12:53.738 17593 17635 E GoogleApiManager: 	at android.os.Parcel.readException(Parcel.java:1637)
10-21 15:12:53.738 17593 17635 E GoogleApiManager: 	at anje.a(:com.google.android.gms@244134000@24.41.34 (040300-685836814):36)
10-21 15:12:53.738 17593 17635 E GoogleApiManager: 	at anhl.z(:com.google.android.gms@244134000@24.41.34 (040300-685836814):116)
10-21 15:12:53.738 17593 17635 E GoogleApiManager: 	at amov.run(:com.google.android.gms@244134000@24.41.34 (040300-685836814):54)
10-21 15:12:53.738 17593 17635 E GoogleApiManager: 	at android.os.Handler.handleCallback(Handler.java:751)
10-21 15:12:53.738 17593 17635 E GoogleApiManager: 	at android.os.Handler.dispatchMessage(Handler.java:95)
10-21 15:12:53.738 17593 17635 E GoogleApiManager: 	at bqid.lE(:com.google.android.gms@244134000@24.41.34 (040300-685836814):1)
10-21 15:12:53.738 17593 17635 E GoogleApiManager: 	at bqid.dispatchMessage(:com.google.android.gms@244134000@24.41.34 (040300-685836814):5)
10-21 15:12:53.738 17593 17635 E GoogleApiManager: 	at android.os.Looper.loop(Looper.java:154)
10-21 15:12:53.738 17593 17635 E GoogleApiManager: 	at android.os.HandlerThread.run(HandlerThread.java:61)
10-21 15:12:53.932 17593 17607 W DynamiteModule: Local module descriptor class for com.google.firebase.auth not found.
10-21 15:12:53.950 17593 17607 D Snap-Debug: Calls to checkObjectForPII :30900
10-21 15:12:54.085 17593 17617 D Snap-Debug: Calls to checkObjectForPII :31000
10-21 15:12:54.106 17593 17617 I DynamiteModule: Considering local module com.google.android.gms.tagmanager:6 and remote module com.google.android.gms.tagmanager:217
10-21 15:12:54.108 17593 17617 I DynamiteModule: Selected remote version of com.google.android.gms.tagmanager, version >= 217
10-21 15:12:54.125   956  1606 W GnssLocationProvider: Invalid size of GpsSvStatus found: 0.
10-21 15:12:54.251 17593 17617 W System  : ClassLoader referenced unknown path: /data/user_de/0/com.google.android.gms/app_chimera/m/00000051/n/armeabi-v7a
10-21 15:12:54.251 17593 17617 W System  : ClassLoader referenced unknown path: /data/user_de/0/com.google.android.gms/app_chimera/m/00000051/n/armeabi
10-21 15:12:54.405 17593 17617 W GoogleTagManager: No container asset found in /assets/containers. Checking top level /assets directory for container assets.
10-21 15:12:54.407 17593 17617 W GoogleTagManager: Tag Manager's event handler WILL NOT be installed (no container loaded)
10-21 15:12:54.407 17593 17617 I GoogleTagManager: Tag Manager initialization took 5ms
10-21 15:12:54.412 17593 17617 D Snap-Debug: Calls to checkObjectForPII :31100
10-21 15:12:54.497 17593 17593 D Snap-Debug: Calls to checkObjectForPII :31200
10-21 15:12:54.535 17593 17593 D Snap-Debug: Calls to checkObjectForPII :31300
10-21 15:12:54.575  1612 17526 W NetworkScheduler: Error inserting service_kind=0 source=16 tag=Measurement.PackageMeasurementTaskService.UPLOAD_TASK_TAG target_package=com.google.android.gms requires_charging=0 source_version=244134000 required_network_type=0 flex_time=3592000 persistence_level=1 target_class=com.google.android.gms.measurement.PackageMeasurementTaskService runtime=1729541574571 retry_strategy={"maximum_backoff_seconds":{"3600":0},"initial_backoff_seconds":{"30":0},"retry_policy":{"0":0}} preferred_network_type=1 required_idleness_state=0 preferred_charging_state=1 period=7185000 last_runtime=0 task_type=0 job_id=-1 user_id=0 [CONTEXT service_id=218 ]
10-21 15:12:54.575  1612 17526 W NetworkScheduler: android.database.sqlite.SQLiteConstraintException: UNIQUE constraint failed: pending_ops.tag, pending_ops.target_class, pending_ops.target_package, pending_ops.user_id (code 2067)
10-21 15:12:54.575  1612 17526 W NetworkScheduler: 	at android.database.sqlite.SQLiteConnection.nativeExecuteForLastInsertedRowId(Native Method)
10-21 15:12:54.575  1612 17526 W NetworkScheduler: 	at android.database.sqlite.SQLiteConnection.executeForLastInsertedRowId(SQLiteConnection.java:782)
10-21 15:12:54.575  1612 17526 W NetworkScheduler: 	at android.database.sqlite.SQLiteSession.executeForLastInsertedRowId(SQLiteSession.java:788)
10-21 15:12:54.575  1612 17526 W NetworkScheduler: 	at android.database.sqlite.SQLiteStatement.executeInsert(SQLiteStatement.java:86)
10-21 15:12:54.575  1612 17526 W NetworkScheduler: 	at android.database.sqlite.SQLiteDatabase.insertWithOnConflict(SQLiteDatabase.java:1474)
10-21 15:12:54.575  1612 17526 W NetworkScheduler: 	at android.database.sqlite.SQLiteDatabase.insertOrThrow(SQLiteDatabase.java:1369)
10-21 15:12:54.575  1612 17526 W NetworkScheduler: 	at covu.d(:com.google.android.gms@244134000@24.41.34 (040300-685836814):729)
10-21 15:12:54.575  1612 17526 W NetworkScheduler: 	at cotg.n(:com.google.android.gms@244134000@24.41.34 (040300-685836814):29)
10-21 15:12:54.575  1612 17526 W NetworkScheduler: 	at cotg.u(:com.google.android.gms@244134000@24.41.34 (040300-685836814):360)
10-21 15:12:54.575  1612 17526 W NetworkScheduler: 	at cotg.h(:com.google.android.gms@244134000@24.41.34 (040300-685836814):51)
10-21 15:12:54.575  1612 17526 W NetworkScheduler: 	at conw.run(:com.google.android.gms@244134000@24.41.34 (040300-685836814):72)
10-21 15:12:54.575  1612 17526 W NetworkScheduler: 	at anzg.c(:com.google.android.gms@244134000@24.41.34 (040300-685836814):50)
10-21 15:12:54.575  1612 17526 W NetworkScheduler: 	at anzg.run(:com.google.android.gms@244134000@24.41.34 (040300-685836814):76)
10-21 15:12:54.575  1612 17526 W NetworkScheduler: 	at java.util.concurrent.ThreadPoolExecutor.runWorker(ThreadPoolExecutor.java:1133)
10-21 15:12:54.575  1612 17526 W NetworkScheduler: 	at java.util.concurrent.ThreadPoolExecutor$Worker.run(ThreadPoolExecutor.java:607)
10-21 15:12:54.575  1612 17526 W NetworkScheduler: 	at aoep.run(:com.google.android.gms@244134000@24.41.34 (040300-685836814):8)
10-21 15:12:54.575  1612 17526 W NetworkScheduler: 	at java.lang.Thread.run(Thread.java:761)
10-21 15:12:54.611   364   653 D audio_hw_primary: enable_snd_device: snd_device(2: speaker)
10-21 15:12:54.613   364   653 D audio_hw_primary: enable_audio_route: usecase(1) apply and update mixer path: low-latency-playback speaker
10-21 15:12:54.619 17593 17593 D Snap-Debug: Calls to checkObjectForPII :31400
10-21 15:12:55.197   956  1606 W GnssLocationProvider: Invalid size of GpsSvStatus found: 0.
10-21 15:12:55.842 17593 17593 D Snap-Debug: Calls to checkObjectForPII :31500
10-21 15:12:55.920   956  2454 I ActivityManager: START u0 {cmp=ca.passportparking.mobile.passportcanada/com.passportparking.mobile.pplibrary.activity.LoginMethodActivity (has extras)} from uid 10172 on display 0
10-21 15:12:55.928   956  1754 W InputMethodManagerService: Window already focused, ignoring focus gain of: com.android.internal.view.IInputMethodClient$Stub$Proxy@fac29ba attribute=null, token = android.os.BinderProxy@79c4bfe
10-21 15:12:55.932 17593 17617 D Snap-Debug: Calls to checkObjectForPII :31600
10-21 15:12:55.994 17593 17593 D Snap-Debug: Calls to checkObjectForPII :31700
10-21 15:12:56.114 17593 17593 D Snap-Debug: Calls to checkObjectForPII :31800
10-21 15:12:56.130 17593 17593 D Snap-Debug: Calls to checkObjectForPII :31900
10-21 15:12:56.154 17593 17593 D Snap-Debug: Calls to checkObjectForPII :32000
10-21 15:12:56.199   956  1606 W GnssLocationProvider: Invalid size of GpsSvStatus found: 0.
10-21 15:12:56.202 17593 17593 D Snap-Debug: Calls to checkObjectForPII :32100
10-21 15:12:56.292 17593 17593 D Snap-Debug: Calls to checkObjectForPII :32200
10-21 15:12:56.299 17593 17593 D Snap-Debug: Calls to checkObjectForPII :32300
10-21 15:12:56.307 17593 17632 D Snap-Debug: Calls to checkObjectForPII :32400
10-21 15:12:56.318 17593 17593 D Snap-Debug: Calls to checkObjectForPII :32500
10-21 15:12:56.354 17593 17593 D Snap-Debug: Calls to checkObjectForPII :32600
10-21 15:12:56.369 17593 17632 D Snap-Debug: Calls to checkObjectForPII :32700
10-21 15:12:56.376 17593 17593 V SlidingMenu: setting padding!
10-21 15:12:56.382 17593 17593 D Snap-Debug: Calls to checkObjectForPII :32800
10-21 15:12:56.396 17593 17593 D Snap-Debug: Calls to checkObjectForPII :32900
10-21 15:12:56.410 17593 17593 D Snap-Debug: Calls to checkObjectForPII :33000
10-21 15:12:56.449 17593 17593 D Snap-Debug: Calls to checkObjectForPII :33100
10-21 15:12:56.464 17593 17593 D Snap-Debug: Calls to checkObjectForPII :33200
10-21 15:12:56.479 17593 17593 D Snap-Debug: Calls to checkObjectForPII :33300
10-21 15:12:56.526 17593 17593 V CustomViewBehind: behind INVISIBLE
10-21 15:12:56.527 17593 17628 D Snap-Debug: Calls to checkObjectForPII :33400
10-21 15:12:56.531 17593 17628 D Snapshot: InstrumentationReport(invocation_java_signature='<android.os.Parcel: java.lang.String readString()>', invoke_id=697411, enclosing_method_name='getAdvertiserId', enclosing_class_name='Lcom/facebook/internal/AttributionIdentifiers$GoogleAdInfo;', is_arg_register=False, is_return_register=True, invocation_argument_register_index=-1, is_before_invoke=False, invocation_argument_register_name='v0', invocation_argument_register_type='Ljava/lang/String;', is_static=False);[<java.lang.String .>];b91481e8-4bfc-47ce-82b6-728c3f6bff60
10-21 15:12:56.531 17593 17628 D Snapshot: InstrumentationReport(invocation_java_signature='<com.facebook.internal.AttributionIdentifiers$GoogleAdInfo: java.lang.String getAdvertiserId()>', invoke_id=697458, enclosing_method_name='getAndroidIdViaService', enclosing_class_name='Lcom/facebook/internal/AttributionIdentifiers;', is_arg_register=False, is_return_register=True, invocation_argument_register_index=-1, is_before_invoke=False, invocation_argument_register_name='v4', invocation_argument_register_type='Ljava/lang/String;', is_static=False);[<java.lang.String .>];b91481e8-4bfc-47ce-82b6-728c3f6bff60
10-21 15:12:56.541 17593 17628 D Snapshot: InstrumentationReport(invocation_java_signature='<com.facebook.internal.AttributionIdentifiers: com.facebook.internal.AttributionIdentifiers getAndroidIdViaService(android.content.Context)>', invoke_id=697432, enclosing_method_name='getAndroidId', enclosing_class_name='Lcom/facebook/internal/AttributionIdentifiers;', is_arg_register=False, is_return_register=True, invocation_argument_register_index=-1, is_before_invoke=False, invocation_argument_register_name='v0', invocation_argument_register_type='Lcom/facebook/internal/AttributionIdentifiers;', is_static=True);[<com.facebook.internal.AttributionIdentifiers .>, <java.lang.String androidAdvertiserId>];b91481e8-4bfc-47ce-82b6-728c3f6bff60
10-21 15:12:56.542 17593 17628 D Snapshot: InstrumentationReport(invocation_java_signature='<com.facebook.internal.AttributionIdentifiers: com.facebook.internal.AttributionIdentifiers getAndroidId(android.content.Context)>', invoke_id=697465, enclosing_method_name='getAttributionIdentifiers', enclosing_class_name='Lcom/facebook/internal/AttributionIdentifiers;', is_arg_register=False, is_return_register=True, invocation_argument_register_index=-1, is_before_invoke=False, invocation_argument_register_name='v7', invocation_argument_register_type='Lcom/facebook/internal/AttributionIdentifiers;', is_static=True);[<com.facebook.internal.AttributionIdentifiers .>, <java.lang.String androidAdvertiserId>];b91481e8-4bfc-47ce-82b6-728c3f6bff60
10-21 15:12:56.548 17593 17628 D Snapshot: InstrumentationReport(invocation_java_signature='<com.facebook.internal.AttributionIdentifiers: com.facebook.internal.AttributionIdentifiers cacheAndReturnIdentifiers(com.facebook.internal.AttributionIdentifiers)>', invoke_id=697470, enclosing_method_name='getAttributionIdentifiers', enclosing_class_name='Lcom/facebook/internal/AttributionIdentifiers;', is_arg_register=False, is_return_register=True, invocation_argument_register_index=-1, is_before_invoke=False, invocation_argument_register_name='v0', invocation_argument_register_type='Lcom/facebook/internal/AttributionIdentifiers;', is_static=True);[<com.facebook.internal.AttributionIdentifiers .>, <java.lang.String androidAdvertiserId>];b91481e8-4bfc-47ce-82b6-728c3f6bff60
10-21 15:12:56.550 17593 17628 D Snapshot: InstrumentationReport(invocation_java_signature='<com.facebook.internal.AttributionIdentifiers: com.facebook.internal.AttributionIdentifiers getAttributionIdentifiers(android.content.Context)>', invoke_id=692390, enclosing_method_name='getSessionEventsState', enclosing_class_name='Lcom/facebook/appevents/AppEventCollection;', is_arg_register=False, is_return_register=True, invocation_argument_register_index=-1, is_before_invoke=False, invocation_argument_register_name='v2', invocation_argument_register_type='Lcom/facebook/internal/AttributionIdentifiers;', is_static=True);[<com.facebook.internal.AttributionIdentifiers .>, <java.lang.String androidAdvertiserId>];b91481e8-4bfc-47ce-82b6-728c3f6bff60
10-21 15:12:56.564   956   976 I ActivityManager: Displayed ca.passportparking.mobile.passportcanada/com.passportparking.mobile.pplibrary.activity.LoginMethodActivity: +634ms
10-21 15:12:56.959   348   348 W SurfaceFlinger: couldn't log to binary event log: overflow.
10-21 15:12:57.196   956  1606 W GnssLocationProvider: Invalid size of GpsSvStatus found: 0.
10-21 15:12:58.200   956  1606 W GnssLocationProvider: Invalid size of GpsSvStatus found: 0.
10-21 15:12:58.501   956  1801 I ActivityManager: START u0 {cmp=ca.passportparking.mobile.passportcanada/com.passportparking.mobile.pplibrary.activity.EmailVerificationActivity (has extras)} from uid 10172 on display 0
10-21 15:12:58.511 17593 17617 D Snap-Debug: Calls to checkObjectForPII :33500
10-21 15:12:58.570 17593 17593 D Snap-Debug: Calls to checkObjectForPII :33600
10-21 15:12:58.675 17593 17593 D Snap-Debug: Calls to checkObjectForPII :33700
10-21 15:12:58.692 17593 17593 D Snap-Debug: Calls to checkObjectForPII :33800
10-21 15:12:58.716 17593 17593 D Snap-Debug: Calls to checkObjectForPII :33900
10-21 15:12:58.791 17593 17593 D Snap-Debug: Calls to checkObjectForPII :34000
10-21 15:12:58.802 17593 17593 D Snap-Debug: Calls to checkObjectForPII :34100
10-21 15:12:58.845 17593 17632 D Snap-Debug: Calls to checkObjectForPII :34200
10-21 15:12:58.861 17593 17593 D Snap-Debug: Calls to checkObjectForPII :34300
10-21 15:12:58.867 17593 17593 D Snap-Debug: Calls to checkObjectForPII :34400
10-21 15:12:58.876 17593 17593 D Snap-Debug: Calls to checkObjectForPII :34500
10-21 15:12:58.891 17593 17593 V SlidingMenu: setting padding!
10-21 15:12:58.891 17593 17632 D Snap-Debug: Calls to checkObjectForPII :34600
10-21 15:12:58.911 17593 17593 D Snap-Debug: Calls to checkObjectForPII :34700
10-21 15:12:58.929 17593 17593 D Snap-Debug: Calls to checkObjectForPII :34800
10-21 15:12:58.987 17593 17593 D Snap-Debug: Calls to checkObjectForPII :34900
10-21 15:12:59.001 17593 17593 D Snap-Debug: Calls to checkObjectForPII :35000
10-21 15:12:59.016 17593 17593 D Snap-Debug: Calls to checkObjectForPII :35100
10-21 15:12:59.034 17593 17593 D Snap-Debug: Calls to checkObjectForPII :35200
10-21 15:12:59.039 17593 17593 V CustomViewBehind: behind INVISIBLE
10-21 15:12:59.068  2149  2149 D BoundBrokerSvc: onUnbind: Intent { act=com.google.firebase.auth.api.gms.service.START pkg=com.google.android.gms }
10-21 15:12:59.077   956   976 I ActivityManager: Displayed ca.passportparking.mobile.passportcanada/com.passportparking.mobile.pplibrary.activity.EmailVerificationActivity: +566ms
10-21 15:12:59.199   956  1606 W GnssLocationProvider: Invalid size of GpsSvStatus found: 0.
10-21 15:12:59.459   348   348 W SurfaceFlinger: couldn't log to binary event log: overflow.
10-21 15:12:59.909  1465  1465 I chatty  : uid=10080(com.google.android.inputmethod.latin) expire 220 lines
10-21 15:12:59.954  1465  5048 I chatty  : uid=10080(com.google.android.inputmethod.latin) voice-control-1 expire 2 lines
10-21 15:13:00.004  1465  1465 W ResourceType: For resource 0x7f150a50, entry index(2640) is beyond type entryCount(347)
10-21 15:13:00.004  1465  1465 W ResourceType: For resource 0x7f150a51, entry index(2641) is beyond type entryCount(347)
10-21 15:13:00.005  1465  1465 W ResourceType: For resource 0x7f150a51, entry index(2641) is beyond type entryCount(347)
10-21 15:13:00.005  1465  1465 W ResourceType: For resource 0x7f150a51, entry index(2641) is beyond type entryCount(347)
10-21 15:13:00.005  1465  1465 W ResourceType: For resource 0x7f150a51, entry index(2641) is beyond type entryCount(347)
10-21 15:13:00.005  1465  1465 W ResourceType: For resource 0x7f150954, entry index(2388) is beyond type entryCount(347)
10-21 15:13:00.005  1465  1465 W ResourceType: For resource 0x7f150952, entry index(2386) is beyond type entryCount(347)
10-21 15:13:00.005  1465  1465 W ResourceType: For resource 0x7f150a72, entry index(2674) is beyond type entryCount(347)
10-21 15:13:00.005  1465  1465 W ResourceType: For resource 0x7f15083b, entry index(2107) is beyond type entryCount(347)
10-21 15:13:00.005  1465  1465 W ResourceType: For resource 0x7f15095b, entry index(2395) is beyond type entryCount(347)
10-21 15:13:00.005  1465  1465 W ResourceType: For resource 0x7f15095c, entry index(2396) is beyond type entryCount(347)
10-21 15:13:00.005  1465  1465 W ResourceType: For resource 0x7f150973, entry index(2419) is beyond type entryCount(347)
10-21 15:13:00.005  1465  1465 W ResourceType: For resource 0x7f150aaf, entry index(2735) is beyond type entryCount(347)
10-21 15:13:00.005  1465  1465 W ResourceType: For resource 0x7f150748, entry index(1864) is beyond type entryCount(347)
10-21 15:13:00.005  1465  1465 W ResourceType: For resource 0x7f150aad, entry index(2733) is beyond type entryCount(347)
10-21 15:13:00.005  1465  1465 W ResourceType: For resource 0x7f150a74, entry index(2676) is beyond type entryCount(347)
10-21 15:13:00.005  1465  1465 W ResourceType: For resource 0x7f150971, entry index(2417) is beyond type entryCount(347)
10-21 15:13:00.005  1465  1465 W ResourceType: For resource 0x7f150982, entry index(2434) is beyond type entryCount(347)
10-21 15:13:00.005  1465  1465 W ResourceType: For resource 0x7f15095a, entry index(2394) is beyond type entryCount(347)
10-21 15:13:00.005  1465  1465 W ResourceType: For resource 0x7f150a75, entry index(2677) is beyond type entryCount(347)
10-21 15:13:00.005  1465  1465 W ResourceType: For resource 0x7f1506ce, entry index(1742) is beyond type entryCount(347)
10-21 15:13:00.005  1465  1465 W ResourceType: For resource 0x7f1506f1, entry index(1777) is beyond type entryCount(347)
10-21 15:13:00.005  1465  1465 W ResourceType: For resource 0x7f1506d0, entry index(1744) is beyond type entryCount(347)
10-21 15:13:00.005  1465  1465 W ResourceType: For resource 0x7f1506f1, entry index(1777) is beyond type entryCount(347)
10-21 15:13:00.005  1465  1465 W ResourceType: For resource 0x7f150677, entry index(1655) is beyond type entryCount(347)
10-21 15:13:00.005  1465  1465 W ResourceType: For resource 0x7f150660, entry index(1632) is beyond type entryCount(347)
10-21 15:13:00.005  1465  1465 W ResourceType: For resource 0x7f150661, entry index(1633) is beyond type entryCount(347)
10-21 15:13:00.005  1465  1465 W ResourceType: For resource 0x7f1506ce, entry index(1742) is beyond type entryCount(347)
10-21 15:13:00.005  1465  1465 W ResourceType: For resource 0x7f15098b, entry index(2443) is beyond type entryCount(347)
10-21 15:13:00.005  1465  1465 W ResourceType: For resource 0x7f150ace, entry index(2766) is beyond type entryCount(347)
10-21 15:13:00.005  1465  1465 W ResourceType: For resource 0x7f0805a4, entry index(1444) is beyond type entryCount(1393)
10-21 15:13:00.007  1465  1465 W ResourceType: For resource 0x7f15087d, entry index(2173) is beyond type entryCount(347)
10-21 15:13:00.007  1465  1465 W ResourceType: For resource 0x7f150a96, entry index(2710) is beyond type entryCount(347)
10-21 15:13:00.007  1465  1465 W ResourceType: For resource 0x7f150a96, entry index(2710) is beyond type entryCount(347)
10-21 15:13:00.007  1465  1465 W ResourceType: For resource 0x7f150960, entry index(2400) is beyond type entryCount(347)
10-21 15:13:00.007  1465  1465 W ResourceType: For resource 0x7f150964, entry index(2404) is beyond type entryCount(347)
10-21 15:13:00.007  1465  1465 W ResourceType: For resource 0x7f150962, entry index(2402) is beyond type entryCount(347)
10-21 15:13:00.007  1465  1465 W ResourceType: For resource 0x7f150836, entry index(2102) is beyond type entryCount(347)
10-21 15:13:00.007  1465  1465 W ResourceType: For resource 0x7f150972, entry index(2418) is beyond type entryCount(347)
10-21 15:13:00.007  1465  1465 W ResourceType: For resource 0x7f150949, entry index(2377) is beyond type entryCount(347)
10-21 15:13:00.007  1465  1465 W ResourceType: For resource 0x7f150a35, entry index(2613) is beyond type entryCount(347)
10-21 15:13:00.008  1465  1465 W ResourceType: For resource 0x7f150836, entry index(2102) is beyond type entryCount(347)
10-21 15:13:00.008  1465  1465 W ResourceType: For resource 0x7f150ab0, entry index(2736) is beyond type entryCount(347)
10-21 15:13:00.008  1465  1465 W ResourceType: For resource 0x7f15094c, entry index(2380) is beyond type entryCount(347)
10-21 15:13:00.008  1465  1465 W ResourceType: For resource 0x7f150874, entry index(2164) is beyond type entryCount(347)
10-21 15:13:00.008  1465  1465 W ResourceType: For resource 0x7f15094d, entry index(2381) is beyond type entryCount(347)
10-21 15:13:00.008  1465  1465 W ResourceType: For resource 0x7f150a50, entry index(2640) is beyond type entryCount(347)
10-21 15:13:00.008  1465  1465 W ResourceType: For resource 0x7f150a51, entry index(2641) is beyond type entryCount(347)
10-21 15:13:00.008  1465  1465 W ResourceType: For resource 0x7f150a51, entry index(2641) is beyond type entryCount(347)
10-21 15:13:00.008  1465  1465 W ResourceType: For resource 0x7f150a51, entry index(2641) is beyond type entryCount(347)
10-21 15:13:00.008  1465  1465 W ResourceType: For resource 0x7f150a51, entry index(2641) is beyond type entryCount(347)
10-21 15:13:00.008  1465  1465 W ResourceType: For resource 0x7f150954, entry index(2388) is beyond type entryCount(347)
10-21 15:13:00.008  1465  1465 W ResourceType: For resource 0x7f150952, entry index(2386) is beyond type entryCount(347)
10-21 15:13:00.008  1465  1465 W ResourceType: For resource 0x7f150a72, entry index(2674) is beyond type entryCount(347)
10-21 15:13:00.008  1465  1465 W ResourceType: For resource 0x7f15083b, entry index(2107) is beyond type entryCount(347)
10-21 15:13:00.008  1465  1465 W ResourceType: For resource 0x7f15095b, entry index(2395) is beyond type entryCount(347)
10-21 15:13:00.008  1465  1465 W ResourceType: For resource 0x7f15095c, entry index(2396) is beyond type entryCount(347)
10-21 15:13:00.008  1465  1465 W ResourceType: For resource 0x7f150973, entry index(2419) is beyond type entryCount(347)
10-21 15:13:00.008  1465  1465 W ResourceType: For resource 0x7f150aaf, entry index(2735) is beyond type entryCount(347)
10-21 15:13:00.008  1465  1465 W ResourceType: For resource 0x7f150748, entry index(1864) is beyond type entryCount(347)
10-21 15:13:00.008  1465  1465 W ResourceType: For resource 0x7f150aad, entry index(2733) is beyond type entryCount(347)
10-21 15:13:00.008  1465  1465 W ResourceType: For resource 0x7f150a74, entry index(2676) is beyond type entryCount(347)
10-21 15:13:00.008  1465  1465 W ResourceType: For resource 0x7f150971, entry index(2417) is beyond type entryCount(347)
10-21 15:13:00.008  1465  1465 W ResourceType: For resource 0x7f150982, entry index(2434) is beyond type entryCount(347)
10-21 15:13:00.008  1465  1465 W ResourceType: For resource 0x7f15095a, entry index(2394) is beyond type entryCount(347)
10-21 15:13:00.008  1465  1465 W ResourceType: For resource 0x7f150a75, entry index(2677) is beyond type entryCount(347)
10-21 15:13:00.008  1465  1465 W ResourceType: For resource 0x7f1506ce, entry index(1742) is beyond type entryCount(347)
10-21 15:13:00.008  1465  1465 W ResourceType: For resource 0x7f1506f1, entry index(1777) is beyond type entryCount(347)
10-21 15:13:00.008  1465  1465 W ResourceType: For resource 0x7f1506d0, entry index(1744) is beyond type entryCount(347)
10-21 15:13:00.008  1465  1465 W ResourceType: For resource 0x7f1506f1, entry index(1777) is beyond type entryCount(347)
10-21 15:13:00.009  1465  1465 W ResourceType: For resource 0x7f150677, entry index(1655) is beyond type entryCount(347)
10-21 15:13:00.009  1465  1465 W ResourceType: For resource 0x7f150660, entry index(1632) is beyond type entryCount(347)
10-21 15:13:00.009  1465  1465 W ResourceType: For resource 0x7f150661, entry index(1633) is beyond type entryCount(347)
10-21 15:13:00.009  1465  1465 W ResourceType: For resource 0x7f1506ce, entry index(1742) is beyond type entryCount(347)
10-21 15:13:00.009  1465  1465 W ResourceType: For resource 0x7f15098b, entry index(2443) is beyond type entryCount(347)
10-21 15:13:00.009  1465  1465 W ResourceType: For resource 0x7f150ace, entry index(2766) is beyond type entryCount(347)
10-21 15:13:00.009  1465  1465 W ResourceType: For resource 0x7f0805a4, entry index(1444) is beyond type entryCount(1393)
10-21 15:13:00.010  1465  1465 W ResourceType: For resource 0x7f15087d, entry index(2173) is beyond type entryCount(347)
10-21 15:13:00.010  1465  1465 W ResourceType: For resource 0x7f150a96, entry index(2710) is beyond type entryCount(347)
10-21 15:13:00.010  1465  1465 W ResourceType: For resource 0x7f150a96, entry index(2710) is beyond type entryCount(347)
10-21 15:13:00.010  1465  1465 W ResourceType: For resource 0x7f150960, entry index(2400) is beyond type entryCount(347)
10-21 15:13:00.010  1465  1465 W ResourceType: For resource 0x7f150964, entry index(2404) is beyond type entryCount(347)
10-21 15:13:00.010  1465  1465 W ResourceType: For resource 0x7f150962, entry index(2402) is beyond type entryCount(347)
10-21 15:13:00.010  1465  1465 W ResourceType: For resource 0x7f150836, entry index(2102) is beyond type entryCount(347)
10-21 15:13:00.010  1465  1465 W ResourceType: For resource 0x7f150972, entry index(2418) is beyond type entryCount(347)
10-21 15:13:00.010  1465  1465 W ResourceType: For resource 0x7f150949, entry index(2377) is beyond type entryCount(347)
10-21 15:13:00.010  1465  1465 W ResourceType: For resource 0x7f150a35, entry index(2613) is beyond type entryCount(347)
10-21 15:13:00.010  1465  1465 W ResourceType: For resource 0x7f150836, entry index(2102) is beyond type entryCount(347)
10-21 15:13:00.010  1465  1465 W ResourceType: For resource 0x7f150ab0, entry index(2736) is beyond type entryCount(347)
10-21 15:13:00.010  1465  1465 W ResourceType: For resource 0x7f15094c, entry index(2380) is beyond type entryCount(347)
10-21 15:13:00.010  1465  1465 W ResourceType: For resource 0x7f150874, entry index(2164) is beyond type entryCount(347)
10-21 15:13:00.010  1465  1465 W ResourceType: For resource 0x7f15094d, entry index(2381) is beyond type entryCount(347)
10-21 15:13:00.010  1465  1465 W ResourceType: For resource 0x7f150a50, entry index(2640) is beyond type entryCount(347)
10-21 15:13:00.010  1465  1465 W ResourceType: For resource 0x7f150a51, entry index(2641) is beyond type entryCount(347)
10-21 15:13:00.010  1465  1465 W ResourceType: For resource 0x7f150a51, entry index(2641) is beyond type entryCount(347)
10-21 15:13:00.010  1465  1465 W ResourceType: For resource 0x7f150a51, entry index(2641) is beyond type entryCount(347)
10-21 15:13:00.010  1465  1465 W ResourceType: For resource 0x7f150a51, entry index(2641) is beyond type entryCount(347)
10-21 15:13:00.010  1465  1465 W ResourceType: For resource 0x7f150954, entry index(2388) is beyond type entryCount(347)
10-21 15:13:00.010  1465  1465 W ResourceType: For resource 0x7f150952, entry index(2386) is beyond type entryCount(347)
10-21 15:13:00.010  1465  1465 W ResourceType: For resource 0x7f150a72, entry index(2674) is beyond type entryCount(347)
10-21 15:13:00.010  1465  1465 W ResourceType: For resource 0x7f15083b, entry index(2107) is beyond type entryCount(347)
10-21 15:13:00.010  1465  1465 W ResourceType: For resource 0x7f15095b, entry index(2395) is beyond type entryCount(347)
10-21 15:13:00.010  1465  1465 W ResourceType: For resource 0x7f15095c, entry index(2396) is beyond type entryCount(347)
10-21 15:13:00.010  1465  1465 W ResourceType: For resource 0x7f150973, entry index(2419) is beyond type entryCount(347)
10-21 15:13:00.010  1465  1465 W ResourceType: For resource 0x7f150aaf, entry index(2735) is beyond type entryCount(347)
10-21 15:13:00.010  1465  1465 W ResourceType: For resource 0x7f150748, entry index(1864) is beyond type entryCount(347)
10-21 15:13:00.011  1465  1465 W ResourceType: For resource 0x7f150aad, entry index(2733) is beyond type entryCount(347)
10-21 15:13:00.011  1465  1465 W ResourceType: For resource 0x7f150a74, entry index(2676) is beyond type entryCount(347)
10-21 15:13:00.011  1465  1465 W ResourceType: For resource 0x7f150971, entry index(2417) is beyond type entryCount(347)
10-21 15:13:00.011  1465  1465 W ResourceType: For resource 0x7f150982, entry index(2434) is beyond type entryCount(347)
10-21 15:13:00.011  1465  1465 W ResourceType: For resource 0x7f15095a, entry index(2394) is beyond type entryCount(347)
10-21 15:13:00.011  1465  1465 W ResourceType: For resource 0x7f150a75, entry index(2677) is beyond type entryCount(347)
10-21 15:13:00.011  1465  1465 W ResourceType: For resource 0x7f1506ce, entry index(1742) is beyond type entryCount(347)
10-21 15:13:00.011  1465  1465 W ResourceType: For resource 0x7f1506f1, entry index(1777) is beyond type entryCount(347)
10-21 15:13:00.011  1465  1465 W ResourceType: For resource 0x7f1506d0, entry index(1744) is beyond type entryCount(347)
10-21 15:13:00.011  1465  1465 W ResourceType: For resource 0x7f1506f1, entry index(1777) is beyond type entryCount(347)
10-21 15:13:00.011  1465  1465 W ResourceType: For resource 0x7f150677, entry index(1655) is beyond type entryCount(347)
10-21 15:13:00.011  1465  1465 W ResourceType: For resource 0x7f150660, entry index(1632) is beyond type entryCount(347)
10-21 15:13:00.011  1465  1465 W ResourceType: For resource 0x7f150661, entry index(1633) is beyond type entryCount(347)
10-21 15:13:00.011  1465  1465 W ResourceType: For resource 0x7f1506ce, entry index(1742) is beyond type entryCount(347)
10-21 15:13:00.011  1465  1465 W ResourceType: For resource 0x7f15098b, entry index(2443) is beyond type entryCount(347)
10-21 15:13:00.011  1465  1465 W ResourceType: For resource 0x7f150ace, entry index(2766) is beyond type entryCount(347)
10-21 15:13:00.011  1465  1465 W ResourceType: For resource 0x7f0805a4, entry index(1444) is beyond type entryCount(1393)
10-21 15:13:00.012  1465  1465 W ResourceType: For resource 0x7f15087d, entry index(2173) is beyond type entryCount(347)
10-21 15:13:00.012  1465  1465 W ResourceType: For resource 0x7f150a96, entry index(2710) is beyond type entryCount(347)
10-21 15:13:00.012  1465  1465 W ResourceType: For resource 0x7f150a96, entry index(2710) is beyond type entryCount(347)
10-21 15:13:00.012  1465  1465 W ResourceType: For resource 0x7f150960, entry index(2400) is beyond type entryCount(347)
10-21 15:13:00.012  1465  1465 W ResourceType: For resource 0x7f150964, entry index(2404) is beyond type entryCount(347)
10-21 15:13:00.012  1465  1465 W ResourceType: For resource 0x7f150962, entry index(2402) is beyond type entryCount(347)
10-21 15:13:00.012  1465  1465 W ResourceType: For resource 0x7f150836, entry index(2102) is beyond type entryCount(347)
10-21 15:13:00.012  1465  1465 W ResourceType: For resource 0x7f150972, entry index(2418) is beyond type entryCount(347)
10-21 15:13:00.012  1465  1465 W ResourceType: For resource 0x7f150949, entry index(2377) is beyond type entryCount(347)
10-21 15:13:00.012  1465  1465 W ResourceType: For resource 0x7f150a35, entry index(2613) is beyond type entryCount(347)
10-21 15:13:00.012  1465  1465 W ResourceType: For resource 0x7f150836, entry index(2102) is beyond type entryCount(347)
10-21 15:13:00.012  1465  1465 W ResourceType: For resource 0x7f150ab0, entry index(2736) is beyond type entryCount(347)
10-21 15:13:00.012  1465  1465 W ResourceType: For resource 0x7f15094c, entry index(2380) is beyond type entryCount(347)
10-21 15:13:00.012  1465  1465 W ResourceType: For resource 0x7f150874, entry index(2164) is beyond type entryCount(347)
10-21 15:13:00.012  1465  1465 W ResourceType: For resource 0x7f15094d, entry index(2381) is beyond type entryCount(347)
10-21 15:13:00.012  1465  1465 W ResourceType: For resource 0x7f150a50, entry index(2640) is beyond type entryCount(347)
10-21 15:13:00.012  1465  1465 W ResourceType: For resource 0x7f150a51, entry index(2641) is beyond type entryCount(347)
10-21 15:13:00.012  1465  1465 W ResourceType: For resource 0x7f150a51, entry index(2641) is beyond type entryCount(347)
10-21 15:13:00.012  1465  1465 W ResourceType: For resource 0x7f150a51, entry index(2641) is beyond type entryCount(347)
10-21 15:13:00.012  1465  1465 W ResourceType: For resource 0x7f150a51, entry index(2641) is beyond type entryCount(347)
10-21 15:13:00.012  1465  1465 W ResourceType: For resource 0x7f150954, entry index(2388) is beyond type entryCount(347)
10-21 15:13:00.012  1465  1465 W ResourceType: For resource 0x7f150952, entry index(2386) is beyond type entryCount(347)
10-21 15:13:00.013  1465  1465 W ResourceType: For resource 0x7f150a72, entry index(2674) is beyond type entryCount(347)
10-21 15:13:00.013  1465  1465 W ResourceType: For resource 0x7f15083b, entry index(2107) is beyond type entryCount(347)
10-21 15:13:00.013  1465  1465 W ResourceType: For resource 0x7f15095b, entry index(2395) is beyond type entryCount(347)
10-21 15:13:00.013  1465  1465 W ResourceType: For resource 0x7f15095c, entry index(2396) is beyond type entryCount(347)
10-21 15:13:00.013  1465  1465 W ResourceType: For resource 0x7f150973, entry index(2419) is beyond type entryCount(347)
10-21 15:13:00.013  1465  1465 W ResourceType: For resource 0x7f150aaf, entry index(2735) is beyond type entryCount(347)
10-21 15:13:00.013  1465  1465 W ResourceType: For resource 0x7f150748, entry index(1864) is beyond type entryCount(347)
10-21 15:13:00.013  1465  1465 W ResourceType: For resource 0x7f150aad, entry index(2733) is beyond type entryCount(347)
10-21 15:13:00.013  1465  1465 W ResourceType: For resource 0x7f150a74, entry index(2676) is beyond type entryCount(347)
10-21 15:13:00.013  1465  1465 W ResourceType: For resource 0x7f150971, entry index(2417) is beyond type entryCount(347)
10-21 15:13:00.013  1465  1465 W ResourceType: For resource 0x7f150982, entry index(2434) is beyond type entryCount(347)
10-21 15:13:00.013  1465  1465 W ResourceType: For resource 0x7f15095a, entry index(2394) is beyond type entryCount(347)
10-21 15:13:00.013  1465  1465 W ResourceType: For resource 0x7f150a75, entry index(2677) is beyond type entryCount(347)
10-21 15:13:00.013  1465  1465 W ResourceType: For resource 0x7f1506ce, entry index(1742) is beyond type entryCount(347)
10-21 15:13:00.013  1465  1465 W ResourceType: For resource 0x7f1506f1, entry index(1777) is beyond type entryCount(347)
10-21 15:13:00.013  1465  1465 W ResourceType: For resource 0x7f1506d0, entry index(1744) is beyond type entryCount(347)
10-21 15:13:00.013  1465  1465 W ResourceType: For resource 0x7f1506f1, entry index(1777) is beyond type entryCount(347)
10-21 15:13:00.013  1465  1465 W ResourceType: For resource 0x7f150677, entry index(1655) is beyond type entryCount(347)
10-21 15:13:00.013  1465  1465 W ResourceType: For resource 0x7f150660, entry index(1632) is beyond type entryCount(347)
10-21 15:13:00.013  1465  1465 W ResourceType: For resource 0x7f150661, entry index(1633) is beyond type entryCount(347)
10-21 15:13:00.013  1465  1465 W ResourceType: For resource 0x7f1506ce, entry index(1742) is beyond type entryCount(347)
10-21 15:13:00.013  1465  1465 W ResourceType: For resource 0x7f15098b, entry index(2443) is beyond type entryCount(347)
10-21 15:13:00.013  1465  1465 W ResourceType: For resource 0x7f150ace, entry index(2766) is beyond type entryCount(347)
10-21 15:13:00.013  1465  1465 W ResourceType: For resource 0x7f0805a4, entry index(1444) is beyond type entryCount(1393)
10-21 15:13:00.014  1465  1465 W ResourceType: For resource 0x7f15087d, entry index(2173) is beyond type entryCount(347)
10-21 15:13:00.014  1465  1465 W ResourceType: For resource 0x7f150a96, entry index(2710) is beyond type entryCount(347)
10-21 15:13:00.014  1465  1465 W ResourceType: For resource 0x7f150a96, entry index(2710) is beyond type entryCount(347)
10-21 15:13:00.014  1465  1465 W ResourceType: For resource 0x7f150960, entry index(2400) is beyond type entryCount(347)
10-21 15:13:00.014  1465  1465 W ResourceType: For resource 0x7f150964, entry index(2404) is beyond type entryCount(347)
10-21 15:13:00.014  1465  1465 W ResourceType: For resource 0x7f150962, entry index(2402) is beyond type entryCount(347)
10-21 15:13:00.014  1465  1465 W ResourceType: For resource 0x7f150836, entry index(2102) is beyond type entryCount(347)
10-21 15:13:00.014  1465  1465 W ResourceType: For resource 0x7f150972, entry index(2418) is beyond type entryCount(347)
10-21 15:13:00.014  1465  1465 W ResourceType: For resource 0x7f150949, entry index(2377) is beyond type entryCount(347)
10-21 15:13:00.015  1465  1465 W ResourceType: For resource 0x7f150a35, entry index(2613) is beyond type entryCount(347)
10-21 15:13:00.015  1465  1465 W ResourceType: For resource 0x7f150836, entry index(2102) is beyond type entryCount(347)
10-21 15:13:00.015  1465  1465 W ResourceType: For resource 0x7f150ab0, entry index(2736) is beyond type entryCount(347)
10-21 15:13:00.015  1465  1465 W ResourceType: For resource 0x7f15094c, entry index(2380) is beyond type entryCount(347)
10-21 15:13:00.015  1465  1465 W ResourceType: For resource 0x7f150874, entry index(2164) is beyond type entryCount(347)
10-21 15:13:00.015  1465  1465 W ResourceType: For resource 0x7f15094d, entry index(2381) is beyond type entryCount(347)
10-21 15:13:00.015  1465  1465 W ResourceType: For resource 0x7f150a50, entry index(2640) is beyond type entryCount(347)
10-21 15:13:00.015  1465  1465 W ResourceType: For resource 0x7f150a51, entry index(2641) is beyond type entryCount(347)
10-21 15:13:00.015  1465  1465 W ResourceType: For resource 0x7f150a51, entry index(2641) is beyond type entryCount(347)
10-21 15:13:00.015  1465  1465 W ResourceType: For resource 0x7f150a51, entry index(2641) is beyond type entryCount(347)
10-21 15:13:00.015  1465  1465 W ResourceType: For resource 0x7f150a51, entry index(2641) is beyond type entryCount(347)
10-21 15:13:00.015  1465  1465 W ResourceType: For resource 0x7f150954, entry index(2388) is beyond type entryCount(347)
10-21 15:13:00.015  1465  1465 W ResourceType: For resource 0x7f150952, entry index(2386) is beyond type entryCount(347)
10-21 15:13:00.015  1465  1465 W ResourceType: For resource 0x7f150a72, entry index(2674) is beyond type entryCount(347)
10-21 15:13:00.015  1465  1465 W ResourceType: For resource 0x7f15083b, entry index(2107) is beyond type entryCount(347)
10-21 15:13:00.015  1465  1465 W ResourceType: For resource 0x7f15095b, entry index(2395) is beyond type entryCount(347)
10-21 15:13:00.015  1465  1465 W ResourceType: For resource 0x7f15095c, entry index(2396) is beyond type entryCount(347)
10-21 15:13:00.015  1465  1465 W ResourceType: For resource 0x7f150973, entry index(2419) is beyond type entryCount(347)
10-21 15:13:00.015  1465  1465 W ResourceType: For resource 0x7f150aaf, entry index(2735) is beyond type entryCount(347)
