10-21 15:13:06.975 17593 17668 D Snap-Debug: Calls to checkObjectForPII :38400
10-21 15:13:06.984 17593 17668 D Snap-Debug: Calls to checkObjectForPII :38500
10-21 15:13:06.995 17593 17668 V Request : https://passportca.com/apps/v7/mobile/api/index.php/requestverificationcode3
10-21 15:13:06.996 17593 17668 V Method  : POST
10-21 15:13:07.196   956  1606 W GnssLocationProvider: Invalid size of GpsSvStatus found: 0.
10-21 15:13:07.659 17593 17668 D Snap-Debug: Calls to checkObjectForPII :38600
10-21 15:13:07.726 17593 17593 D Snapshot: InstrumentationReport(invocation_java_signature='<java.util.Iterator: java.lang.Object next()>', invoke_id=729155, enclosing_method_name='createBundleFromParams', enclosing_class_name='Lcom/passportparking/mobile/pplibrary/utils/Router;', is_arg_register=False, is_return_register=True, invocation_argument_register_index=-1, is_before_invoke=False, invocation_argument_register_name='v0', invocation_argument_register_type='Ljava/lang/Object;', is_static=False);[<java.util.HashMap$HashMapEntry .>, <java.lang.String value>];tester.sefm@gmail.com
10-21 15:13:07.726 17593 17593 D Snapshot: InstrumentationReport(invocation_java_signature='<java.util.Map$Entry: java.lang.Object getValue()>', invoke_id=729156, enclosing_method_name='createBundleFromParams', enclosing_class_name='Lcom/passportparking/mobile/pplibrary/utils/Router;', is_arg_register=False, is_return_register=True, invocation_argument_register_index=-1, is_before_invoke=False, invocation_argument_register_name='v1', invocation_argument_register_type='Ljava/lang/Object;', is_static=False);[<java.lang.String .>];tester.sefm@gmail.com
10-21 15:13:07.727 17593 17593 D Snapshot: InstrumentationReport(invocation_java_signature='<java.util.Map$Entry: java.lang.Object getValue()>', invoke_id=729158, enclosing_method_name='createBundleFromParams', enclosing_class_name='Lcom/passportparking/mobile/pplibrary/utils/Router;', is_arg_register=False, is_return_register=True, invocation_argument_register_index=-1, is_before_invoke=False, invocation_argument_register_name='v0', invocation_argument_register_type='Ljava/lang/Object;', is_static=False);[<java.lang.String .>];tester.sefm@gmail.com
10-21 15:13:07.729   956  2132 I ActivityManager: START u0 {cmp=ca.passportparking.mobile.passportcanada/com.passportparking.mobile.pplibrary.activity.CodeVerificationActivity (has extras)} from uid 10172 on display 0
10-21 15:13:07.738   956   966 W InputMethodManagerService: Window already focused, ignoring focus gain of: com.android.internal.view.IInputMethodClient$Stub$Proxy@83ecf22 attribute=null, token = android.os.BinderProxy@10893f
10-21 15:13:07.742 17593 17617 D Snap-Debug: Calls to checkObjectForPII :38700
10-21 15:13:07.823 17593 17593 D Snap-Debug: Calls to checkObjectForPII :38800
10-21 15:13:07.910 17593 17593 D Snap-Debug: Calls to checkObjectForPII :38900
10-21 15:13:07.929 17593 17593 D Snap-Debug: Calls to checkObjectForPII :39000
10-21 15:13:07.969   348   348 W SurfaceFlinger: couldn't log to binary event log: overflow.
10-21 15:13:07.982 17593 17593 D Snap-Debug: Calls to checkObjectForPII :39100
10-21 15:13:08.006 17593 17593 D Snap-Debug: Calls to checkObjectForPII :39200
10-21 15:13:08.009 17593 17593 D Snapshot: InstrumentationReport(invocation_java_signature='<android.os.Bundle: java.lang.String getString(java.lang.String,java.lang.String)>', invoke_id=712763, enclosing_method_name='initComponents', enclosing_class_name='Lcom/passportparking/mobile/pplibrary/activity/CodeVerificationActivity;', is_arg_register=False, is_return_register=True, invocation_argument_register_index=-1, is_before_invoke=False, invocation_argument_register_name='v2', invocation_argument_register_type='Ljava/lang/String;', is_static=False);[<java.lang.String .>];tester.sefm@gmail.com
10-21 15:13:08.009 17593 17593 D Snapshot: InstrumentationReport(invocation_java_signature='<java.lang.String: java.lang.String replace(java.lang.CharSequence,java.lang.CharSequence)>', invoke_id=712764, enclosing_method_name='initComponents', enclosing_class_name='Lcom/passportparking/mobile/pplibrary/activity/CodeVerificationActivity;', is_arg_register=False, is_return_register=True, invocation_argument_register_index=-1, is_before_invoke=False, invocation_argument_register_name='v0', invocation_argument_register_type='Ljava/lang/String;', is_static=False);[<java.lang.String .>];We just sent an email to tester.sefm@gmail.com. If you don't hear from us in about a minute or if the e-mail displayed is incorrect, please try again.
10-21 15:13:08.010 17593 17593 D Snapshot: InstrumentationReport(invocation_java_signature='<com.passportparking.mobile.pplibrary.activity.PActivity$$Lambda$8: java.lang.Runnable lambdaFactory$(android.view.View,java.lang.String)>', invoke_id=724723, enclosing_method_name='setViewText', enclosing_class_name='Lcom/passportparking/mobile/pplibrary/activity/PActivity;', is_arg_register=False, is_return_register=True, invocation_argument_register_index=-1, is_before_invoke=False, invocation_argument_register_name='v0', invocation_argument_register_type='Ljava/lang/Runnable;', is_static=True);[<com.passportparking.mobile.pplibrary.activity.PActivity$$Lambda$8 .>, <java.lang.String arg$2>];We just sent an email to tester.sefm@gmail.com. If you don't hear from us in about a minute or if the e-mail displayed is incorrect, please try again.
10-21 15:13:08.082 17593 17632 D Snap-Debug: Calls to checkObjectForPII :39300
10-21 15:13:08.091 17593 17593 D Snap-Debug: Calls to checkObjectForPII :39400
10-21 15:13:08.099 17593 17632 D Snap-Debug: Calls to checkObjectForPII :39500
10-21 15:13:08.111 17593 17593 D Snap-Debug: Calls to checkObjectForPII :39600
10-21 15:13:08.148 17593 17593 D Snap-Debug: Calls to checkObjectForPII :39700
10-21 15:13:08.157 17593 17593 V SlidingMenu: setting padding!
10-21 15:13:08.161 17593 17632 D Snap-Debug: Calls to checkObjectForPII :39800
10-21 15:13:08.168 17593 17593 D Snap-Debug: Calls to checkObjectForPII :39900
10-21 15:13:08.184 17593 17593 D Snap-Debug: Calls to checkObjectForPII :40000
10-21 15:13:08.195   956  1606 W GnssLocationProvider: Invalid size of GpsSvStatus found: 0.
10-21 15:13:08.199 17593 17593 D Snap-Debug: Calls to checkObjectForPII :40100
10-21 15:13:08.249 17593 17593 D Snap-Debug: Calls to checkObjectForPII :40200
10-21 15:13:08.271 17593 17593 D Snap-Debug: Calls to checkObjectForPII :40300
10-21 15:13:08.293 17593 17593 D Snap-Debug: Calls to checkObjectForPII :40400
10-21 15:13:08.336 17593 17593 V CustomViewBehind: behind INVISIBLE
10-21 15:13:08.420   956   976 I ActivityManager: Displayed ca.passportparking.mobile.passportcanada/com.passportparking.mobile.pplibrary.activity.CodeVerificationActivity: +675ms
10-21 15:13:08.420  1465  1465 I GoogleInputMethodServic: GoogleInputMethodService.onFinishInput():3157 
10-21 15:13:08.423  1465  1465 I GoogleInputMethodServic: GoogleInputMethodService.updateDeviceLockedStatus():2248 repeatCheckTimes = 0, locked = false
10-21 15:13:08.424  1465  1465 I GoogleInputMethodServic: GoogleInputMethodService.onStartInput():1986 onStartInput(EditorInfo{EditorInfo{packageName=ca.passportparking.mobile.passportcanada, inputType=0, inputTypeString=NULL, enableLearning=false, autoCorrection=false, autoComplete=false, imeOptions=0, privateImeOptions=null, actionName=UNSPECIFIED, actionLabel=null, initialSelStart=-1, initialSelEnd=-1, initialCapsMode=0, label=null, fieldId=2131689686, fieldName=null, extras=null, hintText=null, hintLocales=[]}}, false)
10-21 15:13:08.425  1465  1465 I GoogleInputMethodServic: GoogleInputMethodService.updateDeviceLockedStatus():2248 repeatCheckTimes = 1, locked = false
10-21 15:13:08.426  1465  1465 I AndroidIME: InputBundleManager.loadActiveInputBundleId():450 loadActiveInputBundleId: und-Latn-x-password, password
10-21 15:13:08.665   956  1436 I WifiHAL : Got channel list with 11 channels
10-21 15:13:08.667   956  1436 I WifiHAL : Got channel list with 9 channels
10-21 15:13:08.668   956  1436 I WifiHAL : Got channel list with 12 channels
10-21 15:13:08.809   348   348 W SurfaceFlinger: couldn't log to binary event log: overflow.
10-21 15:13:09.199   956  1606 W GnssLocationProvider: Invalid size of GpsSvStatus found: 0.
10-21 15:13:09.429  1612 17653 I FrewleTileCacheManagerV: (REDACTED) Fetched %d AP models from cache
10-21 15:13:09.468  1612  2242 I FusedLocation: (REDACTED) location delivery to %s blocked - too fast
10-21 15:13:09.469  1612  2242 I FusedLocation: (REDACTED) location delivery to %s blocked - too close
10-21 15:13:09.470 17593 17593 D Snap-Debug: Calls to checkObjectForPII :40500
10-21 15:13:09.471  1612  2242 I FusedLocation: (REDACTED) location delivery to %s blocked - too close
10-21 15:13:09.486 17593 17593 D Snap-Debug: Calls to checkObjectForPII :40600
10-21 15:13:09.498 17593 17593 D Snap-Debug: Calls to checkObjectForPII :40700
10-21 15:13:09.806   364   653 D audio_hw_primary: disable_audio_route: usecase(1) reset and update mixer path: low-latency-playback speaker
10-21 15:13:09.810   364   653 D audio_hw_primary: disable_snd_device: snd_device(2: speaker)
10-21 15:13:10.199   956  1606 W GnssLocationProvider: Invalid size of GpsSvStatus found: 0.
10-21 15:13:10.257  1612 17653 I AlarmManager: setExactAndAllowWhileIdle [name: GCM_HB_ALARM type: 2 triggerAtMillis: 11715869]
10-21 15:13:10.399  2149  2149 D BoundBrokerSvc: onBind: Intent { act=com.google.android.gms.semanticlocationhistory.federated.regionfetcher.RegionMddDownloadScheduleService.ACTION_TASK_READY dat=chimera-action: cmp=com.google.android.gms/.chimera.GmsInternalBoundBrokerService }
10-21 15:13:10.399  2149  2149 D BoundBrokerSvc: Loading bound service for intent: Intent { act=com.google.android.gms.semanticlocationhistory.federated.regionfetcher.RegionMddDownloadScheduleService.ACTION_TASK_READY dat=chimera-action: cmp=com.google.android.gms/.chimera.GmsInternalBoundBrokerService }
10-21 15:13:10.421  1612 17679 I NetworkScheduler.Stats: (REDACTED) Task %s/%s started execution. cause:%s exec_start_elapsed_seconds: %s
10-21 15:13:10.429   364   653 D audio_hw_primary: enable_snd_device: snd_device(2: speaker)
10-21 15:13:10.430   364   653 D audio_hw_primary: enable_audio_route: usecase(1) apply and update mixer path: low-latency-playback speaker
10-21 15:13:10.435  2149  2149 D BoundBrokerSvc: onBind: Intent { act=com.google.android.gms.semanticlocationhistory.deidentifieddata.uploads.BatchDeidentifiedDataUploadService.ACTION_TASK_READY dat=chimera-action: cmp=com.google.android.gms/.chimera.GmsInternalBoundBrokerService }
10-21 15:13:10.435  2149  2149 D BoundBrokerSvc: Loading bound service for intent: Intent { act=com.google.android.gms.semanticlocationhistory.deidentifieddata.uploads.BatchDeidentifiedDataUploadService.ACTION_TASK_READY dat=chimera-action: cmp=com.google.android.gms/.chimera.GmsInternalBoundBrokerService }
10-21 15:13:10.443  1612 17653 I NetworkScheduler.Stats: (REDACTED) Task %s/%s started execution. cause:%s exec_start_elapsed_seconds: %s
10-21 15:13:10.461  2149 14228 I LocationHistory: Account-level location setting is turned off. [CONTEXT service_id=314 ]
10-21 15:13:10.470  2149  2149 D BoundBrokerSvc: onUnbind: Intent { act=com.google.android.gms.semanticlocationhistory.federated.regionfetcher.RegionMddDownloadScheduleService.ACTION_TASK_READY dat=chimera-action: cmp=com.google.android.gms/.chimera.GmsInternalBoundBrokerService }
10-21 15:13:10.471  1612 17653 I NetworkScheduler.Stats: (REDACTED) Task %s/%s finished executing. cause:%s result: %s elapsed_millis: %s uptime_millis: %s exec_start_elapsed_seconds: %s
10-21 15:13:10.538   956 14476 I ActivityManager: START u0 {flg=0x10804000 cmp=com.android.systemui/.recents.RecentsActivity} from uid 10038 on display 0
10-21 15:13:10.598  1612 17679 I NetworkScheduler.Stats: (REDACTED) Task %s/%s started execution. cause:%s exec_start_elapsed_seconds: %s
10-21 15:13:10.633  1612 17653 I NetworkScheduler.Stats: (REDACTED) Task %s/%s finished executing. cause:%s result: %s elapsed_millis: %s uptime_millis: %s exec_start_elapsed_seconds: %s
10-21 15:13:10.649  2149  2149 D BoundBrokerSvc: onUnbind: Intent { act=com.google.android.gms.semanticlocationhistory.deidentifieddata.uploads.BatchDeidentifiedDataUploadService.ACTION_TASK_READY dat=chimera-action: cmp=com.google.android.gms/.chimera.GmsInternalBoundBrokerService }
10-21 15:13:10.657  1465  1465 I GoogleInputMethodServic: GoogleInputMethodService.onFinishInput():3157 
10-21 15:13:10.681  1465  1465 I GoogleInputMethodServic: GoogleInputMethodService.updateDeviceLockedStatus():2248 repeatCheckTimes = 0, locked = false
10-21 15:13:10.681  1465  1465 I GoogleInputMethodServic: GoogleInputMethodService.onStartInput():1986 onStartInput(EditorInfo{EditorInfo{packageName=com.android.systemui, inputType=0, inputTypeString=NULL, enableLearning=false, autoCorrection=false, autoComplete=false, imeOptions=0, privateImeOptions=null, actionName=UNSPECIFIED, actionLabel=null, initialSelStart=-1, initialSelEnd=-1, initialCapsMode=0, label=null, fieldId=-1, fieldName=null, extras=null, hintText=null, hintLocales=[]}}, false)
10-21 15:13:10.681  1465  1465 I GoogleInputMethodServic: GoogleInputMethodService.updateDeviceLockedStatus():2248 repeatCheckTimes = 1, locked = false
10-21 15:13:10.682  1465  1465 I AndroidIME: InputBundleManager.loadActiveInputBundleId():450 loadActiveInputBundleId: und-Latn-x-password, password
10-21 15:13:10.685   956   965 I art     : Background partial concurrent mark sweep GC freed 92381(5MB) AllocSpace objects, 5(100KB) LOS objects, 33% free, 24MB/36MB, paused 1.949ms total 146.576ms
10-21 15:13:10.722  1612 17667 I NetworkScheduler.Stats: (REDACTED) Task %s/%s finished executing. cause:%s result: %s elapsed_millis: %s uptime_millis: %s exec_start_elapsed_seconds: %s
10-21 15:13:11.195   956  1606 W GnssLocationProvider: Invalid size of GpsSvStatus found: 0.
10-21 15:13:11.278  1612  1625 I art     : Background partial concurrent mark sweep GC freed 193507(7MB) AllocSpace objects, 0(0B) LOS objects, 40% free, 20MB/34MB, paused 1.832ms total 160.552ms
10-21 15:13:11.424  1612  2060 I Auth    : (REDACTED) [GetTokenResponse] Decryption key=%s success, service=%s
10-21 15:13:11.561 17593 17628 D Snap-Debug: Calls to checkObjectForPII :40800
10-21 15:13:11.568 17593 17628 D Snapshot: InstrumentationReport(invocation_java_signature='<com.facebook.internal.AttributionIdentifiers: java.lang.String getAndroidAdvertiserId()>', invoke_id=698360, enclosing_method_name='setAppEventAttributionParameters', enclosing_class_name='Lcom/facebook/internal/Utility;', is_arg_register=False, is_return_register=True, invocation_argument_register_index=-1, is_before_invoke=False, invocation_argument_register_name='v0', invocation_argument_register_type='Ljava/lang/String;', is_static=False);[<java.lang.String .>];b91481e8-4bfc-47ce-82b6-728c3f6bff60
10-21 15:13:11.568 17593 17628 D Snapshot: InstrumentationReport(invocation_java_signature='<com.facebook.internal.AttributionIdentifiers: java.lang.String getAndroidAdvertiserId()>', invoke_id=698361, enclosing_method_name='setAppEventAttributionParameters', enclosing_class_name='Lcom/facebook/internal/Utility;', is_arg_register=False, is_return_register=True, invocation_argument_register_index=-1, is_before_invoke=False, invocation_argument_register_name='v3', invocation_argument_register_type='Ljava/lang/String;', is_static=False);[<java.lang.String .>];b91481e8-4bfc-47ce-82b6-728c3f6bff60
10-21 15:13:11.599 17593 17628 D Snap-Debug: Calls to checkObjectForPII :40900
10-21 15:13:11.615 17593 17628 D Snap-Debug: Calls to checkObjectForPII :41000
10-21 15:13:11.739 17593 17628 D Snap-Debug: Calls to checkObjectForPII :41100
10-21 15:13:11.821 17593 17628 D Snap-Debug: Calls to checkObjectForPII :41200
10-21 15:13:11.844  2149 17468 D AdvertisingIdClient: AdvertisingIdClient already created.
10-21 15:13:11.852  2149 17468 I AdvertisingIdClient: shouldSendLog -1
10-21 15:13:11.852  2149 17468 I AdvertisingIdClient: GetInfoInternal elapse 8ms
10-21 15:13:11.866  2149  2149 I AdvertisingIdClient: getting error as 17: API: ClientTelemetry.API is not available on this device. Connection failed with: ConnectionResult{statusCode=API_DISABLED, resolution=null, message=null}
10-21 15:13:11.931   956  2454 I ActivityManager: START u0 {act=android.intent.action.MAIN cat=[android.intent.category.HOME] flg=0x10200000 cmp=com.google.android.googlequicksearchbox/com.google.android.launcher.GEL} from uid 10038 on display 0
10-21 15:13:11.941  1612 17679 W NetworkScheduler: Error inserting service_kind=0 source=16 tag=Measurement.PackageMeasurementTaskService.UPLOAD_TASK_TAG target_package=com.google.android.gms requires_charging=0 source_version=244134000 required_network_type=0 flex_time=3575000 persistence_level=1 target_class=com.google.android.gms.measurement.PackageMeasurementTaskService runtime=1729541591929 retry_strategy={"maximum_backoff_seconds":{"3600":0},"initial_backoff_seconds":{"30":0},"retry_policy":{"0":0}} preferred_network_type=1 required_idleness_state=0 preferred_charging_state=1 period=7151000 last_runtime=0 task_type=0 job_id=-1 user_id=0 [CONTEXT service_id=218 ]
10-21 15:13:11.941  1612 17679 W NetworkScheduler: android.database.sqlite.SQLiteConstraintException: UNIQUE constraint failed: pending_ops.tag, pending_ops.target_class, pending_ops.target_package, pending_ops.user_id (code 2067)
10-21 15:13:11.941  1612 17679 W NetworkScheduler: 	at android.database.sqlite.SQLiteConnection.nativeExecuteForLastInsertedRowId(Native Method)
10-21 15:13:11.941  1612 17679 W NetworkScheduler: 	at android.database.sqlite.SQLiteConnection.executeForLastInsertedRowId(SQLiteConnection.java:782)
10-21 15:13:11.941  1612 17679 W NetworkScheduler: 	at android.database.sqlite.SQLiteSession.executeForLastInsertedRowId(SQLiteSession.java:788)
10-21 15:13:11.941  1612 17679 W NetworkScheduler: 	at android.database.sqlite.SQLiteStatement.executeInsert(SQLiteStatement.java:86)
10-21 15:13:11.941  1612 17679 W NetworkScheduler: 	at android.database.sqlite.SQLiteDatabase.insertWithOnConflict(SQLiteDatabase.java:1474)
10-21 15:13:11.941  1612 17679 W NetworkScheduler: 	at android.database.sqlite.SQLiteDatabase.insertOrThrow(SQLiteDatabase.java:1369)
10-21 15:13:11.941  1612 17679 W NetworkScheduler: 	at covu.d(:com.google.android.gms@244134000@24.41.34 (040300-685836814):729)
10-21 15:13:11.941  1612 17679 W NetworkScheduler: 	at cotg.n(:com.google.android.gms@244134000@24.41.34 (040300-685836814):29)
10-21 15:13:11.941  1612 17679 W NetworkScheduler: 	at cotg.u(:com.google.android.gms@244134000@24.41.34 (040300-685836814):360)
10-21 15:13:11.941  1612 17679 W NetworkScheduler: 	at cotg.h(:com.google.android.gms@244134000@24.41.34 (040300-685836814):51)
10-21 15:13:11.941  1612 17679 W NetworkScheduler: 	at conw.run(:com.google.android.gms@244134000@24.41.34 (040300-685836814):72)
10-21 15:13:11.941  1612 17679 W NetworkScheduler: 	at anzg.c(:com.google.android.gms@244134000@24.41.34 (040300-685836814):50)
10-21 15:13:11.941  1612 17679 W NetworkScheduler: 	at anzg.run(:com.google.android.gms@244134000@24.41.34 (040300-685836814):76)
10-21 15:13:11.941  1612 17679 W NetworkScheduler: 	at java.util.concurrent.ThreadPoolExecutor.runWorker(ThreadPoolExecutor.java:1133)
10-21 15:13:11.941  1612 17679 W NetworkScheduler: 	at java.util.concurrent.ThreadPoolExecutor$Worker.run(ThreadPoolExecutor.java:607)
10-21 15:13:11.941  1612 17679 W NetworkScheduler: 	at aoep.run(:com.google.android.gms@244134000@24.41.34 (040300-685836814):8)
10-21 15:13:11.941  1612 17679 W NetworkScheduler: 	at java.lang.Thread.run(Thread.java:761)
10-21 15:13:11.952 17593 17628 D Snap-Debug: Calls to checkObjectForPII :41300
10-21 15:13:11.961   956  9234 I ActivityManager: Killing 17593:ca.passportparking.mobile.passportcanada/u0a172 (adj 1001): remove task
10-21 15:13:11.964   348   348 W SurfaceFlinger: couldn't log to binary event log: overflow.
10-21 15:13:11.986  2118  2118 D PrimesStartupMeasure: Error handling StartupMeasure's onActivityResume
10-21 15:13:11.986  2118  2118 D PrimesStartupMeasure: java.lang.NullPointerException: Attempt to invoke virtual method 'android.view.ViewTreeObserver android.view.View.getViewTreeObserver()' on a null object reference
10-21 15:13:11.986  2118  2118 D PrimesStartupMeasure: 	at com.google.android.libraries.performance.primes.metrics.h.m.onActivityResumed(PG:3)
10-21 15:13:11.986  2118  2118 D PrimesStartupMeasure: 	at android.app.Application.dispatchActivityResumed(Application.java:216)
10-21 15:13:11.986  2118  2118 D PrimesStartupMeasure: 	at android.app.Activity.onResume(Activity.java:1251)
10-21 15:13:11.986  2118  2118 D PrimesStartupMeasure: 	at com.android.launcher3.Launcher.onResume(PG:1)
10-21 15:13:11.986  2118  2118 D PrimesStartupMeasure: 	at android.app.Instrumentation.callActivityOnResume(Instrumentation.java:1269)
10-21 15:13:11.986  2118  2118 D PrimesStartupMeasure: 	at android.app.Activity.performResume(Activity.java:6783)
10-21 15:13:11.986  2118  2118 D PrimesStartupMeasure: 	at android.app.ActivityThread.performResumeActivity(ActivityThread.java:3406)
10-21 15:13:11.986  2118  2118 D PrimesStartupMeasure: 	at android.app.ActivityThread.handleResumeActivity(ActivityThread.java:3469)
10-21 15:13:11.986  2118  2118 D PrimesStartupMeasure: 	at android.app.ActivityThread$H.handleMessage(ActivityThread.java:1527)
10-21 15:13:11.986  2118  2118 D PrimesStartupMeasure: 	at android.os.Handler.dispatchMessage(Handler.java:102)
10-21 15:13:11.986  2118  2118 D PrimesStartupMeasure: 	at android.os.Looper.loop(Looper.java:154)
10-21 15:13:11.986  2118  2118 D PrimesStartupMeasure: 	at android.app.ActivityThread.main(ActivityThread.java:6119)
10-21 15:13:11.986  2118  2118 D PrimesStartupMeasure: 	at java.lang.reflect.Method.invoke(Native Method)
10-21 15:13:11.986  2118  2118 D PrimesStartupMeasure: 	at com.android.internal.os.ZygoteInit$MethodAndArgsCaller.run(ZygoteInit.java:886)
10-21 15:13:11.986  2118  2118 D PrimesStartupMeasure: 	at com.android.internal.os.ZygoteInit.main(ZygoteInit.java:776)
10-21 15:13:12.044   956   967 D GraphicsStats: Buffer count: 5
10-21 15:13:12.044   956  2133 D ActivityManager: cleanUpApplicationRecord -- 17593
10-21 15:13:12.045   956  2133 W ActivityManager: Scheduling restart of crashed service ca.passportparking.mobile.passportcanada/com.passportparking.mobile.pplibrary.services.GPSService in 1000ms
10-21 15:13:12.049   956  1801 I GnssLocationProvider: WakeLock acquired by sendMessage(3, 0, com.android.server.location.GnssLocationProvider$GpsRequest@818f6df)
10-21 15:13:12.051  2149  2149 D BoundBrokerSvc: onUnbind: Intent { act=com.google.android.gms.measurement.START pkg=com.google.android.gms }
10-21 15:13:12.052  1465  1465 I GoogleInputMethodServic: GoogleInputMethodService.onFinishInput():3157 
10-21 15:13:12.053  1465  1465 I GoogleInputMethodServic: GoogleInputMethodService.updateDeviceLockedStatus():2248 repeatCheckTimes = 0, locked = false
10-21 15:13:12.053   956   966 W AlarmManager: Window length 1383505805526691328ms suspiciously long; limiting to 1 hour
10-21 15:13:12.053  1465  1465 I GoogleInputMethodServic: GoogleInputMethodService.onStartInput():1986 onStartInput(EditorInfo{EditorInfo{packageName=com.google.android.googlequicksearchbox, inputType=0, inputTypeString=NULL, enableLearning=false, autoCorrection=false, autoComplete=false, imeOptions=0, privateImeOptions=null, actionName=UNSPECIFIED, actionLabel=null, initialSelStart=-1, initialSelEnd=-1, initialCapsMode=0, label=null, fieldId=-1, fieldName=null, extras=null, hintText=null, hintLocales=[]}}, false)
10-21 15:13:12.054  1465  1465 I GoogleInputMethodServic: GoogleInputMethodService.updateDeviceLockedStatus():2248 repeatCheckTimes = 1, locked = false
10-21 15:13:12.056  1465  1465 I AndroidIME: InputBundleManager.loadActiveInputBundleId():450 loadActiveInputBundleId: und-Latn-x-password, password
10-21 15:13:12.056   956   968 I GnssLocationProvider: WakeLock released by handleMessage(3, 0, com.android.server.location.GnssLocationProvider$GpsRequest@818f6df)
10-21 15:13:12.143   956  1606 W GnssLocationProvider: Invalid size of GpsSvStatus found: 0.
10-21 15:13:12.177   956  1606 V GnssLocationProvider: AGpsStatus is V3: 140
10-21 15:13:12.177   956  1606 D GnssLocationProvider: AGPS IP is v6: ::
10-21 15:13:12.177   956  1606 V GnssLocationProvider: Passing AGPS IP addr: size 16
10-21 15:13:12.178   956  1606 I GnssLocationProvider: WakeLock acquired by sendMessage(15, 2, null)
10-21 15:13:12.178   956  1438 D ConnectivityService: releasing NetworkRequest [ REQUEST id=161, legacyType=3, [ Transports: CELLULAR Capabilities: SUPL&NOT_RESTRICTED&TRUSTED&NOT_VPN] ]
10-21 15:13:12.180   956   968 I GnssLocationProvider: WakeLock released by handleMessage(15, 2, null)
10-21 15:13:12.187   956  1606 E LocSvc_eng: W/AgpsReleasedState: unrecognized event 3
10-21 15:13:12.542  2118  2352 W OpenGLRenderer: Incorrectly called buildLayer on View: ShortcutAndWidgetContainer, destroying layer...
10-21 15:13:12.542  2118  2352 W OpenGLRenderer: Incorrectly called buildLayer on View: ShortcutAndWidgetContainer, destroying layer...
10-21 15:13:13.064   956   969 I ActivityManager: Start proc 17698:ca.passportparking.mobile.passportcanada/u0a172 for service ca.passportparking.mobile.passportcanada/com.passportparking.mobile.pplibrary.services.GPSService
10-21 15:13:13.141 17698 17698 E Snap-Debug: Creating entry in thread map, Thread ID is 1
10-21 15:13:13.156 17698 17698 I MultiDex: VM with version 2.1.0 has multidex support
10-21 15:13:13.156 17698 17698 I MultiDex: install
10-21 15:13:13.156 17698 17698 I MultiDex: VM has multidex support, MultiDex support library is disabled.
10-21 15:13:13.180 17698 17698 D Snap-Debug: Calls to checkObjectForPII :100
10-21 15:13:13.193 17698 17698 D Snap-Debug: Calls to checkObjectForPII :200
10-21 15:13:13.218 17698 17698 D Snap-Debug: Calls to checkObjectForPII :300
10-21 15:13:13.240 17698 17714 E Snap-Debug: Creating entry in thread map, Thread ID is 1017
10-21 15:13:13.274 17698 17698 D Snap-Debug: Calls to checkObjectForPII :400
10-21 15:13:13.298 17698 17698 D Snap-Debug: Calls to checkObjectForPII :500
10-21 15:13:13.346 17698 17714 D Snap-Debug: Calls to checkObjectForPII :600
10-21 15:13:13.376 17698 17714 W DynamiteModule: Local module descriptor class for com.google.firebase.auth not found.
10-21 15:13:13.431 17698 17714 W DynamiteModule: Local module descriptor class for com.google.firebase.auth not found.
10-21 15:13:13.447 17698 17698 D ApplicationLoaders: ignored Vulkan layer search path /data/app/com.google.android.gms-1/lib/arm:/data/app/com.google.android.gms-1/base.apk!/lib/armeabi-v7a:/data/app/com.google.android.gms-1/split_config.en.apk!/lib/armeabi-v7a:/data/app/com.google.android.gms-1/split_config.xxxhdpi.apk!/lib/armeabi-v7a for namespace 0xb6bbf090
10-21 15:13:13.453 17698 17698 W ResourceType: ResTable_typeSpec entry count inconsistent: given 94, previously 97
10-21 15:13:13.453 17698 17698 W ResourceType: ResTable_typeSpec entry count inconsistent: given 3058, previously 3078
10-21 15:13:13.453 17698 17698 W ResourceType: ResTable_typeSpec entry count inconsistent: given 501, previously 4769
10-21 15:13:13.491  1612  2585 W ProviderHelper: Unknown dynamite feature flags
10-21 15:13:13.491  1612 17610 I GmsDebugLogger: [89] flags
10-21 15:13:13.496 17698 17698 D Snap-Debug: Calls to checkObjectForPII :700
10-21 15:13:13.497 17698 17698 I DynamiteModule: Considering local module com.google.android.gms.flags:2 and remote module com.google.android.gms.flags:0
10-21 15:13:13.497 17698 17698 I DynamiteModule: Selected local version of com.google.android.gms.flags
10-21 15:13:13.499 17698 17698 W System  : ClassLoader referenced unknown path: 
10-21 15:13:13.501 17698 17698 D ApplicationLoaders: ignored Vulkan layer search path /data/app/com.google.android.gms-1/lib/arm:/data/app/com.google.android.gms-1/base.apk!/lib/armeabi-v7a:/data/app/com.google.android.gms-1/split_config.en.apk!/lib/armeabi-v7a:/data/app/com.google.android.gms-1/split_config.xxxhdpi.apk!/lib/armeabi-v7a for namespace 0xb6bbf0d0
10-21 15:13:13.505 17698 17698 E FirebaseApp: Firebase API initialization failure.
10-21 15:13:13.505 17698 17698 E FirebaseApp: java.lang.reflect.InvocationTargetException
10-21 15:13:13.505 17698 17698 E FirebaseApp: 	at java.lang.reflect.Method.invoke(Native Method)
10-21 15:13:13.505 17698 17698 E FirebaseApp: 	at com.google.firebase.b.a(Unknown Source)
10-21 15:13:13.505 17698 17698 E FirebaseApp: 	at com.google.firebase.b.a(Unknown Source)
10-21 15:13:13.505 17698 17698 E FirebaseApp: 	at com.google.firebase.b.a(Unknown Source)
10-21 15:13:13.505 17698 17698 E FirebaseApp: 	at com.google.firebase.b.b(Unknown Source)
10-21 15:13:13.505 17698 17698 E FirebaseApp: 	at com.google.firebase.provider.FirebaseInitProvider.onCreate(Unknown Source)
10-21 15:13:13.505 17698 17698 E FirebaseApp: 	at android.content.ContentProvider.attachInfo(ContentProvider.java:1751)
10-21 15:13:13.505 17698 17698 E FirebaseApp: 	at android.content.ContentProvider.attachInfo(ContentProvider.java:1726)
10-21 15:13:13.505 17698 17698 E FirebaseApp: 	at com.google.firebase.provider.FirebaseInitProvider.attachInfo(Unknown Source)
10-21 15:13:13.505 17698 17698 E FirebaseApp: 	at android.app.ActivityThread.installProvider(ActivityThread.java:5853)
10-21 15:13:13.505 17698 17698 E FirebaseApp: 	at android.app.ActivityThread.installContentProviders(ActivityThread.java:5445)
10-21 15:13:13.505 17698 17698 E FirebaseApp: 	at android.app.ActivityThread.handleBindApplication(ActivityThread.java:5384)
10-21 15:13:13.505 17698 17698 E FirebaseApp: 	at android.app.ActivityThread.-wrap2(ActivityThread.java)
10-21 15:13:13.505 17698 17698 E FirebaseApp: 	at android.app.ActivityThread$H.handleMessage(ActivityThread.java:1545)
10-21 15:13:13.505 17698 17698 E FirebaseApp: 	at android.os.Handler.dispatchMessage(Handler.java:102)
10-21 15:13:13.505 17698 17698 E FirebaseApp: 	at android.os.Looper.loop(Looper.java:154)
10-21 15:13:13.505 17698 17698 E FirebaseApp: 	at android.app.ActivityThread.main(ActivityThread.java:6119)
10-21 15:13:13.505 17698 17698 E FirebaseApp: 	at java.lang.reflect.Method.invoke(Native Method)
10-21 15:13:13.505 17698 17698 E FirebaseApp: 	at com.android.internal.os.ZygoteInit$MethodAndArgsCaller.run(ZygoteInit.java:886)
10-21 15:13:13.505 17698 17698 E FirebaseApp: 	at com.android.internal.os.ZygoteInit.main(ZygoteInit.java:776)
10-21 15:13:13.505 17698 17698 E FirebaseApp: Caused by: java.lang.NullPointerException: Attempt to invoke virtual method 'boolean java.lang.Boolean.booleanValue()' on a null object reference
10-21 15:13:13.505 17698 17698 E FirebaseApp: 	at com.google.android.gms.flags.impl.FlagProviderImpl.getBooleanFlagValue(Unknown Source)
10-21 15:13:13.505 17698 17698 E FirebaseApp: 	at com.google.android.gms.e.amk$a.b(Unknown Source)
10-21 15:13:13.505 17698 17698 E FirebaseApp: 	at com.google.android.gms.e.amk$a.a(Unknown Source)
10-21 15:13:13.505 17698 17698 E FirebaseApp: 	at com.google.android.gms.e.amm.a(Unknown Source)
10-21 15:13:13.505 17698 17698 E FirebaseApp: 	at com.google.android.gms.e.amk.c(Unknown Source)
10-21 15:13:13.505 17698 17698 E FirebaseApp: 	at com.google.firebase.crash.FirebaseCrash.getInstance(Unknown Source)
10-21 15:13:13.505 17698 17698 E FirebaseApp: 	... 20 more
10-21 15:13:13.519 17698 17698 D Snap-Debug: Calls to checkObjectForPII :800
10-21 15:13:13.529 17698 17698 D Snap-Debug: Calls to checkObjectForPII :900
10-21 15:13:13.540 17698 17698 I FA      : App measurement is starting up, version: 9683
10-21 15:13:13.541 17698 17698 I FA      : To enable debug logging run: adb shell setprop log.tag.FA VERBOSE
10-21 15:13:13.546 17698 17698 D Snap-Debug: Calls to checkObjectForPII :1000
10-21 15:13:13.569 17698 17698 D Snap-Debug: Calls to checkObjectForPII :1100
10-21 15:13:13.570 17698 17698 I FA      : To enable faster debug mode event logging run:
10-21 15:13:13.570 17698 17698 I FA      :   adb shell setprop firebase.analytics.debug-mode ca.passportparking.mobile.passportcanada
10-21 15:13:13.629 17698 17698 I FirebaseInitProvider: FirebaseApp initialization successful
10-21 15:13:13.634 17698 17719 E Snap-Debug: Creating entry in thread map, Thread ID is 1021
10-21 15:13:13.638 17698 17698 D Snap-Debug: Calls to checkObjectForPII :1200
10-21 15:13:13.644 17698 17698 D ACRA    : ACRA is enabled for ca.passportparking.mobile.passportcanada, intializing...
10-21 15:13:13.659 17698 17698 D Snap-Debug: Calls to checkObjectForPII :1300
10-21 15:13:13.680   364   653 D audio_hw_primary: disable_audio_route: usecase(1) reset and update mixer path: low-latency-playback speaker
10-21 15:13:13.681   364   653 D audio_hw_primary: disable_snd_device: snd_device(2: speaker)
10-21 15:13:13.681 17698 17698 D Snap-Debug: Calls to checkObjectForPII :1400
10-21 15:13:13.720 17698 17698 D Snap-Debug: Calls to checkObjectForPII :1500
10-21 15:13:13.732 17698 17698 D Snap-Debug: Calls to checkObjectForPII :1600
10-21 15:13:13.742 17698 17698 D ACRA    : Looking for error files in /data/user/0/ca.passportparking.mobile.passportcanada/files
10-21 15:13:13.744 17698 17698 D Snap-Debug: Calls to checkObjectForPII :1700
10-21 15:13:13.874 17712 17712 D AndroidRuntime: >>>>>> START com.android.internal.os.RuntimeInit uid 2000 <<<<<<
10-21 15:13:13.879 17712 17712 D AndroidRuntime: CheckJNI is OFF
10-21 15:13:14.038 17698 17698 D Snap-Debug: Calls to checkObjectForPII :1800
10-21 15:13:14.055 17698 17698 D Snap-Debug: Calls to checkObjectForPII :1900
10-21 15:13:14.071 17698 17698 D Snap-Debug: Calls to checkObjectForPII :2000
10-21 15:13:14.080 17698 17698 D Snap-Debug: Calls to checkObjectForPII :2100
10-21 15:13:14.093 17698 17698 D Snap-Debug: Calls to checkObjectForPII :2200
10-21 15:13:14.108 17698 17698 D Snap-Debug: Calls to checkObjectForPII :2300
10-21 15:13:14.143 17698 17698 D Snap-Debug: Calls to checkObjectForPII :2400
10-21 15:13:14.174 17698 17698 D Snap-Debug: Calls to checkObjectForPII :2500
10-21 15:13:14.181 17698 17698 D Snap-Debug: Calls to checkObjectForPII :2600
10-21 15:13:14.188 17698 17698 D Snap-Debug: Calls to checkObjectForPII :2700
10-21 15:13:14.199 17698 17698 D Snap-Debug: Calls to checkObjectForPII :2800
10-21 15:13:14.209 17698 17698 D Snap-Debug: Calls to checkObjectForPII :2900
10-21 15:13:14.216 17698 17698 D Snap-Debug: Calls to checkObjectForPII :3000
10-21 15:13:14.228 17698 17698 D Snap-Debug: Calls to checkObjectForPII :3100
10-21 15:13:14.237 17698 17698 D Snap-Debug: Calls to checkObjectForPII :3200
10-21 15:13:14.247 17698 17698 D Snap-Debug: Calls to checkObjectForPII :3300
10-21 15:13:14.255 17698 17698 D Snap-Debug: Calls to checkObjectForPII :3400
10-21 15:13:14.263 17698 17698 D Snap-Debug: Calls to checkObjectForPII :3500
10-21 15:13:14.293 17698 17698 D Snap-Debug: Calls to checkObjectForPII :3600
10-21 15:13:14.311 17698 17698 D Snap-Debug: Calls to checkObjectForPII :3700
10-21 15:13:14.346 17698 17698 D Snap-Debug: Calls to checkObjectForPII :3800
10-21 15:13:14.358 17698 17698 D Snap-Debug: Calls to checkObjectForPII :3900
10-21 15:13:14.366 17698 17698 D Snap-Debug: Calls to checkObjectForPII :4000
10-21 15:13:14.379 17698 17698 D Snap-Debug: Calls to checkObjectForPII :4100
10-21 15:13:14.393 17698 17698 D Snap-Debug: Calls to checkObjectForPII :4200
10-21 15:13:14.405 17698 17698 D Snap-Debug: Calls to checkObjectForPII :4300
10-21 15:13:14.413 17698 17698 D Snap-Debug: Calls to checkObjectForPII :4400
10-21 15:13:14.426 17698 17698 D Snap-Debug: Calls to checkObjectForPII :4500
10-21 15:13:14.464 17698 17698 D Snap-Debug: Calls to checkObjectForPII :4600
10-21 15:13:14.474  2149  2149 D BoundBrokerSvc: onBind: Intent { act=com.google.firebase.auth.api.gms.service.START pkg=com.google.android.gms }
10-21 15:13:14.474  2149  2149 D BoundBrokerSvc: Loading bound service for intent: Intent { act=com.google.firebase.auth.api.gms.service.START pkg=com.google.android.gms }
10-21 15:13:14.500 17712 17712 D ICU     : No timezone override file found: /data/misc/zoneinfo/current/icu/icu_tzdata.dat
10-21 15:13:14.501 17698 17698 D Snap-Debug: Calls to checkObjectForPII :4700
10-21 15:13:14.507 17698 17698 D Snap-Debug: Calls to checkObjectForPII :4800
10-21 15:13:14.525 17698 17698 D Snap-Debug: Calls to checkObjectForPII :4900
10-21 15:13:14.537 17712 17712 I Radio-JNI: register_android_hardware_Radio DONE
10-21 15:13:14.539 17698 17698 D Snap-Debug: Calls to checkObjectForPII :5000
10-21 15:13:14.553 17698 17698 D Snap-Debug: Calls to checkObjectForPII :5100
10-21 15:13:14.554 17712 17712 D AndroidRuntime: Calling main entry com.android.commands.am.Am
10-21 15:13:14.557   956  2145 I ActivityManager: Force stopping ca.passportparking.mobile.passportcanada appid=10172 user=0: from pid 17712
10-21 15:13:14.557   956  2145 I ActivityManager: Killing 17698:ca.passportparking.mobile.passportcanada/u0a172 (adj 0): stop ca.passportparking.mobile.passportcanada
10-21 15:13:14.557   956  2145 D ActivityManager: cleanUpApplicationRecord -- 17698
10-21 15:13:14.558   956  2145 W ActivityManager: Scheduling restart of crashed service ca.passportparking.mobile.passportcanada/com.passportparking.mobile.pplibrary.services.GPSService in 1000ms
10-21 15:13:14.558  2149  2149 D BoundBrokerSvc: onUnbind: Intent { act=com.google.firebase.auth.api.gms.service.START pkg=com.google.android.gms }
10-21 15:13:14.559   956  2145 I ActivityManager:   Force stopping service ServiceRecord{19c1a67 u0 ca.passportparking.mobile.passportcanada/com.passportparking.mobile.pplibrary.services.GPSService}
10-21 15:13:14.560 17712 17712 D AndroidRuntime: Shutting down VM
10-21 15:13:14.567  1630  1630 D CarrierSvcBindHelper: No carrier app for: 0
10-21 15:13:14.569  2104  2104 D RegisteredNfcFServicesCache: Service unchanged, not updating
